Archive member included to satisfy reference by file (symbol)

c:/ac6/systemworkbench/plugins/fr.ac6.mcu.externaltools.arm-none.win32_1.17.0.201812190825/tools/compiler/bin/../lib/gcc/arm-none-eabi/7.3.1/../../../../arm-none-eabi/lib/thumb/v7e-m/fpv4-sp/hard\libstdc++_nano.a(atexit_arm.o)
                              Core/Src/main.o (__aeabi_atexit)
c:/ac6/systemworkbench/plugins/fr.ac6.mcu.externaltools.arm-none.win32_1.17.0.201812190825/tools/compiler/bin/../lib/gcc/arm-none-eabi/7.3.1/thumb/v7e-m/fpv4-sp/hard\libgcc.a(_aeabi_uldivmod.o)
                              Drivers/STM32F4xx_HAL_Driver/Src/stm32f4xx_hal_rcc.o (__aeabi_uldivmod)
c:/ac6/systemworkbench/plugins/fr.ac6.mcu.externaltools.arm-none.win32_1.17.0.201812190825/tools/compiler/bin/../lib/gcc/arm-none-eabi/7.3.1/thumb/v7e-m/fpv4-sp/hard\libgcc.a(_udivmoddi4.o)
                              c:/ac6/systemworkbench/plugins/fr.ac6.mcu.externaltools.arm-none.win32_1.17.0.201812190825/tools/compiler/bin/../lib/gcc/arm-none-eabi/7.3.1/thumb/v7e-m/fpv4-sp/hard\libgcc.a(_aeabi_uldivmod.o) (__udivmoddi4)
c:/ac6/systemworkbench/plugins/fr.ac6.mcu.externaltools.arm-none.win32_1.17.0.201812190825/tools/compiler/bin/../lib/gcc/arm-none-eabi/7.3.1/thumb/v7e-m/fpv4-sp/hard\libgcc.a(_dvmd_tls.o)
                              c:/ac6/systemworkbench/plugins/fr.ac6.mcu.externaltools.arm-none.win32_1.17.0.201812190825/tools/compiler/bin/../lib/gcc/arm-none-eabi/7.3.1/thumb/v7e-m/fpv4-sp/hard\libgcc.a(_aeabi_uldivmod.o) (__aeabi_ldiv0)
c:/ac6/systemworkbench/plugins/fr.ac6.mcu.externaltools.arm-none.win32_1.17.0.201812190825/tools/compiler/bin/../lib/gcc/arm-none-eabi/7.3.1/../../../../arm-none-eabi/lib/thumb/v7e-m/fpv4-sp/hard\libc_nano.a(lib_a-cxa_atexit.o)
                              c:/ac6/systemworkbench/plugins/fr.ac6.mcu.externaltools.arm-none.win32_1.17.0.201812190825/tools/compiler/bin/../lib/gcc/arm-none-eabi/7.3.1/../../../../arm-none-eabi/lib/thumb/v7e-m/fpv4-sp/hard\libstdc++_nano.a(atexit_arm.o) (__cxa_atexit)
c:/ac6/systemworkbench/plugins/fr.ac6.mcu.externaltools.arm-none.win32_1.17.0.201812190825/tools/compiler/bin/../lib/gcc/arm-none-eabi/7.3.1/../../../../arm-none-eabi/lib/thumb/v7e-m/fpv4-sp/hard\libc_nano.a(lib_a-errno.o)
                              Core/Src/syscalls.o (__errno)
c:/ac6/systemworkbench/plugins/fr.ac6.mcu.externaltools.arm-none.win32_1.17.0.201812190825/tools/compiler/bin/../lib/gcc/arm-none-eabi/7.3.1/../../../../arm-none-eabi/lib/thumb/v7e-m/fpv4-sp/hard\libc_nano.a(lib_a-exit.o)
                              c:/ac6/systemworkbench/plugins/fr.ac6.mcu.externaltools.arm-none.win32_1.17.0.201812190825/tools/compiler/bin/../lib/gcc/arm-none-eabi/7.3.1/../../../../arm-none-eabi/lib/thumb/v7e-m/fpv4-sp/hard/crt0.o (exit)
c:/ac6/systemworkbench/plugins/fr.ac6.mcu.externaltools.arm-none.win32_1.17.0.201812190825/tools/compiler/bin/../lib/gcc/arm-none-eabi/7.3.1/../../../../arm-none-eabi/lib/thumb/v7e-m/fpv4-sp/hard\libc_nano.a(lib_a-impure.o)
                              c:/ac6/systemworkbench/plugins/fr.ac6.mcu.externaltools.arm-none.win32_1.17.0.201812190825/tools/compiler/bin/../lib/gcc/arm-none-eabi/7.3.1/../../../../arm-none-eabi/lib/thumb/v7e-m/fpv4-sp/hard\libc_nano.a(lib_a-exit.o) (_global_impure_ptr)
c:/ac6/systemworkbench/plugins/fr.ac6.mcu.externaltools.arm-none.win32_1.17.0.201812190825/tools/compiler/bin/../lib/gcc/arm-none-eabi/7.3.1/../../../../arm-none-eabi/lib/thumb/v7e-m/fpv4-sp/hard\libc_nano.a(lib_a-init.o)
                              c:/ac6/systemworkbench/plugins/fr.ac6.mcu.externaltools.arm-none.win32_1.17.0.201812190825/tools/compiler/bin/../lib/gcc/arm-none-eabi/7.3.1/../../../../arm-none-eabi/lib/thumb/v7e-m/fpv4-sp/hard/crt0.o (__libc_init_array)
c:/ac6/systemworkbench/plugins/fr.ac6.mcu.externaltools.arm-none.win32_1.17.0.201812190825/tools/compiler/bin/../lib/gcc/arm-none-eabi/7.3.1/../../../../arm-none-eabi/lib/thumb/v7e-m/fpv4-sp/hard\libc_nano.a(lib_a-memset.o)
                              c:/ac6/systemworkbench/plugins/fr.ac6.mcu.externaltools.arm-none.win32_1.17.0.201812190825/tools/compiler/bin/../lib/gcc/arm-none-eabi/7.3.1/../../../../arm-none-eabi/lib/thumb/v7e-m/fpv4-sp/hard/crt0.o (memset)
c:/ac6/systemworkbench/plugins/fr.ac6.mcu.externaltools.arm-none.win32_1.17.0.201812190825/tools/compiler/bin/../lib/gcc/arm-none-eabi/7.3.1/../../../../arm-none-eabi/lib/thumb/v7e-m/fpv4-sp/hard\libc_nano.a(lib_a-on_exit_args.o)
                              c:/ac6/systemworkbench/plugins/fr.ac6.mcu.externaltools.arm-none.win32_1.17.0.201812190825/tools/compiler/bin/../lib/gcc/arm-none-eabi/7.3.1/../../../../arm-none-eabi/lib/thumb/v7e-m/fpv4-sp/hard\libc_nano.a(lib_a-cxa_atexit.o) (__on_exit_args)
c:/ac6/systemworkbench/plugins/fr.ac6.mcu.externaltools.arm-none.win32_1.17.0.201812190825/tools/compiler/bin/../lib/gcc/arm-none-eabi/7.3.1/../../../../arm-none-eabi/lib/thumb/v7e-m/fpv4-sp/hard\libc_nano.a(lib_a-setbuf.o)
[...]
Memory Configuration

Name             Origin             Length             Attributes
RAM              0x20000000         0x00020000         xrw
FLASH            0x08000000         0x00080000         xr
*default*        0x00000000         0xffffffff

Linker script and memory map

LOAD c:/ac6/systemworkbench/plugins/fr.ac6.mcu.externaltools.arm-none.win32_1.17.0.201812190825/tools/compiler/bin/../lib/gcc/arm-none-eabi/7.3.1/thumb/v7e-m/fpv4-sp/hard/crti.o
LOAD c:/ac6/systemworkbench/plugins/fr.ac6.mcu.externaltools.arm-none.win32_1.17.0.201812190825/tools/compiler/bin/../lib/gcc/arm-none-eabi/7.3.1/thumb/v7e-m/fpv4-sp/hard/crtbegin.o
LOAD c:/ac6/systemworkbench/plugins/fr.ac6.mcu.externaltools.arm-none.win32_1.17.0.201812190825/tools/compiler/bin/../lib/gcc/arm-none-eabi/7.3.1/../../../../arm-none-eabi/lib/thumb/v7e-m/fpv4-sp/hard/crt0.o
LOAD Core/Src/main.o
LOAD Core/Src/stm32f4xx_it.o
LOAD Core/Src/syscalls.o
LOAD Core/Src/system_stm32f4xx.o
LOAD Drivers/MiYALAB_STM32F446RE/ADC/Adc.o
LOAD Drivers/MiYALAB_STM32F446RE/Calculator.o
LOAD Drivers/MiYALAB_STM32F446RE/SPI/Master.o
LOAD Drivers/MiYALAB_STM32F446RE/SPI/Slave.o
LOAD Drivers/MiYALAB_STM32F446RE/TIM/Encoder.o
LOAD Drivers/MiYALAB_STM32F446RE/TIM/Pwm.o
LOAD Drivers/MiYALAB_STM32F446RE/TIM/Timer.o
LOAD Drivers/MiYALAB_STM32F446RE/USART/Uart.o
LOAD Drivers/MiYALAB_STM32F446RE/USART/UsartCommon.o
LOAD Drivers/STM32F4xx_HAL_Driver/Src/stm32f4xx_hal.o
LOAD Drivers/STM32F4xx_HAL_Driver/Src/stm32f4xx_hal_adc.o
LOAD Drivers/STM32F4xx_HAL_Driver/Src/stm32f4xx_hal_adc_ex.o
LOAD Drivers/STM32F4xx_HAL_Driver/Src/stm32f4xx_hal_can.o
LOAD Drivers/STM32F4xx_HAL_Driver/Src/stm32f4xx_hal_cec.o
LOAD Drivers/STM32F4xx_HAL_Driver/Src/stm32f4xx_hal_cortex.o
LOAD Drivers/STM32F4xx_HAL_Driver/Src/stm32f4xx_hal_crc.o
LOAD Drivers/STM32F4xx_HAL_Driver/Src/stm32f4xx_hal_cryp.o
LOAD Drivers/STM32F4xx_HAL_Driver/Src/stm32f4xx_hal_cryp_ex.o
LOAD Drivers/STM32F4xx_HAL_Driver/Src/stm32f4xx_hal_dac.o
LOAD Drivers/STM32F4xx_HAL_Driver/Src/stm32f4xx_hal_dac_ex.o
LOAD Drivers/STM32F4xx_HAL_Driver/Src/stm32f4xx_hal_dcmi.o
LOAD Drivers/STM32F4xx_HAL_Driver/Src/stm32f4xx_hal_dcmi_ex.o
LOAD Drivers/STM32F4xx_HAL_Driver/Src/stm32f4xx_hal_dfsdm.o
LOAD Drivers/STM32F4xx_HAL_Driver/Src/stm32f4xx_hal_dma.o
LOAD Drivers/STM32F4xx_HAL_Driver/Src/stm32f4xx_hal_dma2d.o
LOAD Drivers/STM32F4xx_HAL_Driver/Src/stm32f4xx_hal_dma_ex.o
LOAD Drivers/STM32F4xx_HAL_Driver/Src/stm32f4xx_hal_dsi.o
LOAD Drivers/STM32F4xx_HAL_Driver/Src/stm32f4xx_hal_eth.o
LOAD Drivers/STM32F4xx_HAL_Driver/Src/stm32f4xx_hal_exti.o
LOAD Drivers/STM32F4xx_HAL_Driver/Src/stm32f4xx_hal_flash.o
LOAD Drivers/STM32F4xx_HAL_Driver/Src/stm32f4xx_hal_flash_ex.o
LOAD Drivers/STM32F4xx_HAL_Driver/Src/stm32f4xx_hal_flash_ramfunc.o
LOAD Drivers/STM32F4xx_HAL_Driver/Src/stm32f4xx_hal_fmpi2c.o
LOAD Drivers/STM32F4xx_HAL_Driver/Src/stm32f4xx_hal_fmpi2c_ex.o
LOAD Drivers/STM32F4xx_HAL_Driver/Src/stm32f4xx_hal_fmpsmbus.o
LOAD Drivers/STM32F4xx_HAL_Driver/Src/stm32f4xx_hal_gpio.o
LOAD Drivers/STM32F4xx_HAL_Driver/Src/stm32f4xx_hal_hash.o
LOAD Drivers/STM32F4xx_HAL_Driver/Src/stm32f4xx_hal_hash_ex.o
LOAD Drivers/STM32F4xx_HAL_Driver/Src/stm32f4xx_hal_hcd.o
LOAD Drivers/STM32F4xx_HAL_Driver/Src/stm32f4xx_hal_i2c.o
LOAD Drivers/STM32F4xx_HAL_Driver/Src/stm32f4xx_hal_i2c_ex.o
LOAD Drivers/STM32F4xx_HAL_Driver/Src/stm32f4xx_hal_i2s.o
LOAD Drivers/STM32F4xx_HAL_Driver/Src/stm32f4xx_hal_i2s_ex.o
LOAD Drivers/STM32F4xx_HAL_Driver/Src/stm32f4xx_hal_irda.o
LOAD Drivers/STM32F4xx_HAL_Driver/Src/stm32f4xx_hal_iwdg.o
LOAD Drivers/STM32F4xx_HAL_Driver/Src/stm32f4xx_hal_lptim.o
LOAD Drivers/STM32F4xx_HAL_Driver/Src/stm32f4xx_hal_ltdc.o
LOAD Drivers/STM32F4xx_HAL_Driver/Src/stm32f4xx_hal_ltdc_ex.o
LOAD Drivers/STM32F4xx_HAL_Driver/Src/stm32f4xx_hal_mmc.o
LOAD Drivers/STM32F4xx_HAL_Driver/Src/stm32f4xx_hal_nand.o
LOAD Drivers/STM32F4xx_HAL_Driver/Src/stm32f4xx_hal_nor.o
LOAD Drivers/STM32F4xx_HAL_Driver/Src/stm32f4xx_hal_pccard.o
LOAD Drivers/STM32F4xx_HAL_Driver/Src/stm32f4xx_hal_pcd.o
LOAD Drivers/STM32F4xx_HAL_Driver/Src/stm32f4xx_hal_pcd_ex.o
LOAD Drivers/STM32F4xx_HAL_Driver/Src/stm32f4xx_hal_pwr.o
LOAD Drivers/STM32F4xx_HAL_Driver/Src/stm32f4xx_hal_pwr_ex.o
LOAD Drivers/STM32F4xx_HAL_Driver/Src/stm32f4xx_hal_qspi.o
LOAD Drivers/STM32F4xx_HAL_Driver/Src/stm32f4xx_hal_rcc.o
LOAD Drivers/STM32F4xx_HAL_Driver/Src/stm32f4xx_hal_rcc_ex.o
LOAD Drivers/STM32F4xx_HAL_Driver/Src/stm32f4xx_hal_rng.o
LOAD Drivers/STM32F4xx_HAL_Driver/Src/stm32f4xx_hal_rtc.o
LOAD Drivers/STM32F4xx_HAL_Driver/Src/stm32f4xx_hal_rtc_ex.o
LOAD Drivers/STM32F4xx_HAL_Driver/Src/stm32f4xx_hal_sai.o
LOAD Drivers/STM32F4xx_HAL_Driver/Src/stm32f4xx_hal_sai_ex.o
LOAD Drivers/STM32F4xx_HAL_Driver/Src/stm32f4xx_hal_sd.o
LOAD Drivers/STM32F4xx_HAL_Driver/Src/stm32f4xx_hal_sdram.o
LOAD Drivers/STM32F4xx_HAL_Driver/Src/stm32f4xx_hal_smartcard.o
LOAD Drivers/STM32F4xx_HAL_Driver/Src/stm32f4xx_hal_smbus.o
LOAD Drivers/STM32F4xx_HAL_Driver/Src/stm32f4xx_hal_spdifrx.o
LOAD Drivers/STM32F4xx_HAL_Driver/Src/stm32f4xx_hal_spi.o
LOAD Drivers/STM32F4xx_HAL_Driver/Src/stm32f4xx_hal_sram.o
LOAD Drivers/STM32F4xx_HAL_Driver/Src/stm32f4xx_hal_tim.o
LOAD Drivers/STM32F4xx_HAL_Driver/Src/stm32f4xx_hal_tim_ex.o
LOAD Drivers/STM32F4xx_HAL_Driver/Src/stm32f4xx_hal_uart.o
LOAD Drivers/STM32F4xx_HAL_Driver/Src/stm32f4xx_hal_usart.o
LOAD Drivers/STM32F4xx_HAL_Driver/Src/stm32f4xx_hal_wwdg.o
LOAD startup/startup_stm32f446xx.o
LOAD c:/ac6/systemworkbench/plugins/fr.ac6.mcu.externaltools.arm-none.win32_1.17.0.201812190825/tools/compiler/bin/../lib/gcc/arm-none-eabi/7.3.1/../../../../arm-none-eabi/lib/thumb/v7e-m/fpv4-sp/hard\libstdc++_nano.a
LOAD c:/ac6/systemworkbench/plugins/fr.ac6.mcu.externaltools.arm-none.win32_1.17.0.201812190825/tools/compiler/bin/../lib/gcc/arm-none-eabi/7.3.1/../../../../arm-none-eabi/lib/thumb/v7e-m/fpv4-sp/hard\libm.a
START GROUP
LOAD c:/ac6/systemworkbench/plugins/fr.ac6.mcu.externaltools.arm-none.win32_1.17.0.201812190825/tools/compiler/bin/../lib/gcc/arm-none-eabi/7.3.1/thumb/v7e-m/fpv4-sp/hard\libgcc.a
LOAD c:/ac6/systemworkbench/plugins/fr.ac6.mcu.externaltools.arm-none.win32_1.17.0.201812190825/tools/compiler/bin/../lib/gcc/arm-none-eabi/7.3.1/../../../../arm-none-eabi/lib/thumb/v7e-m/fpv4-sp/hard\libc_nano.a
END GROUP
START GROUP
LOAD c:/ac6/systemworkbench/plugins/fr.ac6.mcu.externaltools.arm-none.win32_1.17.0.201812190825/tools/compiler/bin/../lib/gcc/arm-none-eabi/7.3.1/thumb/v7e-m/fpv4-sp/hard\libgcc.a
LOAD c:/ac6/systemworkbench/plugins/fr.ac6.mcu.externaltools.arm-none.win32_1.17.0.201812190825/tools/compiler/bin/../lib/gcc/arm-none-eabi/7.3.1/../../../../arm-none-eabi/lib/thumb/v7e-m/fpv4-sp/hard\libc_nano.a
LOAD c:/ac6/systemworkbench/plugins/fr.ac6.mcu.externaltools.arm-none.win32_1.17.0.201812190825/tools/compiler/bin/../lib/gcc/arm-none-eabi/7.3.1/../../../../arm-none-eabi/lib/thumb/v7e-m/fpv4-sp/hard\libnosys.a
END GROUP
START GROUP
LOAD c:/ac6/systemworkbench/plugins/fr.ac6.mcu.externaltools.arm-none.win32_1.17.0.201812190825/tools/compiler/bin/../lib/gcc/arm-none-eabi/7.3.1/thumb/v7e-m/fpv4-sp/hard\libgcc.a
LOAD c:/ac6/systemworkbench/plugins/fr.ac6.mcu.externaltools.arm-none.win32_1.17.0.201812190825/tools/compiler/bin/../lib/gcc/arm-none-eabi/7.3.1/../../../../arm-none-eabi/lib/thumb/v7e-m/fpv4-sp/hard\libc_nano.a
LOAD c:/ac6/systemworkbench/plugins/fr.ac6.mcu.externaltools.arm-none.win32_1.17.0.201812190825/tools/compiler/bin/../lib/gcc/arm-none-eabi/7.3.1/../../../../arm-none-eabi/lib/thumb/v7e-m/fpv4-sp/hard\libnosys.a
END GROUP
LOAD c:/ac6/systemworkbench/plugins/fr.ac6.mcu.externaltools.arm-none.win32_1.17.0.201812190825/tools/compiler/bin/../lib/gcc/arm-none-eabi/7.3.1/thumb/v7e-m/fpv4-sp/hard/crtend.o
LOAD c:/ac6/systemworkbench/plugins/fr.ac6.mcu.externaltools.arm-none.win32_1.17.0.201812190825/tools/compiler/bin/../lib/gcc/arm-none-eabi/7.3.1/thumb/v7e-m/fpv4-sp/hard/crtn.o
                0x20020000                _estack = 0x20020000
                0x00000200                _Min_Heap_Size = 0x200
                0x00000400                _Min_Stack_Size = 0x400

.isr_vector     0x08000000      0x1c4
                0x08000000                . = ALIGN (0x4)
 *(.isr_vector)
 .isr_vector    0x08000000      0x1c4 startup/startup_stm32f446xx.o
                0x08000000                g_pfnVectors
                0x080001c4                . = ALIGN (0x4)

.text           0x080001c4     0x2408
                0x080001c4                . = ALIGN (0x4)
 *(.text)
 .text          0x080001c4       0x40 c:/ac6/systemworkbench/plugins/fr.ac6.mcu.externaltools.arm-none.win32_1.17.0.201812190825/tools/compiler/bin/../lib/gcc/arm-none-eabi/7.3.1/thumb/v7e-m/fpv4-sp/hard/crtbegin.o
 .text          0x08000204       0x30 c:/ac6/systemworkbench/plugins/fr.ac6.mcu.externaltools.arm-none.win32_1.17.0.201812190825/tools/compiler/bin/../lib/gcc/arm-none-eabi/7.3.1/thumb/v7e-m/fpv4-sp/hard\libgcc.a(_aeabi_uldivmod.o)
                0x08000204                __aeabi_uldivmod
 .text          0x08000234      0x2cc c:/ac6/systemworkbench/plugins/fr.ac6.mcu.externaltools.arm-none.win32_1.17.0.201812190825/tools/compiler/bin/../lib/gcc/arm-none-eabi/7.3.1/thumb/v7e-m/fpv4-sp/hard\libgcc.a(_udivmoddi4.o)
                0x08000234                __udivmoddi4
 .text          0x08000500        0x4 c:/ac6/systemworkbench/plugins/fr.ac6.mcu.externaltools.arm-none.win32_1.17.0.201812190825/tools/compiler/bin/../lib/gcc/arm-none-eabi/7.3.1/thumb/v7e-m/fpv4-sp/hard\libgcc.a(_dvmd_tls.o)
                0x08000500                __aeabi_idiv0
                0x08000500                __aeabi_ldiv0
 *(.text*)
 .text._Z13HardwareSetupv
                0x08000504      0x184 Core/Src/main.o
                0x08000504                HardwareSetup()
 .text.main     0x08000688       0x38 Core/Src/main.o
                0x08000688                main
 .text._ZN7MiYALAB11STM32F446RE13USART_PutCharEh
                0x080006c0       0x20 Core/Src/main.o
                0x080006c0                MiYALAB::STM32F446RE::USART_PutChar(unsigned char)
 .text._ZN7MiYALAB11STM32F446RE14USART_EchoBackEh
                0x080006e0       0x20 Core/Src/main.o
                0x080006e0                MiYALAB::STM32F446RE::USART_EchoBack(unsigned char)
 .text._ZN7MiYALAB11STM32F446RE13USART_GetCharEPh
                0x08000700       0x14 Core/Src/main.o
                0x08000700                MiYALAB::STM32F446RE::USART_GetChar(unsigned char*)
 .text._ZN7MiYALAB11MultiAccessItEC2Ev
                0x08000714        0x6 Core/Src/main.o
                0x08000714                MiYALAB::MultiAccess<unsigned short>::MultiAccess()
                0x08000714                MiYALAB::MultiAccess<unsigned short>::MultiAccess()
 *fill*         0x0800071a        0x2 
 .text._Z41__static_initialization_and_destruction_0ii
                0x0800071c       0x4c Core/Src/main.o
 .text._ZN7MiYALAB11MultiAccessItE3AddEt
                0x08000768        0x8 Core/Src/main.o
                0x08000768                MiYALAB::MultiAccess<unsigned short>::Add(unsigned short)
 .text._ZN7MiYALAB11STM32F446RE22TIM7_InterruptFunctionEv
                0x08000770       0x10 Core/Src/main.o
                0x08000770                MiYALAB::STM32F446RE::TIM7_InterruptFunction()
 .text._GLOBAL__sub_I_delayCnt
                0x08000780        0xe Core/Src/main.o
 .text.NMI_Handler
                0x0800078e        0x2 Core/Src/stm32f4xx_it.o
                0x0800078e                NMI_Handler
 .text.HardFault_Handler
                0x08000790        0x2 Core/Src/stm32f4xx_it.o
                0x08000790                HardFault_Handler
 .text.MemManage_Handler
                0x08000792        0x2 Core/Src/stm32f4xx_it.o
                0x08000792                MemManage_Handler
 .text.BusFault_Handler
                0x08000794        0x2 Core/Src/stm32f4xx_it.o
                0x08000794                BusFault_Handler
 .text.UsageFault_Handler
                0x08000796        0x2 Core/Src/stm32f4xx_it.o
                0x08000796                UsageFault_Handler
 .text.SVC_Handler
                0x08000798        0x2 Core/Src/stm32f4xx_it.o
                0x08000798                SVC_Handler
 .text.DebugMon_Handler
                0x0800079a        0x2 Core/Src/stm32f4xx_it.o
                0x0800079a                DebugMon_Handler
 .text.PendSV_Handler
                0x0800079c        0x2 Core/Src/stm32f4xx_it.o
                0x0800079c                PendSV_Handler
 .text.SysTick_Handler
                0x0800079e        0x8 Core/Src/stm32f4xx_it.o
                0x0800079e                SysTick_Handler
 .text._read    0x080007a6       0x1c Core/Src/syscalls.o
                0x080007a6                _read
 .text._write   0x080007c2       0x1c Core/Src/syscalls.o
                0x080007c2                _write
 *fill*         0x080007de        0x2 
 .text._sbrk    0x080007e0       0x3c Core/Src/syscalls.o
                0x080007e0                _sbrk
 .text._close   0x0800081c        0x6 Core/Src/syscalls.o
                0x0800081c                _close
 .text._fstat   0x08000822        0xa Core/Src/syscalls.o
                0x08000822                _fstat
 .text._lseek   0x0800082c        0x4 Core/Src/syscalls.o
                0x0800082c                _lseek
 .text.SystemInit
                0x08000830       0x1c Core/Src/system_stm32f4xx.o
                0x08000830                SystemInit
 .text._ZN7MiYALAB11STM32F446RE22TIM6_InterruptFunctionEv
                0x0800084c        0x2 Drivers/MiYALAB_STM32F446RE/TIM/Timer.o
                0x0800084c                MiYALAB::STM32F446RE::TIM6_InterruptFunction()
 *fill*         0x0800084e        0x2 
 .text.TIM6_DAC_IRQHandler
                0x08000850       0x14 Drivers/MiYALAB_STM32F446RE/TIM/Timer.o
                0x08000850                TIM6_DAC_IRQHandler
 .text._ZN7MiYALAB11STM32F446RE14TIM7_TimerModeD2Ev
                0x08000864       0x30 Drivers/MiYALAB_STM32F446RE/TIM/Timer.o
                0x08000864                MiYALAB::STM32F446RE::TIM7_TimerMode::~TIM7_TimerMode()
                0x08000864                MiYALAB::STM32F446RE::TIM7_TimerMode::~TIM7_TimerMode()
 .text._ZN7MiYALAB11STM32F446RE14TIM7_TimerMode4InitEtt
                0x08000894       0x84 Drivers/MiYALAB_STM32F446RE/TIM/Timer.o
                0x08000894                MiYALAB::STM32F446RE::TIM7_TimerMode::Init(unsigned short, unsigned short)
 .text.TIM7_IRQHandler
                0x08000918       0x14 Drivers/MiYALAB_STM32F446RE/TIM/Timer.o
                0x08000918                TIM7_IRQHandler
 .text._ZN7MiYALAB11STM32F446RE14USART_UartMode4InitEmmmm
                0x0800092c       0x24 Drivers/MiYALAB_STM32F446RE/USART/Uart.o
                0x0800092c                MiYALAB::STM32F446RE::USART_UartMode::Init(unsigned long, unsigned long, unsigned long, unsigned long)
 .text._ZN7MiYALAB11STM32F446RE15USART2_UartModeC2Ev
                0x08000950       0x2c Drivers/MiYALAB_STM32F446RE/USART/Uart.o
                0x08000950                MiYALAB::STM32F446RE::USART2_UartMode::USART2_UartMode()
                0x08000950                MiYALAB::STM32F446RE::USART2_UartMode::USART2_UartMode()
 .text._ZN7MiYALAB11STM32F446RE15USART2_UartModeD2Ev
                0x0800097c       0x1c Drivers/MiYALAB_STM32F446RE/USART/Uart.o
                0x0800097c                MiYALAB::STM32F446RE::USART2_UartMode::~USART2_UartMode()
                0x0800097c                MiYALAB::STM32F446RE::USART2_UartMode::~USART2_UartMode()
 .text._ZN7MiYALAB11STM32F446RE15USART2_UartMode6EnableEv
                0x08000998       0x48 Drivers/MiYALAB_STM32F446RE/USART/Uart.o
                0x08000998                MiYALAB::STM32F446RE::USART2_UartMode::Enable()
 .text._ZN7MiYALAB11STM32F446RE17USART_stdioEnableEv
                0x080009e0       0x20 Drivers/MiYALAB_STM32F446RE/USART/UsartCommon.o
                0x080009e0                MiYALAB::STM32F446RE::USART_stdioEnable()
 .text.__io_putchar
                0x08000a00        0x8 Drivers/MiYALAB_STM32F446RE/USART/UsartCommon.o
                0x08000a00                __io_putchar
 .text.__io_getchar
                0x08000a08       0x24 Drivers/MiYALAB_STM32F446RE/USART/UsartCommon.o
                0x08000a08                __io_getchar
 .text.HAL_MspInit
                0x08000a2c        0x2 Drivers/STM32F4xx_HAL_Driver/Src/stm32f4xx_hal.o
                0x08000a2c                HAL_MspInit
 *fill*         0x08000a2e        0x2 
 .text.HAL_InitTick
                0x08000a30       0x48 Drivers/STM32F4xx_HAL_Driver/Src/stm32f4xx_hal.o
                0x08000a30                HAL_InitTick
 .text.HAL_Init
                0x08000a78       0x34 Drivers/STM32F4xx_HAL_Driver/Src/stm32f4xx_hal.o
                0x08000a78                HAL_Init
 .text.HAL_IncTick
                0x08000aac       0x18 Drivers/STM32F4xx_HAL_Driver/Src/stm32f4xx_hal.o
                0x08000aac                HAL_IncTick
 .text.HAL_GetTick
                0x08000ac4        0xc Drivers/STM32F4xx_HAL_Driver/Src/stm32f4xx_hal.o
                0x08000ac4                HAL_GetTick
 .text.HAL_NVIC_SetPriorityGrouping
                0x08000ad0       0x24 Drivers/STM32F4xx_HAL_Driver/Src/stm32f4xx_hal_cortex.o
                0x08000ad0                HAL_NVIC_SetPriorityGrouping
 .text.HAL_NVIC_SetPriority
                0x08000af4       0x68 Drivers/STM32F4xx_HAL_Driver/Src/stm32f4xx_hal_cortex.o
                0x08000af4                HAL_NVIC_SetPriority
 .text.HAL_NVIC_EnableIRQ
                0x08000b5c       0x1c Drivers/STM32F4xx_HAL_Driver/Src/stm32f4xx_hal_cortex.o
                0x08000b5c                HAL_NVIC_EnableIRQ
 .text.HAL_NVIC_DisableIRQ
                0x08000b78       0x24 Drivers/STM32F4xx_HAL_Driver/Src/stm32f4xx_hal_cortex.o
                0x08000b78                HAL_NVIC_DisableIRQ
 .text.HAL_SYSTICK_Config
                0x08000b9c       0x2c Drivers/STM32F4xx_HAL_Driver/Src/stm32f4xx_hal_cortex.o
                0x08000b9c                HAL_SYSTICK_Config
 .text.HAL_GPIO_Init
                0x08000bc8      0x1bc Drivers/STM32F4xx_HAL_Driver/Src/stm32f4xx_hal_gpio.o
                0x08000bc8                HAL_GPIO_Init
 .text.HAL_GPIO_WritePin
                0x08000d84        0xc Drivers/STM32F4xx_HAL_Driver/Src/stm32f4xx_hal_gpio.o
                0x08000d84                HAL_GPIO_WritePin
 .text.HAL_PWREx_EnableOverDrive
                0x08000d90       0x80 Drivers/STM32F4xx_HAL_Driver/Src/stm32f4xx_hal_pwr_ex.o
                0x08000d90                HAL_PWREx_EnableOverDrive
 .text.HAL_RCC_ClockConfig
                0x08000e10      0x160 Drivers/STM32F4xx_HAL_Driver/Src/stm32f4xx_hal_rcc.o
                0x08000e10                HAL_RCC_ClockConfig
 .text.HAL_RCC_GetHCLKFreq
                0x08000f70        0xc Drivers/STM32F4xx_HAL_Driver/Src/stm32f4xx_hal_rcc.o
                0x08000f70                HAL_RCC_GetHCLKFreq
 .text.HAL_RCC_GetPCLK1Freq
                0x08000f7c       0x20 Drivers/STM32F4xx_HAL_Driver/Src/stm32f4xx_hal_rcc.o
                0x08000f7c                HAL_RCC_GetPCLK1Freq
 .text.HAL_RCC_GetPCLK2Freq
                0x08000f9c       0x20 Drivers/STM32F4xx_HAL_Driver/Src/stm32f4xx_hal_rcc.o
                0x08000f9c                HAL_RCC_GetPCLK2Freq
 .text.HAL_RCC_GetSysClockFreq
                0x08000fbc      0x184 Drivers/STM32F4xx_HAL_Driver/Src/stm32f4xx_hal_rcc_ex.o
                0x08000fbc                HAL_RCC_GetSysClockFreq
 .text.HAL_RCC_OscConfig
                0x08001140      0x3c4 Drivers/STM32F4xx_HAL_Driver/Src/stm32f4xx_hal_rcc_ex.o
                0x08001140                HAL_RCC_OscConfig
 .text.HAL_TIM_Base_MspInit
                0x08001504        0x2 Drivers/STM32F4xx_HAL_Driver/Src/stm32f4xx_hal_tim.o
                0x08001504                HAL_TIM_Base_MspInit
 .text.HAL_TIM_Base_MspDeInit
                0x08001506        0x2 Drivers/STM32F4xx_HAL_Driver/Src/stm32f4xx_hal_tim.o
                0x08001506                HAL_TIM_Base_MspDeInit
 .text.HAL_TIM_Base_DeInit
                0x08001508       0x3a Drivers/STM32F4xx_HAL_Driver/Src/stm32f4xx_hal_tim.o
                0x08001508                HAL_TIM_Base_DeInit
 .text.HAL_TIM_Base_Start_IT
                0x08001542       0x22 Drivers/STM32F4xx_HAL_Driver/Src/stm32f4xx_hal_tim.o
                0x08001542                HAL_TIM_Base_Start_IT
 .text.HAL_TIM_Base_Stop_IT
                0x08001564       0x2c Drivers/STM32F4xx_HAL_Driver/Src/stm32f4xx_hal_tim.o
                0x08001564                HAL_TIM_Base_Stop_IT
 .text.HAL_TIM_PeriodElapsedCallback
                0x08001590        0x2 Drivers/STM32F4xx_HAL_Driver/Src/stm32f4xx_hal_tim.o
                0x08001590                HAL_TIM_PeriodElapsedCallback
 .text.HAL_TIM_OC_DelayElapsedCallback
                0x08001592        0x2 Drivers/STM32F4xx_HAL_Driver/Src/stm32f4xx_hal_tim.o
                0x08001592                HAL_TIM_OC_DelayElapsedCallback
 .text.HAL_TIM_IC_CaptureCallback
                0x08001594        0x2 Drivers/STM32F4xx_HAL_Driver/Src/stm32f4xx_hal_tim.o
                0x08001594                HAL_TIM_IC_CaptureCallback
 .text.HAL_TIM_PWM_PulseFinishedCallback
                0x08001596        0x2 Drivers/STM32F4xx_HAL_Driver/Src/stm32f4xx_hal_tim.o
                0x08001596                HAL_TIM_PWM_PulseFinishedCallback
 .text.HAL_TIM_TriggerCallback
                0x08001598        0x2 Drivers/STM32F4xx_HAL_Driver/Src/stm32f4xx_hal_tim.o
                0x08001598                HAL_TIM_TriggerCallback
 .text.HAL_TIM_IRQHandler
                0x0800159a      0x17a Drivers/STM32F4xx_HAL_Driver/Src/stm32f4xx_hal_tim.o
                0x0800159a                HAL_TIM_IRQHandler
 .text.TIM_Base_SetConfig
                0x08001714       0xc8 Drivers/STM32F4xx_HAL_Driver/Src/stm32f4xx_hal_tim.o
                0x08001714                TIM_Base_SetConfig
 .text.HAL_TIM_Base_Init
                0x080017dc       0x32 Drivers/STM32F4xx_HAL_Driver/Src/stm32f4xx_hal_tim.o
                0x080017dc                HAL_TIM_Base_Init
 *fill*         0x0800180e        0x2 
 .text.HAL_TIMEx_MasterConfigSynchronization
                0x08001810       0x88 Drivers/STM32F4xx_HAL_Driver/Src/stm32f4xx_hal_tim_ex.o
                0x08001810                HAL_TIMEx_MasterConfigSynchronization
 .text.HAL_TIMEx_CommutCallback
                0x08001898        0x2 Drivers/STM32F4xx_HAL_Driver/Src/stm32f4xx_hal_tim_ex.o
                0x08001898                HAL_TIMEx_CommutCallback
 .text.HAL_TIMEx_BreakCallback
                0x0800189a        0x2 Drivers/STM32F4xx_HAL_Driver/Src/stm32f4xx_hal_tim_ex.o
                0x0800189a                HAL_TIMEx_BreakCallback
 .text.UART_SetConfig
                0x0800189c      0x218 Drivers/STM32F4xx_HAL_Driver/Src/stm32f4xx_hal_uart.o
 .text.UART_WaitOnFlagUntilTimeout
                0x08001ab4       0x62 Drivers/STM32F4xx_HAL_Driver/Src/stm32f4xx_hal_uart.o
 .text.HAL_UART_MspInit
                0x08001b16        0x2 Drivers/STM32F4xx_HAL_Driver/Src/stm32f4xx_hal_uart.o
                0x08001b16                HAL_UART_MspInit
 .text.HAL_UART_Init
                0x08001b18       0x5e Drivers/STM32F4xx_HAL_Driver/Src/stm32f4xx_hal_uart.o
                0x08001b18                HAL_UART_Init
 .text.HAL_UART_MspDeInit
                0x08001b76        0x2 Drivers/STM32F4xx_HAL_Driver/Src/stm32f4xx_hal_uart.o
                0x08001b76                HAL_UART_MspDeInit
 .text.HAL_UART_DeInit
                0x08001b78       0x30 Drivers/STM32F4xx_HAL_Driver/Src/stm32f4xx_hal_uart.o
                0x08001b78                HAL_UART_DeInit
 .text.HAL_UART_Transmit
                0x08001ba8       0xe2 Drivers/STM32F4xx_HAL_Driver/Src/stm32f4xx_hal_uart.o
                0x08001ba8                HAL_UART_Transmit
 .text.HAL_UART_Receive
                0x08001c8a       0xe8 Drivers/STM32F4xx_HAL_Driver/Src/stm32f4xx_hal_uart.o
                0x08001c8a                HAL_UART_Receive
 *fill*         0x08001d72        0x2 
 .text.Reset_Handler
                0x08001d74       0x50 startup/startup_stm32f446xx.o
                0x08001d74                Reset_Handler
 .text.Default_Handler
                0x08001dc4        0x2 startup/startup_stm32f446xx.o
                0x08001dc4                RTC_Alarm_IRQHandler
                0x08001dc4                EXTI2_IRQHandler
                0x08001dc4                TIM8_CC_IRQHandler
                0x08001dc4                FMPI2C1_EV_IRQHandler
                0x08001dc4                SPI4_IRQHandler
                0x08001dc4                TIM1_CC_IRQHandler
                0x08001dc4                DMA2_Stream5_IRQHandler
                0x08001dc4                DMA1_Stream5_IRQHandler
                0x08001dc4                PVD_IRQHandler
                0x08001dc4                SDIO_IRQHandler
                0x08001dc4                TAMP_STAMP_IRQHandler
                0x08001dc4                CAN2_RX1_IRQHandler
                0x08001dc4                EXTI3_IRQHandler
                0x08001dc4                TIM8_TRG_COM_TIM14_IRQHandler
                0x08001dc4                TIM1_UP_TIM10_IRQHandler
                0x08001dc4                TIM8_UP_TIM13_IRQHandler
                0x08001dc4                I2C3_ER_IRQHandler
                0x08001dc4                EXTI0_IRQHandler
                0x08001dc4                I2C2_EV_IRQHandler
                0x08001dc4                DMA1_Stream2_IRQHandler
                0x08001dc4                CAN1_RX0_IRQHandler
                0x08001dc4                FPU_IRQHandler
                0x08001dc4                OTG_HS_WKUP_IRQHandler
                0x08001dc4                CAN2_SCE_IRQHandler
                0x08001dc4                DMA2_Stream2_IRQHandler
                0x08001dc4                SPI1_IRQHandler
                0x08001dc4                TIM1_BRK_TIM9_IRQHandler
                0x08001dc4                DCMI_IRQHandler
                0x08001dc4                CAN2_RX0_IRQHandler
                0x08001dc4                DMA2_Stream3_IRQHandler
                0x08001dc4                SAI2_IRQHandler
                0x08001dc4                USART6_IRQHandler
                0x08001dc4                USART3_IRQHandler
                0x08001dc4                CAN1_RX1_IRQHandler
                0x08001dc4                UART5_IRQHandler
                0x08001dc4                DMA2_Stream0_IRQHandler
                0x08001dc4                TIM4_IRQHandler
                0x08001dc4                QUADSPI_IRQHandler
                0x08001dc4                I2C1_EV_IRQHandler
                0x08001dc4                DMA1_Stream6_IRQHandler
                0x08001dc4                DMA1_Stream1_IRQHandler
                0x08001dc4                UART4_IRQHandler
                0x08001dc4                TIM3_IRQHandler
                0x08001dc4                RCC_IRQHandler
                0x08001dc4                TIM8_BRK_TIM12_IRQHandler
                0x08001dc4                Default_Handler
                0x08001dc4                CEC_IRQHandler
                0x08001dc4                EXTI15_10_IRQHandler
                0x08001dc4                ADC_IRQHandler
                0x08001dc4                DMA1_Stream7_IRQHandler
                0x08001dc4                CAN2_TX_IRQHandler
                0x08001dc4                TIM5_IRQHandler
                0x08001dc4                DMA2_Stream7_IRQHandler
                0x08001dc4                I2C3_EV_IRQHandler
                0x08001dc4                EXTI9_5_IRQHandler
                0x08001dc4                RTC_WKUP_IRQHandler
                0x08001dc4                SPDIF_RX_IRQHandler
                0x08001dc4                SPI2_IRQHandler
                0x08001dc4                OTG_HS_EP1_IN_IRQHandler
                0x08001dc4                DMA1_Stream0_IRQHandler
                0x08001dc4                CAN1_TX_IRQHandler
                0x08001dc4                FMPI2C1_ER_IRQHandler
                0x08001dc4                EXTI4_IRQHandler
                0x08001dc4                OTG_HS_EP1_OUT_IRQHandler
                0x08001dc4                WWDG_IRQHandler
                0x08001dc4                TIM2_IRQHandler
                0x08001dc4                OTG_FS_WKUP_IRQHandler
                0x08001dc4                TIM1_TRG_COM_TIM11_IRQHandler
                0x08001dc4                OTG_HS_IRQHandler
                0x08001dc4                EXTI1_IRQHandler
                0x08001dc4                USART2_IRQHandler
                0x08001dc4                I2C2_ER_IRQHandler
                0x08001dc4                DMA2_Stream1_IRQHandler
                0x08001dc4                CAN1_SCE_IRQHandler
                0x08001dc4                FLASH_IRQHandler
                0x08001dc4                DMA2_Stream4_IRQHandler
                0x08001dc4                USART1_IRQHandler
                0x08001dc4                OTG_FS_IRQHandler
                0x08001dc4                SPI3_IRQHandler
                0x08001dc4                DMA1_Stream4_IRQHandler
                0x08001dc4                I2C1_ER_IRQHandler
                0x08001dc4                FMC_IRQHandler
                0x08001dc4                DMA2_Stream6_IRQHandler
                0x08001dc4                SAI1_IRQHandler
                0x08001dc4                DMA1_Stream3_IRQHandler
 .text.__aeabi_atexit
                0x08001dc6        0xa c:/ac6/systemworkbench/plugins/fr.ac6.mcu.externaltools.arm-none.win32_1.17.0.201812190825/tools/compiler/bin/../lib/gcc/arm-none-eabi/7.3.1/../../../../arm-none-eabi/lib/thumb/v7e-m/fpv4-sp/hard\libstdc++_nano.a(atexit_arm.o)
                0x08001dc6                __aeabi_atexit
 .text.__cxa_atexit
                0x08001dd0       0x1c c:/ac6/systemworkbench/plugins/fr.ac6.mcu.externaltools.arm-none.win32_1.17.0.201812190825/tools/compiler/bin/../lib/gcc/arm-none-eabi/7.3.1/../../../../arm-none-eabi/lib/thumb/v7e-m/fpv4-sp/hard\libc_nano.a(lib_a-cxa_atexit.o)
                0x08001dd0                __cxa_atexit
 .text.__errno  0x08001dec        0xc c:/ac6/systemworkbench/plugins/fr.ac6.mcu.externaltools.arm-none.win32_1.17.0.201812190825/tools/compiler/bin/../lib/gcc/arm-none-eabi/7.3.1/../../../../arm-none-eabi/lib/thumb/v7e-m/fpv4-sp/hard\libc_nano.a(lib_a-errno.o)
                0x08001dec                __errno
 .text.__libc_init_array
                0x08001df8       0x48 c:/ac6/systemworkbench/plugins/fr.ac6.mcu.externaltools.arm-none.win32_1.17.0.201812190825/tools/compiler/bin/../lib/gcc/arm-none-eabi/7.3.1/../../../../arm-none-eabi/lib/thumb/v7e-m/fpv4-sp/hard\libc_nano.a(lib_a-init.o)
                0x08001df8                __libc_init_array
 .text.memset   0x08001e40       0x10 c:/ac6/systemworkbench/plugins/fr.ac6.mcu.externaltools.arm-none.win32_1.17.0.201812190825/tools/compiler/bin/../lib/gcc/arm-none-eabi/7.3.1/../../../../arm-none-eabi/lib/thumb/v7e-m/fpv4-sp/hard\libc_nano.a(lib_a-memset.o)
                0x08001e40                memset
 .text.setbuf   0x08001e50       0x10 c:/ac6/systemworkbench/plugins/fr.ac6.mcu.externaltools.arm-none.win32_1.17.0.201812190825/tools/compiler/bin/../lib/gcc/arm-none-eabi/7.3.1/../../../../arm-none-eabi/lib/thumb/v7e-m/fpv4-sp/hard\libc_nano.a(lib_a-setbuf.o)
                0x08001e50                setbuf
 .text.setvbuf  0x08001e60      0x15c c:/ac6/systemworkbench/plugins/fr.ac6.mcu.externaltools.arm-none.win32_1.17.0.201812190825/tools/compiler/bin/../lib/gcc/arm-none-eabi/7.3.1/../../../../arm-none-eabi/lib/thumb/v7e-m/fpv4-sp/hard\libc_nano.a(lib_a-setvbuf.o)
                0x08001e60                setvbuf
 .text.__sflush_r
                0x08001fbc      0x10c c:/ac6/systemworkbench/plugins/fr.ac6.mcu.externaltools.arm-none.win32_1.17.0.201812190825/tools/compiler/bin/../lib/gcc/arm-none-eabi/7.3.1/../../../../arm-none-eabi/lib/thumb/v7e-m/fpv4-sp/hard\libc_nano.a(lib_a-fflush.o)
                0x08001fbc                __sflush_r
 .text._fflush_r
                0x080020c8       0x54 c:/ac6/systemworkbench/plugins/fr.ac6.mcu.externaltools.arm-none.win32_1.17.0.201812190825/tools/compiler/bin/../lib/gcc/arm-none-eabi/7.3.1/../../../../arm-none-eabi/lib/thumb/v7e-m/fpv4-sp/hard\libc_nano.a(lib_a-fflush.o)
                0x080020c8                _fflush_r
 .text.std      0x0800211c       0x48 c:/ac6/systemworkbench/plugins/fr.ac6.mcu.externaltools.arm-none.win32_1.17.0.201812190825/tools/compiler/bin/../lib/gcc/arm-none-eabi/7.3.1/../../../../arm-none-eabi/lib/thumb/v7e-m/fpv4-sp/hard\libc_nano.a(lib_a-findfp.o)
 .text._cleanup_r
                0x08002164        0xc c:/ac6/systemworkbench/plugins/fr.ac6.mcu.externaltools.arm-none.win32_1.17.0.201812190825/tools/compiler/bin/../lib/gcc/arm-none-eabi/7.3.1/../../../../arm-none-eabi/lib/thumb/v7e-m/fpv4-sp/hard\libc_nano.a(lib_a-findfp.o)
                0x08002164                _cleanup_r
 .text.__sfmoreglue
                0x08002170       0x2c c:/ac6/systemworkbench/plugins/fr.ac6.mcu.externaltools.arm-none.win32_1.17.0.201812190825/tools/compiler/bin/../lib/gcc/arm-none-eabi/7.3.1/../../../../arm-none-eabi/lib/thumb/v7e-m/fpv4-sp/hard\libc_nano.a(lib_a-findfp.o)
                0x08002170                __sfmoreglue
 .text.__sinit  0x0800219c       0x60 c:/ac6/systemworkbench/plugins/fr.ac6.mcu.externaltools.arm-none.win32_1.17.0.201812190825/tools/compiler/bin/../lib/gcc/arm-none-eabi/7.3.1/../../../../arm-none-eabi/lib/thumb/v7e-m/fpv4-sp/hard\libc_nano.a(lib_a-findfp.o)
                0x0800219c                __sinit
 .text.__sfp    0x080021fc       0x78 c:/ac6/systemworkbench/plugins/fr.ac6.mcu.externaltools.arm-none.win32_1.17.0.201812190825/tools/compiler/bin/../lib/gcc/arm-none-eabi/7.3.1/../../../../arm-none-eabi/lib/thumb/v7e-m/fpv4-sp/hard\libc_nano.a(lib_a-findfp.o)
                0x080021fc                __sfp
 .text._fwalk_reent
                0x08002274       0x3c c:/ac6/systemworkbench/plugins/fr.ac6.mcu.externaltools.arm-none.win32_1.17.0.201812190825/tools/compiler/bin/../lib/gcc/arm-none-eabi/7.3.1/../../../../arm-none-eabi/lib/thumb/v7e-m/fpv4-sp/hard\libc_nano.a(lib_a-fwalk.o)
                0x08002274                _fwalk_reent
 .text.__swhatbuf_r
                0x080022b0       0x48 c:/ac6/systemworkbench/plugins/fr.ac6.mcu.externaltools.arm-none.win32_1.17.0.201812190825/tools/compiler/bin/../lib/gcc/arm-none-eabi/7.3.1/../../../../arm-none-eabi/lib/thumb/v7e-m/fpv4-sp/hard\libc_nano.a(lib_a-makebuf.o)
                0x080022b0                __swhatbuf_r
 .text.malloc   0x080022f8       0x10 c:/ac6/systemworkbench/plugins/fr.ac6.mcu.externaltools.arm-none.win32_1.17.0.201812190825/tools/compiler/bin/../lib/gcc/arm-none-eabi/7.3.1/../../../../arm-none-eabi/lib/thumb/v7e-m/fpv4-sp/hard\libc_nano.a(lib_a-malloc.o)
                0x080022f8                malloc
 .text._free_r  0x08002308       0x9c c:/ac6/systemworkbench/plugins/fr.ac6.mcu.externaltools.arm-none.win32_1.17.0.201812190825/tools/compiler/bin/../lib/gcc/arm-none-eabi/7.3.1/../../../../arm-none-eabi/lib/thumb/v7e-m/fpv4-sp/hard\libc_nano.a(lib_a-nano-freer.o)
                0x08002308                _free_r
 .text._malloc_r
                0x080023a4       0xb4 c:/ac6/systemworkbench/plugins/fr.ac6.mcu.externaltools.arm-none.win32_1.17.0.201812190825/tools/compiler/bin/../lib/gcc/arm-none-eabi/7.3.1/../../../../arm-none-eabi/lib/thumb/v7e-m/fpv4-sp/hard\libc_nano.a(lib_a-nano-mallocr.o)
                0x080023a4                _malloc_r
 .text._sbrk_r  0x08002458       0x20 c:/ac6/systemworkbench/plugins/fr.ac6.mcu.externaltools.arm-none.win32_1.17.0.201812190825/tools/compiler/bin/../lib/gcc/arm-none-eabi/7.3.1/../../../../arm-none-eabi/lib/thumb/v7e-m/fpv4-sp/hard\libc_nano.a(lib_a-sbrkr.o)
                0x08002458                _sbrk_r
 .text.__sread  0x08002478       0x22 c:/ac6/systemworkbench/plugins/fr.ac6.mcu.externaltools.arm-none.win32_1.17.0.201812190825/tools/compiler/bin/../lib/gcc/arm-none-eabi/7.3.1/../../../../arm-none-eabi/lib/thumb/v7e-m/fpv4-sp/hard\libc_nano.a(lib_a-stdio.o)
                0x08002478                __sread
 .text.__swrite
                0x0800249a       0x38 c:/ac6/systemworkbench/plugins/fr.ac6.mcu.externaltools.arm-none.win32_1.17.0.201812190825/tools/compiler/bin/../lib/gcc/arm-none-eabi/7.3.1/../../../../arm-none-eabi/lib/thumb/v7e-m/fpv4-sp/hard\libc_nano.a(lib_a-stdio.o)
                0x0800249a                __swrite
 .text.__sseek  0x080024d2       0x24 c:/ac6/systemworkbench/plugins/fr.ac6.mcu.externaltools.arm-none.win32_1.17.0.201812190825/tools/compiler/bin/../lib/gcc/arm-none-eabi/7.3.1/../../../../arm-none-eabi/lib/thumb/v7e-m/fpv4-sp/hard\libc_nano.a(lib_a-stdio.o)
                0x080024d2                __sseek
 .text.__sclose
                0x080024f6        0x8 c:/ac6/systemworkbench/plugins/fr.ac6.mcu.externaltools.arm-none.win32_1.17.0.201812190825/tools/compiler/bin/../lib/gcc/arm-none-eabi/7.3.1/../../../../arm-none-eabi/lib/thumb/v7e-m/fpv4-sp/hard\libc_nano.a(lib_a-stdio.o)
                0x080024f6                __sclose
 *fill*         0x080024fe        0x2 
 .text._write_r
                0x08002500       0x24 c:/ac6/systemworkbench/plugins/fr.ac6.mcu.externaltools.arm-none.win32_1.17.0.201812190825/tools/compiler/bin/../lib/gcc/arm-none-eabi/7.3.1/../../../../arm-none-eabi/lib/thumb/v7e-m/fpv4-sp/hard\libc_nano.a(lib_a-writer.o)
                0x08002500                _write_r
 .text._close_r
                0x08002524       0x20 c:/ac6/systemworkbench/plugins/fr.ac6.mcu.externaltools.arm-none.win32_1.17.0.201812190825/tools/compiler/bin/../lib/gcc/arm-none-eabi/7.3.1/../../../../arm-none-eabi/lib/thumb/v7e-m/fpv4-sp/hard\libc_nano.a(lib_a-closer.o)
                0x08002524                _close_r
 .text._fstat_r
                0x08002544       0x24 c:/ac6/systemworkbench/plugins/fr.ac6.mcu.externaltools.arm-none.win32_1.17.0.201812190825/tools/compiler/bin/../lib/gcc/arm-none-eabi/7.3.1/../../../../arm-none-eabi/lib/thumb/v7e-m/fpv4-sp/hard\libc_nano.a(lib_a-fstatr.o)
                0x08002544                _fstat_r
 .text._lseek_r
                0x08002568       0x24 c:/ac6/systemworkbench/plugins/fr.ac6.mcu.externaltools.arm-none.win32_1.17.0.201812190825/tools/compiler/bin/../lib/gcc/arm-none-eabi/7.3.1/../../../../arm-none-eabi/lib/thumb/v7e-m/fpv4-sp/hard\libc_nano.a(lib_a-lseekr.o)
                0x08002568                _lseek_r
 .text.__malloc_lock
                0x0800258c        0x2 c:/ac6/systemworkbench/plugins/fr.ac6.mcu.externaltools.arm-none.win32_1.17.0.201812190825/tools/compiler/bin/../lib/gcc/arm-none-eabi/7.3.1/../../../../arm-none-eabi/lib/thumb/v7e-m/fpv4-sp/hard\libc_nano.a(lib_a-mlock.o)
                0x0800258c                __malloc_lock
 .text.__malloc_unlock
                0x0800258e        0x2 c:/ac6/systemworkbench/plugins/fr.ac6.mcu.externaltools.arm-none.win32_1.17.0.201812190825/tools/compiler/bin/../lib/gcc/arm-none-eabi/7.3.1/../../../../arm-none-eabi/lib/thumb/v7e-m/fpv4-sp/hard\libc_nano.a(lib_a-mlock.o)
                0x0800258e                __malloc_unlock
 .text._read_r  0x08002590       0x24 c:/ac6/systemworkbench/plugins/fr.ac6.mcu.externaltools.arm-none.win32_1.17.0.201812190825/tools/compiler/bin/../lib/gcc/arm-none-eabi/7.3.1/../../../../arm-none-eabi/lib/thumb/v7e-m/fpv4-sp/hard\libc_nano.a(lib_a-readr.o)
                0x08002590                _read_r
 *(.glue_7)
 .glue_7        0x080025b4        0x0 linker stubs
 *(.glue_7t)
 .glue_7t       0x080025b4        0x0 linker stubs
 *(.eh_frame)
 .eh_frame      0x080025b4        0x0 c:/ac6/systemworkbench/plugins/fr.ac6.mcu.externaltools.arm-none.win32_1.17.0.201812190825/tools/compiler/bin/../lib/gcc/arm-none-eabi/7.3.1/thumb/v7e-m/fpv4-sp/hard/crtbegin.o
 *(.init)
 .init          0x080025b4        0x4 c:/ac6/systemworkbench/plugins/fr.ac6.mcu.externaltools.arm-none.win32_1.17.0.201812190825/tools/compiler/bin/../lib/gcc/arm-none-eabi/7.3.1/thumb/v7e-m/fpv4-sp/hard/crti.o
                0x080025b4                _init
 .init          0x080025b8        0x8 c:/ac6/systemworkbench/plugins/fr.ac6.mcu.externaltools.arm-none.win32_1.17.0.201812190825/tools/compiler/bin/../lib/gcc/arm-none-eabi/7.3.1/thumb/v7e-m/fpv4-sp/hard/crtn.o
 *(.fini)
 .fini          0x080025c0        0x4 c:/ac6/systemworkbench/plugins/fr.ac6.mcu.externaltools.arm-none.win32_1.17.0.201812190825/tools/compiler/bin/../lib/gcc/arm-none-eabi/7.3.1/thumb/v7e-m/fpv4-sp/hard/crti.o
                0x080025c0                _fini
 .fini          0x080025c4        0x8 c:/ac6/systemworkbench/plugins/fr.ac6.mcu.externaltools.arm-none.win32_1.17.0.201812190825/tools/compiler/bin/../lib/gcc/arm-none-eabi/7.3.1/thumb/v7e-m/fpv4-sp/hard/crtn.o
                0x080025cc                . = ALIGN (0x4)
                0x080025cc                _etext = .

.vfp11_veneer   0x080025cc        0x0
 .vfp11_veneer  0x080025cc        0x0 linker stubs

.v4_bx          0x080025cc        0x0
 .v4_bx         0x080025cc        0x0 linker stubs

.iplt           0x080025cc        0x0
 .iplt          0x080025cc        0x0 c:/ac6/systemworkbench/plugins/fr.ac6.mcu.externaltools.arm-none.win32_1.17.0.201812190825/tools/compiler/bin/../lib/gcc/arm-none-eabi/7.3.1/thumb/v7e-m/fpv4-sp/hard/crtbegin.o

.rodata         0x080025cc       0x7c
                0x080025cc                . = ALIGN (0x4)
 *(.rodata)
 .rodata        0x080025cc       0x18 Core/Src/system_stm32f4xx.o
                0x080025cc                AHBPrescTable
                0x080025dc                APBPrescTable
 *(.rodata*)
 .rodata._global_impure_ptr
                0x080025e4        0x4 c:/ac6/systemworkbench/plugins/fr.ac6.mcu.externaltools.arm-none.win32_1.17.0.201812190825/tools/compiler/bin/../lib/gcc/arm-none-eabi/7.3.1/../../../../arm-none-eabi/lib/thumb/v7e-m/fpv4-sp/hard\libc_nano.a(lib_a-impure.o)
                0x080025e4                _global_impure_ptr
 .rodata.__sf_fake_stderr
                0x080025e8       0x20 c:/ac6/systemworkbench/plugins/fr.ac6.mcu.externaltools.arm-none.win32_1.17.0.201812190825/tools/compiler/bin/../lib/gcc/arm-none-eabi/7.3.1/../../../../arm-none-eabi/lib/thumb/v7e-m/fpv4-sp/hard\libc_nano.a(lib_a-findfp.o)
                0x080025e8                __sf_fake_stderr
 .rodata.__sf_fake_stdin
                0x08002608       0x20 c:/ac6/systemworkbench/plugins/fr.ac6.mcu.externaltools.arm-none.win32_1.17.0.201812190825/tools/compiler/bin/../lib/gcc/arm-none-eabi/7.3.1/../../../../arm-none-eabi/lib/thumb/v7e-m/fpv4-sp/hard\libc_nano.a(lib_a-findfp.o)
                0x08002608                __sf_fake_stdin
 .rodata.__sf_fake_stdout
                0x08002628       0x20 c:/ac6/systemworkbench/plugins/fr.ac6.mcu.externaltools.arm-none.win32_1.17.0.201812190825/tools/compiler/bin/../lib/gcc/arm-none-eabi/7.3.1/../../../../arm-none-eabi/lib/thumb/v7e-m/fpv4-sp/hard\libc_nano.a(lib_a-findfp.o)
                0x08002628                __sf_fake_stdout
                0x08002648                . = ALIGN (0x4)

.ARM.extab
 *(.ARM.extab* .gnu.linkonce.armextab.*)

.ARM            0x08002648        0x8
                0x08002648                __exidx_start = .
 *(.ARM.exidx*)
 .ARM.exidx     0x08002648        0x8 c:/ac6/systemworkbench/plugins/fr.ac6.mcu.externaltools.arm-none.win32_1.17.0.201812190825/tools/compiler/bin/../lib/gcc/arm-none-eabi/7.3.1/thumb/v7e-m/fpv4-sp/hard\libgcc.a(_udivmoddi4.o)
                0x08002650                __exidx_end = .

.rel.dyn        0x08002650        0x0
 .rel.iplt      0x08002650        0x0 c:/ac6/systemworkbench/plugins/fr.ac6.mcu.externaltools.arm-none.win32_1.17.0.201812190825/tools/compiler/bin/../lib/gcc/arm-none-eabi/7.3.1/thumb/v7e-m/fpv4-sp/hard/crtbegin.o

.preinit_array  0x08002650        0x0
                0x08002650                PROVIDE (__preinit_array_start = .)
 *(.preinit_array*)
                0x08002650                PROVIDE (__preinit_array_end = .)

.init_array     0x08002650        0x8
                0x08002650                PROVIDE (__init_array_start = .)
 *(SORT_BY_NAME(.init_array.*))
 *(.init_array*)
 .init_array    0x08002650        0x4 c:/ac6/systemworkbench/plugins/fr.ac6.mcu.externaltools.arm-none.win32_1.17.0.201812190825/tools/compiler/bin/../lib/gcc/arm-none-eabi/7.3.1/thumb/v7e-m/fpv4-sp/hard/crtbegin.o
 .init_array    0x08002654        0x4 Core/Src/main.o
                0x08002658                PROVIDE (__init_array_end = .)

.fini_array     0x08002658        0x4
                [!provide]                PROVIDE (__fini_array_start = .)
 *(SORT_BY_NAME(.fini_array.*))
 *(.fini_array*)
 .fini_array    0x08002658        0x4 c:/ac6/systemworkbench/plugins/fr.ac6.mcu.externaltools.arm-none.win32_1.17.0.201812190825/tools/compiler/bin/../lib/gcc/arm-none-eabi/7.3.1/thumb/v7e-m/fpv4-sp/hard/crtbegin.o
                [!provide]                PROVIDE (__fini_array_end = .)
                0x0800265c                _sidata = LOADADDR (.data)

.data           0x20000000       0x74 load address 0x0800265c
                0x20000000                . = ALIGN (0x4)
                0x20000000                _sdata = .
 *(.data)
 .data          0x20000000        0x4 c:/ac6/systemworkbench/plugins/fr.ac6.mcu.externaltools.arm-none.win32_1.17.0.201812190825/tools/compiler/bin/../lib/gcc/arm-none-eabi/7.3.1/thumb/v7e-m/fpv4-sp/hard/crtbegin.o
                0x20000000                __dso_handle
 .data          0x20000004        0x4 Core/Src/system_stm32f4xx.o
                0x20000004                SystemCoreClock
 .data          0x20000008        0x8 Drivers/STM32F4xx_HAL_Driver/Src/stm32f4xx_hal.o
                0x20000008                uwTickFreq
                0x2000000c                uwTickPrio
 *(.data*)
 .data._impure_ptr
                0x20000010        0x4 c:/ac6/systemworkbench/plugins/fr.ac6.mcu.externaltools.arm-none.win32_1.17.0.201812190825/tools/compiler/bin/../lib/gcc/arm-none-eabi/7.3.1/../../../../arm-none-eabi/lib/thumb/v7e-m/fpv4-sp/hard\libc_nano.a(lib_a-impure.o)
                0x20000010                _impure_ptr
 .data.impure_data
                0x20000014       0x60 c:/ac6/systemworkbench/plugins/fr.ac6.mcu.externaltools.arm-none.win32_1.17.0.201812190825/tools/compiler/bin/../lib/gcc/arm-none-eabi/7.3.1/../../../../arm-none-eabi/lib/thumb/v7e-m/fpv4-sp/hard\libc_nano.a(lib_a-impure.o)
                0x20000074                . = ALIGN (0x4)
                0x20000074                _edata = .

.igot.plt       0x20000074        0x0 load address 0x080026d0
 .igot.plt      0x20000074        0x0 c:/ac6/systemworkbench/plugins/fr.ac6.mcu.externaltools.arm-none.win32_1.17.0.201812190825/tools/compiler/bin/../lib/gcc/arm-none-eabi/7.3.1/thumb/v7e-m/fpv4-sp/hard/crtbegin.o
                0x20000074                . = ALIGN (0x4)

.bss            0x20000074       0xfc load address 0x080026d0
                0x20000074                _sbss = .
                0x20000074                __bss_start__ = _sbss
 *(.bss)
 .bss           0x20000074       0x1c c:/ac6/systemworkbench/plugins/fr.ac6.mcu.externaltools.arm-none.win32_1.17.0.201812190825/tools/compiler/bin/../lib/gcc/arm-none-eabi/7.3.1/thumb/v7e-m/fpv4-sp/hard/crtbegin.o
 .bss           0x20000090       0x46 Core/Src/main.o
                0x20000090                Uart2
                0x200000d0                Tim7
                0x200000d4                delayCnt
 *fill*         0x200000d6        0x2 
 .bss           0x200000d8        0x8 Core/Src/syscalls.o
                0x200000dc                __env
 .bss           0x200000e0       0x80 Drivers/MiYALAB_STM32F446RE/TIM/Timer.o
                0x200000e0                MiYALAB::STM32F446RE::hTim6
                0x20000120                MiYALAB::STM32F446RE::hTim7
 *(.bss*)
 .bss.__malloc_free_list
                0x20000160        0x4 c:/ac6/systemworkbench/plugins/fr.ac6.mcu.externaltools.arm-none.win32_1.17.0.201812190825/tools/compiler/bin/../lib/gcc/arm-none-eabi/7.3.1/../../../../arm-none-eabi/lib/thumb/v7e-m/fpv4-sp/hard\libc_nano.a(lib_a-nano-mallocr.o)
                0x20000160                __malloc_free_list
 .bss.__malloc_sbrk_start
                0x20000164        0x4 c:/ac6/systemworkbench/plugins/fr.ac6.mcu.externaltools.arm-none.win32_1.17.0.201812190825/tools/compiler/bin/../lib/gcc/arm-none-eabi/7.3.1/../../../../arm-none-eabi/lib/thumb/v7e-m/fpv4-sp/hard\libc_nano.a(lib_a-nano-mallocr.o)
                0x20000164                __malloc_sbrk_start
 *(COMMON)
 COMMON         0x20000168        0x4 Drivers/STM32F4xx_HAL_Driver/Src/stm32f4xx_hal.o
                0x20000168                uwTick
 COMMON         0x2000016c        0x4 c:/ac6/systemworkbench/plugins/fr.ac6.mcu.externaltools.arm-none.win32_1.17.0.201812190825/tools/compiler/bin/../lib/gcc/arm-none-eabi/7.3.1/../../../../arm-none-eabi/lib/thumb/v7e-m/fpv4-sp/hard\libc_nano.a(lib_a-reent.o)
                0x2000016c                errno
                0x20000170                . = ALIGN (0x4)
                0x20000170                _ebss = .
                0x20000170                __bss_end__ = _ebss

._user_heap_stack
                0x20000170      0x600 load address 0x080026d0
                0x20000170                . = ALIGN (0x8)
                0x20000170                PROVIDE (end = .)
                [!provide]                PROVIDE (_end = .)
                0x20000370                . = (. + _Min_Heap_Size)
 *fill*         0x20000170      0x200 
                0x20000770                . = (. + _Min_Stack_Size)
 *fill*         0x20000370      0x400 
                0x20000770                . = ALIGN (0x8)

/DISCARD/
 libc.a(*)
 libm.a(*)
 libgcc.a(*)

.ARM.attributes
                0x00000000       0x30
 *(.ARM.attributes)
 .ARM.attributes
                0x00000000       0x22 c:/ac6/systemworkbench/plugins/fr.ac6.mcu.externaltools.arm-none.win32_1.17.0.201812190825/tools/compiler/bin/../lib/gcc/arm-none-eabi/7.3.1/thumb/v7e-m/fpv4-sp/hard/crti.o
 .ARM.attributes
                0x00000022       0x34 c:/ac6/systemworkbench/plugins/fr.ac6.mcu.externaltools.arm-none.win32_1.17.0.201812190825/tools/compiler/bin/../lib/gcc/arm-none-eabi/7.3.1/thumb/v7e-m/fpv4-sp/hard/crtbegin.o
 .ARM.attributes
                0x00000056       0x39 Core/Src/main.o
 .ARM.attributes
                0x0000008f       0x39 Core/Src/stm32f4xx_it.o
 .ARM.attributes
                0x000000c8       0x39 Core/Src/syscalls.o
 .ARM.attributes
                0x00000101       0x39 Core/Src/system_stm32f4xx.o
 .ARM.attributes
                0x0000013a       0x39 Drivers/MiYALAB_STM32F446RE/TIM/Timer.o
 .ARM.attributes
                0x00000173       0x39 Drivers/MiYALAB_STM32F446RE/USART/Uart.o
 .ARM.attributes
                0x000001ac       0x39 Drivers/MiYALAB_STM32F446RE/USART/UsartCommon.o
 .ARM.attributes
                0x000001e5       0x39 Drivers/STM32F4xx_HAL_Driver/Src/stm32f4xx_hal.o
 .ARM.attributes
                0x0000021e       0x39 Drivers/STM32F4xx_HAL_Driver/Src/stm32f4xx_hal_cortex.o
 .ARM.attributes
                0x00000257       0x39 Drivers/STM32F4xx_HAL_Driver/Src/stm32f4xx_hal_gpio.o
 .ARM.attributes
                0x00000290       0x39 Drivers/STM32F4xx_HAL_Driver/Src/stm32f4xx_hal_pwr_ex.o
 .ARM.attributes
                0x000002c9       0x39 Drivers/STM32F4xx_HAL_Driver/Src/stm32f4xx_hal_rcc.o
 .ARM.attributes
                0x00000302       0x39 Drivers/STM32F4xx_HAL_Driver/Src/stm32f4xx_hal_rcc_ex.o
 .ARM.attributes
                0x0000033b       0x39 Drivers/STM32F4xx_HAL_Driver/Src/stm32f4xx_hal_tim.o
 .ARM.attributes
                0x00000374       0x39 Drivers/STM32F4xx_HAL_Driver/Src/stm32f4xx_hal_tim_ex.o
 .ARM.attributes
                0x000003ad       0x39 Drivers/STM32F4xx_HAL_Driver/Src/stm32f4xx_hal_uart.o
 .ARM.attributes
                0x000003e6       0x21 startup/startup_stm32f446xx.o
 .ARM.attributes
                0x00000407       0x34 c:/ac6/systemworkbench/plugins/fr.ac6.mcu.externaltools.arm-none.win32_1.17.0.201812190825/tools/compiler/bin/../lib/gcc/arm-none-eabi/7.3.1/../../../../arm-none-eabi/lib/thumb/v7e-m/fpv4-sp/hard\libstdc++_nano.a(atexit_arm.o)
 .ARM.attributes
                0x0000043b       0x22 c:/ac6/systemworkbench/plugins/fr.ac6.mcu.externaltools.arm-none.win32_1.17.0.201812190825/tools/compiler/bin/../lib/gcc/arm-none-eabi/7.3.1/thumb/v7e-m/fpv4-sp/hard\libgcc.a(_aeabi_uldivmod.o)
 .ARM.attributes
                0x0000045d       0x34 c:/ac6/systemworkbench/plugins/fr.ac6.mcu.externaltools.arm-none.win32_1.17.0.201812190825/tools/compiler/bin/../lib/gcc/arm-none-eabi/7.3.1/thumb/v7e-m/fpv4-sp/hard\libgcc.a(_udivmoddi4.o)
 .ARM.attributes
                0x00000491       0x22 c:/ac6/systemworkbench/plugins/fr.ac6.mcu.externaltools.arm-none.win32_1.17.0.201812190825/tools/compiler/bin/../lib/gcc/arm-none-eabi/7.3.1/thumb/v7e-m/fpv4-sp/hard\libgcc.a(_dvmd_tls.o)
 .ARM.attributes
                0x000004b3       0x34 c:/ac6/systemworkbench/plugins/fr.ac6.mcu.externaltools.arm-none.win32_1.17.0.201812190825/tools/compiler/bin/../lib/gcc/arm-none-eabi/7.3.1/../../../../arm-none-eabi/lib/thumb/v7e-m/fpv4-sp/hard\libc_nano.a(lib_a-cxa_atexit.o)
 .ARM.attributes
                0x000004e7       0x34 c:/ac6/systemworkbench/plugins/fr.ac6.mcu.externaltools.arm-none.win32_1.17.0.201812190825/tools/compiler/bin/../lib/gcc/arm-none-eabi/7.3.1/../../../../arm-none-eabi/lib/thumb/v7e-m/fpv4-sp/hard\libc_nano.a(lib_a-errno.o)
 .ARM.attributes
                0x0000051b       0x34 c:/ac6/systemworkbench/plugins/fr.ac6.mcu.externaltools.arm-none.win32_1.17.0.201812190825/tools/compiler/bin/../lib/gcc/arm-none-eabi/7.3.1/../../../../arm-none-eabi/lib/thumb/v7e-m/fpv4-sp/hard\libc_nano.a(lib_a-impure.o)
 .ARM.attributes
                0x0000054f       0x34 c:/ac6/systemworkbench/plugins/fr.ac6.mcu.externaltools.arm-none.win32_1.17.0.201812190825/tools/compiler/bin/../lib/gcc/arm-none-eabi/7.3.1/../../../../arm-none-eabi/lib/thumb/v7e-m/fpv4-sp/hard\libc_nano.a(lib_a-init.o)
 .ARM.attributes
                0x00000583       0x34 c:/ac6/systemworkbench/plugins/fr.ac6.mcu.externaltools.arm-none.win32_1.17.0.201812190825/tools/compiler/bin/../lib/gcc/arm-none-eabi/7.3.1/../../../../arm-none-eabi/lib/thumb/v7e-m/fpv4-sp/hard\libc_nano.a(lib_a-memset.o)
 .ARM.attributes
                0x000005b7       0x34 c:/ac6/systemworkbench/plugins/fr.ac6.mcu.externaltools.arm-none.win32_1.17.0.201812190825/tools/compiler/bin/../lib/gcc/arm-none-eabi/7.3.1/../../../../arm-none-eabi/lib/thumb/v7e-m/fpv4-sp/hard\libc_nano.a(lib_a-setbuf.o)
 .ARM.attributes
                0x000005eb       0x34 c:/ac6/systemworkbench/plugins/fr.ac6.mcu.externaltools.arm-none.win32_1.17.0.201812190825/tools/compiler/bin/../lib/gcc/arm-none-eabi/7.3.1/../../../../arm-none-eabi/lib/thumb/v7e-m/fpv4-sp/hard\libc_nano.a(lib_a-setvbuf.o)
 .ARM.attributes
                0x0000061f       0x34 c:/ac6/systemworkbench/plugins/fr.ac6.mcu.externaltools.arm-none.win32_1.17.0.201812190825/tools/compiler/bin/../lib/gcc/arm-none-eabi/7.3.1/../../../../arm-none-eabi/lib/thumb/v7e-m/fpv4-sp/hard\libc_nano.a(lib_a-fflush.o)
 .ARM.attributes
                0x00000653       0x34 c:/ac6/systemworkbench/plugins/fr.ac6.mcu.externaltools.arm-none.win32_1.17.0.201812190825/tools/compiler/bin/../lib/gcc/arm-none-eabi/7.3.1/../../../../arm-none-eabi/lib/thumb/v7e-m/fpv4-sp/hard\libc_nano.a(lib_a-findfp.o)
 .ARM.attributes
                0x00000687       0x34 c:/ac6/systemworkbench/plugins/fr.ac6.mcu.externaltools.arm-none.win32_1.17.0.201812190825/tools/compiler/bin/../lib/gcc/arm-none-eabi/7.3.1/../../../../arm-none-eabi/lib/thumb/v7e-m/fpv4-sp/hard\libc_nano.a(lib_a-fwalk.o)
 .ARM.attributes
                0x000006bb       0x34 c:/ac6/systemworkbench/plugins/fr.ac6.mcu.externaltools.arm-none.win32_1.17.0.201812190825/tools/compiler/bin/../lib/gcc/arm-none-eabi/7.3.1/../../../../arm-none-eabi/lib/thumb/v7e-m/fpv4-sp/hard\libc_nano.a(lib_a-makebuf.o)
 .ARM.attributes
                0x000006ef       0x34 c:/ac6/systemworkbench/plugins/fr.ac6.mcu.externaltools.arm-none.win32_1.17.0.201812190825/tools/compiler/bin/../lib/gcc/arm-none-eabi/7.3.1/../../../../arm-none-eabi/lib/thumb/v7e-m/fpv4-sp/hard\libc_nano.a(lib_a-malloc.o)
 .ARM.attributes
                0x00000723       0x34 c:/ac6/systemworkbench/plugins/fr.ac6.mcu.externaltools.arm-none.win32_1.17.0.201812190825/tools/compiler/bin/../lib/gcc/arm-none-eabi/7.3.1/../../../../arm-none-eabi/lib/thumb/v7e-m/fpv4-sp/hard\libc_nano.a(lib_a-nano-freer.o)
 .ARM.attributes
                0x00000757       0x34 c:/ac6/systemworkbench/plugins/fr.ac6.mcu.externaltools.arm-none.win32_1.17.0.201812190825/tools/compiler/bin/../lib/gcc/arm-none-eabi/7.3.1/../../../../arm-none-eabi/lib/thumb/v7e-m/fpv4-sp/hard\libc_nano.a(lib_a-nano-mallocr.o)
 .ARM.attributes
                0x0000078b       0x34 c:/ac6/systemworkbench/plugins/fr.ac6.mcu.externaltools.arm-none.win32_1.17.0.201812190825/tools/compiler/bin/../lib/gcc/arm-none-eabi/7.3.1/../../../../arm-none-eabi/lib/thumb/v7e-m/fpv4-sp/hard\libc_nano.a(lib_a-sbrkr.o)
 .ARM.attributes
                0x000007bf       0x34 c:/ac6/systemworkbench/plugins/fr.ac6.mcu.externaltools.arm-none.win32_1.17.0.201812190825/tools/compiler/bin/../lib/gcc/arm-none-eabi/7.3.1/../../../../arm-none-eabi/lib/thumb/v7e-m/fpv4-sp/hard\libc_nano.a(lib_a-stdio.o)
 .ARM.attributes
                0x000007f3       0x34 c:/ac6/systemworkbench/plugins/fr.ac6.mcu.externaltools.arm-none.win32_1.17.0.201812190825/tools/compiler/bin/../lib/gcc/arm-none-eabi/7.3.1/../../../../arm-none-eabi/lib/thumb/v7e-m/fpv4-sp/hard\libc_nano.a(lib_a-writer.o)
 .ARM.attributes
                0x00000827       0x34 c:/ac6/systemworkbench/plugins/fr.ac6.mcu.externaltools.arm-none.win32_1.17.0.201812190825/tools/compiler/bin/../lib/gcc/arm-none-eabi/7.3.1/../../../../arm-none-eabi/lib/thumb/v7e-m/fpv4-sp/hard\libc_nano.a(lib_a-closer.o)
 .ARM.attributes
                0x0000085b       0x34 c:/ac6/systemworkbench/plugins/fr.ac6.mcu.externaltools.arm-none.win32_1.17.0.201812190825/tools/compiler/bin/../lib/gcc/arm-none-eabi/7.3.1/../../../../arm-none-eabi/lib/thumb/v7e-m/fpv4-sp/hard\libc_nano.a(lib_a-fstatr.o)
 .ARM.attributes
                0x0000088f       0x34 c:/ac6/systemworkbench/plugins/fr.ac6.mcu.externaltools.arm-none.win32_1.17.0.201812190825/tools/compiler/bin/../lib/gcc/arm-none-eabi/7.3.1/../../../../arm-none-eabi/lib/thumb/v7e-m/fpv4-sp/hard\libc_nano.a(lib_a-lseekr.o)
 .ARM.attributes
                0x000008c3       0x34 c:/ac6/systemworkbench/plugins/fr.ac6.mcu.externaltools.arm-none.win32_1.17.0.201812190825/tools/compiler/bin/../lib/gcc/arm-none-eabi/7.3.1/../../../../arm-none-eabi/lib/thumb/v7e-m/fpv4-sp/hard\libc_nano.a(lib_a-mlock.o)
 .ARM.attributes
                0x000008f7       0x34 c:/ac6/systemworkbench/plugins/fr.ac6.mcu.externaltools.arm-none.win32_1.17.0.201812190825/tools/compiler/bin/../lib/gcc/arm-none-eabi/7.3.1/../../../../arm-none-eabi/lib/thumb/v7e-m/fpv4-sp/hard\libc_nano.a(lib_a-readr.o)
 .ARM.attributes
                0x0000092b       0x34 c:/ac6/systemworkbench/plugins/fr.ac6.mcu.externaltools.arm-none.win32_1.17.0.201812190825/tools/compiler/bin/../lib/gcc/arm-none-eabi/7.3.1/../../../../arm-none-eabi/lib/thumb/v7e-m/fpv4-sp/hard\libc_nano.a(lib_a-reent.o)
 .ARM.attributes
                0x0000095f       0x22 c:/ac6/systemworkbench/plugins/fr.ac6.mcu.externaltools.arm-none.win32_1.17.0.201812190825/tools/compiler/bin/../lib/gcc/arm-none-eabi/7.3.1/thumb/v7e-m/fpv4-sp/hard/crtn.o
OUTPUT(nucleo64_f446re.elf elf32-littlearm)

.debug_info     0x00000000    0x10e0b
 .debug_info    0x00000000     0x1e12 Core/Src/main.o
 .debug_info    0x00001e12      0x223 Core/Src/stm32f4xx_it.o
 .debug_info    0x00002035      0xfd3 Core/Src/syscalls.o
 .debug_info    0x00003008      0x58d Core/Src/system_stm32f4xx.o
 .debug_info    0x00003595     0x1088 Drivers/MiYALAB_STM32F446RE/TIM/Timer.o
 .debug_info    0x0000461d     0x1d63 Drivers/MiYALAB_STM32F446RE/USART/Uart.o
 .debug_info    0x00006380      0xb5e Drivers/MiYALAB_STM32F446RE/USART/UsartCommon.o
 .debug_info    0x00006ede      0xa43 Drivers/STM32F4xx_HAL_Driver/Src/stm32f4xx_hal.o
 .debug_info    0x00007921      0xfaa Drivers/STM32F4xx_HAL_Driver/Src/stm32f4xx_hal_cortex.o
 .debug_info    0x000088cb      0x810 Drivers/STM32F4xx_HAL_Driver/Src/stm32f4xx_hal_gpio.o
 .debug_info    0x000090db      0x825 Drivers/STM32F4xx_HAL_Driver/Src/stm32f4xx_hal_pwr_ex.o
 .debug_info    0x00009900      0xad4 Drivers/STM32F4xx_HAL_Driver/Src/stm32f4xx_hal_rcc.o
 .debug_info    0x0000a3d4      0xc34 Drivers/STM32F4xx_HAL_Driver/Src/stm32f4xx_hal_rcc_ex.o
 .debug_info    0x0000b008     0x31db Drivers/STM32F4xx_HAL_Driver/Src/stm32f4xx_hal_tim.o
 .debug_info    0x0000e1e3     0x14e9 Drivers/STM32F4xx_HAL_Driver/Src/stm32f4xx_hal_tim_ex.o
 .debug_info    0x0000f6cc     0x171d Drivers/STM32F4xx_HAL_Driver/Src/stm32f4xx_hal_uart.o
 .debug_info    0x00010de9       0x22 startup/startup_stm32f446xx.o

.debug_abbrev   0x00000000     0x276d
 .debug_abbrev  0x00000000      0x50a Core/Src/main.o
 .debug_abbrev  0x0000050a       0xe4 Core/Src/stm32f4xx_it.o
 .debug_abbrev  0x000005ee      0x2d4 Core/Src/syscalls.o
 .debug_abbrev  0x000008c2      0x12b Core/Src/system_stm32f4xx.o
 .debug_abbrev  0x000009ed      0x2cb Drivers/MiYALAB_STM32F446RE/TIM/Timer.o
 .debug_abbrev  0x00000cb8      0x3b8 Drivers/MiYALAB_STM32F446RE/USART/Uart.o
 .debug_abbrev  0x00001070      0x2c9 Drivers/MiYALAB_STM32F446RE/USART/UsartCommon.o
 .debug_abbrev  0x00001339      0x1ed Drivers/STM32F4xx_HAL_Driver/Src/stm32f4xx_hal.o
 .debug_abbrev  0x00001526      0x328 Drivers/STM32F4xx_HAL_Driver/Src/stm32f4xx_hal_cortex.o
 .debug_abbrev  0x0000184e      0x1e7 Drivers/STM32F4xx_HAL_Driver/Src/stm32f4xx_hal_gpio.o
 .debug_abbrev  0x00001a35      0x1bc Drivers/STM32F4xx_HAL_Driver/Src/stm32f4xx_hal_pwr_ex.o
 .debug_abbrev  0x00001bf1      0x273 Drivers/STM32F4xx_HAL_Driver/Src/stm32f4xx_hal_rcc.o
 .debug_abbrev  0x00001e64      0x212 Drivers/STM32F4xx_HAL_Driver/Src/stm32f4xx_hal_rcc_ex.o
 .debug_abbrev  0x00002076      0x226 Drivers/STM32F4xx_HAL_Driver/Src/stm32f4xx_hal_tim.o
 .debug_abbrev  0x0000229c      0x237 Drivers/STM32F4xx_HAL_Driver/Src/stm32f4xx_hal_tim_ex.o
 .debug_abbrev  0x000024d3      0x288 Drivers/STM32F4xx_HAL_Driver/Src/stm32f4xx_hal_uart.o
 .debug_abbrev  0x0000275b       0x12 startup/startup_stm32f446xx.o

.debug_loc      0x00000000     0x870b
 .debug_loc     0x00000000      0x262 Core/Src/main.o
 .debug_loc     0x00000262      0x3af Core/Src/syscalls.o
 .debug_loc     0x00000611      0x13e Core/Src/system_stm32f4xx.o
 .debug_loc     0x0000074f      0x118 Drivers/MiYALAB_STM32F446RE/TIM/Timer.o
 .debug_loc     0x00000867      0x26c Drivers/MiYALAB_STM32F446RE/USART/Uart.o
 .debug_loc     0x00000ad3       0x6c Drivers/MiYALAB_STM32F446RE/USART/UsartCommon.o
 .debug_loc     0x00000b3f      0x11b Drivers/STM32F4xx_HAL_Driver/Src/stm32f4xx_hal.o
 .debug_loc     0x00000c5a      0x5ce Drivers/STM32F4xx_HAL_Driver/Src/stm32f4xx_hal_cortex.o
 .debug_loc     0x00001228      0x476 Drivers/STM32F4xx_HAL_Driver/Src/stm32f4xx_hal_gpio.o
 .debug_loc     0x0000169e      0x13f Drivers/STM32F4xx_HAL_Driver/Src/stm32f4xx_hal_pwr_ex.o
 .debug_loc     0x000017dd      0x40f Drivers/STM32F4xx_HAL_Driver/Src/stm32f4xx_hal_rcc.o
 .debug_loc     0x00001bec      0xb5e Drivers/STM32F4xx_HAL_Driver/Src/stm32f4xx_hal_rcc_ex.o
 .debug_loc     0x0000274a     0x3888 Drivers/STM32F4xx_HAL_Driver/Src/stm32f4xx_hal_tim.o
 .debug_loc     0x00005fd2     0x11a0 Drivers/STM32F4xx_HAL_Driver/Src/stm32f4xx_hal_tim_ex.o
 .debug_loc     0x00007172     0x1599 Drivers/STM32F4xx_HAL_Driver/Src/stm32f4xx_hal_uart.o

.debug_aranges  0x00000000      0xd48
 .debug_aranges
                0x00000000       0x80 Core/Src/main.o
 .debug_aranges
                0x00000080       0x60 Core/Src/stm32f4xx_it.o
 .debug_aranges
                0x000000e0       0xb0 Core/Src/syscalls.o
 .debug_aranges
                0x00000190       0x28 Core/Src/system_stm32f4xx.o
 .debug_aranges
                0x000001b8       0x58 Drivers/MiYALAB_STM32F446RE/TIM/Timer.o
 .debug_aranges
                0x00000210       0xb0 Drivers/MiYALAB_STM32F446RE/USART/Uart.o
 .debug_aranges
                0x000002c0       0x48 Drivers/MiYALAB_STM32F446RE/USART/UsartCommon.o
 .debug_aranges
                0x00000308       0xf0 Drivers/STM32F4xx_HAL_Driver/Src/stm32f4xx_hal.o
 .debug_aranges
                0x000003f8       0xa8 Drivers/STM32F4xx_HAL_Driver/Src/stm32f4xx_hal_cortex.o
 .debug_aranges
                0x000004a0       0x58 Drivers/STM32F4xx_HAL_Driver/Src/stm32f4xx_hal_gpio.o
 .debug_aranges
                0x000004f8       0x60 Drivers/STM32F4xx_HAL_Driver/Src/stm32f4xx_hal_pwr_ex.o
 .debug_aranges
                0x00000558       0x88 Drivers/STM32F4xx_HAL_Driver/Src/stm32f4xx_hal_rcc.o
 .debug_aranges
                0x000005e0       0x78 Drivers/STM32F4xx_HAL_Driver/Src/stm32f4xx_hal_rcc_ex.o
 .debug_aranges
                0x00000658      0x3a8 Drivers/STM32F4xx_HAL_Driver/Src/stm32f4xx_hal_tim.o
 .debug_aranges
                0x00000a00      0x150 Drivers/STM32F4xx_HAL_Driver/Src/stm32f4xx_hal_tim_ex.o
 .debug_aranges
                0x00000b50      0x1d0 Drivers/STM32F4xx_HAL_Driver/Src/stm32f4xx_hal_uart.o
 .debug_aranges
                0x00000d20       0x28 startup/startup_stm32f446xx.o

.debug_ranges   0x00000000      0xcd0
 .debug_ranges  0x00000000       0x70 Core/Src/main.o
 .debug_ranges  0x00000070       0x50 Core/Src/stm32f4xx_it.o
 .debug_ranges  0x000000c0       0xa0 Core/Src/syscalls.o
 .debug_ranges  0x00000160       0x18 Core/Src/system_stm32f4xx.o
 .debug_ranges  0x00000178       0x48 Drivers/MiYALAB_STM32F446RE/TIM/Timer.o
 .debug_ranges  0x000001c0       0xa0 Drivers/MiYALAB_STM32F446RE/USART/Uart.o
 .debug_ranges  0x00000260       0x38 Drivers/MiYALAB_STM32F446RE/USART/UsartCommon.o
 .debug_ranges  0x00000298       0xe0 Drivers/STM32F4xx_HAL_Driver/Src/stm32f4xx_hal.o
 .debug_ranges  0x00000378       0xf8 Drivers/STM32F4xx_HAL_Driver/Src/stm32f4xx_hal_cortex.o
 .debug_ranges  0x00000470       0x48 Drivers/STM32F4xx_HAL_Driver/Src/stm32f4xx_hal_gpio.o
 .debug_ranges  0x000004b8       0x50 Drivers/STM32F4xx_HAL_Driver/Src/stm32f4xx_hal_pwr_ex.o
 .debug_ranges  0x00000508       0x90 Drivers/STM32F4xx_HAL_Driver/Src/stm32f4xx_hal_rcc.o
 .debug_ranges  0x00000598       0x80 Drivers/STM32F4xx_HAL_Driver/Src/stm32f4xx_hal_rcc_ex.o
 .debug_ranges  0x00000618      0x398 Drivers/STM32F4xx_HAL_Driver/Src/stm32f4xx_hal_tim.o
 .debug_ranges  0x000009b0      0x140 Drivers/STM32F4xx_HAL_Driver/Src/stm32f4xx_hal_tim_ex.o
 .debug_ranges  0x00000af0      0x1c0 Drivers/STM32F4xx_HAL_Driver/Src/stm32f4xx_hal_uart.o
 .debug_ranges  0x00000cb0       0x20 startup/startup_stm32f446xx.o

.debug_macro    0x00000000    0x25922
 .debug_macro   0x00000000      0x38c Core/Src/main.o
 .debug_macro   0x0000038c      0xb2c Core/Src/main.o
 .debug_macro   0x00000eb8       0x22 Core/Src/main.o
 .debug_macro   0x00000eda       0x58 Core/Src/main.o
 .debug_macro   0x00000f32       0x18 Core/Src/main.o
 .debug_macro   0x00000f4a       0x94 Core/Src/main.o
 .debug_macro   0x00000fde       0x35 Core/Src/main.o
 .debug_macro   0x00001013       0x34 Core/Src/main.o
 .debug_macro   0x00001047       0x16 Core/Src/main.o
 .debug_macro   0x0000105d       0x57 Core/Src/main.o
 .debug_macro   0x000010b4       0x97 Core/Src/main.o
 .debug_macro   0x0000114b      0x353 Core/Src/main.o
 .debug_macro   0x0000149e      0x104 Core/Src/main.o
 .debug_macro   0x000015a2       0x10 Core/Src/main.o
 .debug_macro   0x000015b2       0x58 Core/Src/main.o
 .debug_macro   0x0000160a       0x1f Core/Src/main.o
 .debug_macro   0x00001629       0x43 Core/Src/main.o
 .debug_macro   0x0000166c       0x20 Core/Src/main.o
 .debug_macro   0x0000168c      0x18e Core/Src/main.o
 .debug_macro   0x0000181a       0x10 Core/Src/main.o
 .debug_macro   0x0000182a       0x6a Core/Src/main.o
 .debug_macro   0x00001894       0x1c Core/Src/main.o
 .debug_macro   0x000018b0       0x52 Core/Src/main.o
 .debug_macro   0x00001902       0x40 Core/Src/main.o
 .debug_macro   0x00001942       0x10 Core/Src/main.o
 .debug_macro   0x00001952       0x40 Core/Src/main.o
 .debug_macro   0x00001992       0xd7 Core/Src/main.o
 .debug_macro   0x00001a69       0x1c Core/Src/main.o
 .debug_macro   0x00001a85       0x3d Core/Src/main.o
 .debug_macro   0x00001ac2       0x16 Core/Src/main.o
 .debug_macro   0x00001ad8      0x137 Core/Src/main.o
 .debug_macro   0x00001c0f       0x10 Core/Src/main.o
 .debug_macro   0x00001c1f       0x2e Core/Src/main.o
 .debug_macro   0x00001c4d       0x28 Core/Src/main.o
 .debug_macro   0x00001c75       0x1c Core/Src/main.o
 .debug_macro   0x00001c91       0xef Core/Src/main.o
 .debug_macro   0x00001d80      0x1df Core/Src/main.o
 .debug_macro   0x00001f5f       0x1c Core/Src/main.o
 .debug_macro   0x00001f7b       0x22 Core/Src/main.o
 .debug_macro   0x00001f9d       0xd9 Core/Src/main.o
 .debug_macro   0x00002076     0x102d Core/Src/main.o
 .debug_macro   0x000030a3      0x11f Core/Src/main.o
 .debug_macro   0x000031c2    0x1672d Core/Src/main.o
 .debug_macro   0x000198ef       0x43 Core/Src/main.o
 .debug_macro   0x00019932      0x2a0 Core/Src/main.o
 .debug_macro   0x00019bd2     0x3659 Core/Src/main.o
 .debug_macro   0x0001d22b       0x54 Core/Src/main.o
 .debug_macro   0x0001d27f      0xc90 Core/Src/main.o
 .debug_macro   0x0001df0f      0x9fe Core/Src/main.o
 .debug_macro   0x0001e90d      0x117 Core/Src/main.o
 .debug_macro   0x0001ea24      0x1a0 Core/Src/main.o
 .debug_macro   0x0001ebc4       0x27 Core/Src/main.o
 .debug_macro   0x0001ebeb      0x16d Core/Src/main.o
 .debug_macro   0x0001ed58      0x287 Core/Src/main.o
 .debug_macro   0x0001efdf       0x5f Core/Src/main.o
 .debug_macro   0x0001f03e      0x236 Core/Src/main.o
 .debug_macro   0x0001f274      0x391 Core/Src/main.o
 .debug_macro   0x0001f605      0x17d Core/Src/main.o
 .debug_macro   0x0001f782       0xf9 Core/Src/main.o
 .debug_macro   0x0001f87b      0x132 Core/Src/main.o
 .debug_macro   0x0001f9ad      0x29c Core/Src/main.o
 .debug_macro   0x0001fc49       0x2e Core/Src/main.o
 .debug_macro   0x0001fc77      0x11a Core/Src/main.o
 .debug_macro   0x0001fd91       0xe8 Core/Src/main.o
 .debug_macro   0x0001fe79       0x89 Core/Src/main.o
 .debug_macro   0x0001ff02      0x225 Core/Src/main.o
 .debug_macro   0x00020127      0x8a0 Core/Src/main.o
 .debug_macro   0x000209c7       0x4d Core/Src/main.o
 .debug_macro   0x00020a14      0x287 Core/Src/main.o
 .debug_macro   0x00020c9b      0x126 Core/Src/main.o
 .debug_macro   0x00020dc1       0x10 Core/Src/main.o
 .debug_macro   0x00020dd1       0x10 Core/Src/main.o
 .debug_macro   0x00020de1       0x1c Core/Src/main.o
 .debug_macro   0x00020dfd      0x1fb Core/Src/stm32f4xx_it.o
 .debug_macro   0x00020ff8      0xa54 Core/Src/stm32f4xx_it.o
 .debug_macro   0x00021a4c       0x8e Core/Src/stm32f4xx_it.o
 .debug_macro   0x00021ada       0x51 Core/Src/stm32f4xx_it.o
 .debug_macro   0x00021b2b       0xdf Core/Src/stm32f4xx_it.o
 .debug_macro   0x00021c0a     0x102d Core/Src/stm32f4xx_it.o
 .debug_macro   0x00022c37      0x174 Core/Src/stm32f4xx_it.o
 .debug_macro   0x00022dab       0x5a Core/Src/stm32f4xx_it.o
 .debug_macro   0x00022e05      0x243 Core/Src/syscalls.o
 .debug_macro   0x00023048       0x34 Core/Src/syscalls.o
 .debug_macro   0x0002307c      0x330 Core/Src/syscalls.o
 .debug_macro   0x000233ac       0x43 Core/Src/syscalls.o
 .debug_macro   0x000233ef       0x10 Core/Src/syscalls.o
 .debug_macro   0x000233ff       0x35 Core/Src/syscalls.o
 .debug_macro   0x00023434       0x10 Core/Src/syscalls.o
 .debug_macro   0x00023444       0x10 Core/Src/syscalls.o
 .debug_macro   0x00023454       0x35 Core/Src/syscalls.o
 .debug_macro   0x00023489      0x122 Core/Src/syscalls.o
 .debug_macro   0x000235ab       0x16 Core/Src/syscalls.o
 .debug_macro   0x000235c1       0x16 Core/Src/syscalls.o
 .debug_macro   0x000235d7       0x29 Core/Src/syscalls.o
 .debug_macro   0x00023600       0x10 Core/Src/syscalls.o
 .debug_macro   0x00023610      0x241 Core/Src/syscalls.o
 .debug_macro   0x00023851       0x1c Core/Src/syscalls.o
 .debug_macro   0x0002386d       0x10 Core/Src/syscalls.o
 .debug_macro   0x0002387d      0x16f Core/Src/syscalls.o
 .debug_macro   0x000239ec      0x189 Core/Src/syscalls.o
 .debug_macro   0x00023b75       0x16 Core/Src/syscalls.o
 .debug_macro   0x00023b8b       0x88 Core/Src/syscalls.o
 .debug_macro   0x00023c13      0x1f7 Core/Src/system_stm32f4xx.o
 .debug_macro   0x00023e0a      0x1ff Drivers/MiYALAB_STM32F446RE/TIM/Timer.o
 .debug_macro   0x00024009      0x358 Drivers/MiYALAB_STM32F446RE/USART/Uart.o
 .debug_macro   0x00024361      0x354 Drivers/MiYALAB_STM32F446RE/USART/UsartCommon.o
 .debug_macro   0x000246b5       0x10 Drivers/MiYALAB_STM32F446RE/USART/UsartCommon.o
 .debug_macro   0x000246c5       0x10 Drivers/MiYALAB_STM32F446RE/USART/UsartCommon.o
 .debug_macro   0x000246d5      0x251 Drivers/STM32F4xx_HAL_Driver/Src/stm32f4xx_hal.o
 .debug_macro   0x00024926      0x1f1 Drivers/STM32F4xx_HAL_Driver/Src/stm32f4xx_hal_cortex.o
 .debug_macro   0x00024b17      0x227 Drivers/STM32F4xx_HAL_Driver/Src/stm32f4xx_hal_gpio.o
 .debug_macro   0x00024d3e      0x209 Drivers/STM32F4xx_HAL_Driver/Src/stm32f4xx_hal_pwr_ex.o
 .debug_macro   0x00024f47      0x215 Drivers/STM32F4xx_HAL_Driver/Src/stm32f4xx_hal_rcc.o
 .debug_macro   0x0002515c      0x1f1 Drivers/STM32F4xx_HAL_Driver/Src/stm32f4xx_hal_rcc_ex.o
 .debug_macro   0x0002534d      0x1f2 Drivers/STM32F4xx_HAL_Driver/Src/stm32f4xx_hal_tim.o
 .debug_macro   0x0002553f      0x1f1 Drivers/STM32F4xx_HAL_Driver/Src/stm32f4xx_hal_tim_ex.o
 .debug_macro   0x00025730      0x1f2 Drivers/STM32F4xx_HAL_Driver/Src/stm32f4xx_hal_uart.o

.debug_line     0x00000000     0xb395
 .debug_line    0x00000000      0xbd8 Core/Src/main.o
 .debug_line    0x00000bd8      0x831 Core/Src/stm32f4xx_it.o
 .debug_line    0x00001409      0x5d6 Core/Src/syscalls.o
 .debug_line    0x000019df      0x7d1 Core/Src/system_stm32f4xx.o
 .debug_line    0x000021b0      0x8d2 Drivers/MiYALAB_STM32F446RE/TIM/Timer.o
 .debug_line    0x00002a82      0xad3 Drivers/MiYALAB_STM32F446RE/USART/Uart.o
 .debug_line    0x00003555      0x9aa Drivers/MiYALAB_STM32F446RE/USART/UsartCommon.o
 .debug_line    0x00003eff      0x9ae Drivers/STM32F4xx_HAL_Driver/Src/stm32f4xx_hal.o
 .debug_line    0x000048ad      0xa00 Drivers/STM32F4xx_HAL_Driver/Src/stm32f4xx_hal_cortex.o
 .debug_line    0x000052ad      0x92c Drivers/STM32F4xx_HAL_Driver/Src/stm32f4xx_hal_gpio.o
 .debug_line    0x00005bd9      0x899 Drivers/STM32F4xx_HAL_Driver/Src/stm32f4xx_hal_pwr_ex.o
 .debug_line    0x00006472      0xa41 Drivers/STM32F4xx_HAL_Driver/Src/stm32f4xx_hal_rcc.o
 .debug_line    0x00006eb3      0xbe5 Drivers/STM32F4xx_HAL_Driver/Src/stm32f4xx_hal_rcc_ex.o
 .debug_line    0x00007a98     0x1999 Drivers/STM32F4xx_HAL_Driver/Src/stm32f4xx_hal_tim.o
 .debug_line    0x00009431      0xde9 Drivers/STM32F4xx_HAL_Driver/Src/stm32f4xx_hal_tim_ex.o
 .debug_line    0x0000a21a     0x10fd Drivers/STM32F4xx_HAL_Driver/Src/stm32f4xx_hal_uart.o
 .debug_line    0x0000b317       0x7e startup/startup_stm32f446xx.o

.debug_str      0x00000000    0xd7412
 .debug_str     0x00000000    0xd252d Core/Src/main.o
                              0xd2a63 (size before relaxing)
 .debug_str     0x000d252d      0x2a7 Core/Src/stm32f4xx_it.o
                              0xcd940 (size before relaxing)
 .debug_str     0x000d27d4     0x13c9 Core/Src/syscalls.o
                               0x85bf (size before relaxing)
 .debug_str     0x000d3b9d       0xc4 Core/Src/system_stm32f4xx.o
                              0xcda5c (size before relaxing)
 .debug_str     0x000d3c61      0x998 Drivers/MiYALAB_STM32F446RE/TIM/Timer.o
                              0xcecf8 (size before relaxing)
 .debug_str     0x000d45f9      0x591 Drivers/MiYALAB_STM32F446RE/USART/Uart.o
                              0xd2947 (size before relaxing)
 .debug_str     0x000d4b8a       0x3c Drivers/MiYALAB_STM32F446RE/USART/UsartCommon.o
                              0xd1c32 (size before relaxing)
 .debug_str     0x000d4bc6      0x580 Drivers/STM32F4xx_HAL_Driver/Src/stm32f4xx_hal.o
                              0xce5af (size before relaxing)
 .debug_str     0x000d5146      0x31a Drivers/STM32F4xx_HAL_Driver/Src/stm32f4xx_hal_cortex.o
                              0xce334 (size before relaxing)
 .debug_str     0x000d5460      0x1de Drivers/STM32F4xx_HAL_Driver/Src/stm32f4xx_hal_gpio.o
                              0xcdc9b (size before relaxing)
 .debug_str     0x000d563e      0x135 Drivers/STM32F4xx_HAL_Driver/Src/stm32f4xx_hal_pwr_ex.o
                              0xcdc4b (size before relaxing)
 .debug_str     0x000d5773      0x25c Drivers/STM32F4xx_HAL_Driver/Src/stm32f4xx_hal_rcc.o
                              0xcde75 (size before relaxing)
 .debug_str     0x000d59cf      0x31c Drivers/STM32F4xx_HAL_Driver/Src/stm32f4xx_hal_rcc_ex.o
                              0xcdeb9 (size before relaxing)
 .debug_str     0x000d5ceb      0xd68 Drivers/STM32F4xx_HAL_Driver/Src/stm32f4xx_hal_tim.o
                              0xceb96 (size before relaxing)
 .debug_str     0x000d6a53      0x472 Drivers/STM32F4xx_HAL_Driver/Src/stm32f4xx_hal_tim_ex.o
                              0xce3ae (size before relaxing)
 .debug_str     0x000d6ec5      0x51e Drivers/STM32F4xx_HAL_Driver/Src/stm32f4xx_hal_uart.o
                              0xce2fa (size before relaxing)
 .debug_str     0x000d73e3       0x2f startup/startup_stm32f446xx.o
                                 0x7f (size before relaxing)

.comment        0x00000000       0x7f
 .comment       0x00000000       0x7f Core/Src/main.o
                                 0x80 (size before relaxing)
 .comment       0x0000007f       0x80 Core/Src/stm32f4xx_it.o
 .comment       0x0000007f       0x80 Core/Src/syscalls.o
 .comment       0x0000007f       0x80 Core/Src/system_stm32f4xx.o
 .comment       0x0000007f       0x80 Drivers/MiYALAB_STM32F446RE/TIM/Timer.o
 .comment       0x0000007f       0x80 Drivers/MiYALAB_STM32F446RE/USART/Uart.o
 .comment       0x0000007f       0x80 Drivers/MiYALAB_STM32F446RE/USART/UsartCommon.o
 .comment       0x0000007f       0x80 Drivers/STM32F4xx_HAL_Driver/Src/stm32f4xx_hal.o
 .comment       0x0000007f       0x80 Drivers/STM32F4xx_HAL_Driver/Src/stm32f4xx_hal_cortex.o
 .comment       0x0000007f       0x80 Drivers/STM32F4xx_HAL_Driver/Src/stm32f4xx_hal_gpio.o
 .comment       0x0000007f       0x80 Drivers/STM32F4xx_HAL_Driver/Src/stm32f4xx_hal_pwr_ex.o
 .comment       0x0000007f       0x80 Drivers/STM32F4xx_HAL_Driver/Src/stm32f4xx_hal_rcc.o
 .comment       0x0000007f       0x80 Drivers/STM32F4xx_HAL_Driver/Src/stm32f4xx_hal_rcc_ex.o
 .comment       0x0000007f       0x80 Drivers/STM32F4xx_HAL_Driver/Src/stm32f4xx_hal_tim.o
 .comment       0x0000007f       0x80 Drivers/STM32F4xx_HAL_Driver/Src/stm32f4xx_hal_tim_ex.o
 .comment       0x0000007f       0x80 Drivers/STM32F4xx_HAL_Driver/Src/stm32f4xx_hal_uart.o

.debug_frame    0x00000000     0x287c
 .debug_frame   0x00000000      0x144 Core/Src/main.o
 .debug_frame   0x00000144       0xa8 Core/Src/stm32f4xx_it.o
 .debug_frame   0x000001ec      0x1a8 Core/Src/syscalls.o
 .debug_frame   0x00000394       0x30 Core/Src/system_stm32f4xx.o
 .debug_frame   0x000003c4       0xe0 Drivers/MiYALAB_STM32F446RE/TIM/Timer.o
 .debug_frame   0x000004a4      0x208 Drivers/MiYALAB_STM32F446RE/USART/Uart.o
 .debug_frame   0x000006ac       0x8c Drivers/MiYALAB_STM32F446RE/USART/UsartCommon.o
 .debug_frame   0x00000738      0x1ec Drivers/STM32F4xx_HAL_Driver/Src/stm32f4xx_hal.o
 .debug_frame   0x00000924      0x15c Drivers/STM32F4xx_HAL_Driver/Src/stm32f4xx_hal_cortex.o
 .debug_frame   0x00000a80       0xd8 Drivers/STM32F4xx_HAL_Driver/Src/stm32f4xx_hal_gpio.o
 .debug_frame   0x00000b58       0xec Drivers/STM32F4xx_HAL_Driver/Src/stm32f4xx_hal_pwr_ex.o
 .debug_frame   0x00000c44      0x184 Drivers/STM32F4xx_HAL_Driver/Src/stm32f4xx_hal_rcc.o
 .debug_frame   0x00000dc8      0x148 Drivers/STM32F4xx_HAL_Driver/Src/stm32f4xx_hal_rcc_ex.o
 .debug_frame   0x00000f10      0xa7c Drivers/STM32F4xx_HAL_Driver/Src/stm32f4xx_hal_tim.o
 .debug_frame   0x0000198c      0x3b4 Drivers/STM32F4xx_HAL_Driver/Src/stm32f4xx_hal_tim_ex.o
 .debug_frame   0x00001d40      0x4f0 Drivers/STM32F4xx_HAL_Driver/Src/stm32f4xx_hal_uart.o
 .debug_frame   0x00002230       0x20 c:/ac6/systemworkbench/plugins/fr.ac6.mcu.externaltools.arm-none.win32_1.17.0.201812190825/tools/compiler/bin/../lib/gcc/arm-none-eabi/7.3.1/../../../../arm-none-eabi/lib/thumb/v7e-m/fpv4-sp/hard\libstdc++_nano.a(atexit_arm.o)
 .debug_frame   0x00002250       0x2c c:/ac6/systemworkbench/plugins/fr.ac6.mcu.externaltools.arm-none.win32_1.17.0.201812190825/tools/compiler/bin/../lib/gcc/arm-none-eabi/7.3.1/thumb/v7e-m/fpv4-sp/hard\libgcc.a(_aeabi_uldivmod.o)
 .debug_frame   0x0000227c       0x34 c:/ac6/systemworkbench/plugins/fr.ac6.mcu.externaltools.arm-none.win32_1.17.0.201812190825/tools/compiler/bin/../lib/gcc/arm-none-eabi/7.3.1/thumb/v7e-m/fpv4-sp/hard\libgcc.a(_udivmoddi4.o)
 .debug_frame   0x000022b0       0x28 c:/ac6/systemworkbench/plugins/fr.ac6.mcu.externaltools.arm-none.win32_1.17.0.201812190825/tools/compiler/bin/../lib/gcc/arm-none-eabi/7.3.1/../../../../arm-none-eabi/lib/thumb/v7e-m/fpv4-sp/hard\libc_nano.a(lib_a-cxa_atexit.o)
 .debug_frame   0x000022d8       0x20 c:/ac6/systemworkbench/plugins/fr.ac6.mcu.externaltools.arm-none.win32_1.17.0.201812190825/tools/compiler/bin/../lib/gcc/arm-none-eabi/7.3.1/../../../../arm-none-eabi/lib/thumb/v7e-m/fpv4-sp/hard\libc_nano.a(lib_a-errno.o)
 .debug_frame   0x000022f8       0x2c c:/ac6/systemworkbench/plugins/fr.ac6.mcu.externaltools.arm-none.win32_1.17.0.201812190825/tools/compiler/bin/../lib/gcc/arm-none-eabi/7.3.1/../../../../arm-none-eabi/lib/thumb/v7e-m/fpv4-sp/hard\libc_nano.a(lib_a-init.o)
 .debug_frame   0x00002324       0x20 c:/ac6/systemworkbench/plugins/fr.ac6.mcu.externaltools.arm-none.win32_1.17.0.201812190825/tools/compiler/bin/../lib/gcc/arm-none-eabi/7.3.1/../../../../arm-none-eabi/lib/thumb/v7e-m/fpv4-sp/hard\libc_nano.a(lib_a-memset.o)
 .debug_frame   0x00002344       0x20 c:/ac6/systemworkbench/plugins/fr.ac6.mcu.externaltools.arm-none.win32_1.17.0.201812190825/tools/compiler/bin/../lib/gcc/arm-none-eabi/7.3.1/../../../../arm-none-eabi/lib/thumb/v7e-m/fpv4-sp/hard\libc_nano.a(lib_a-setbuf.o)
 .debug_frame   0x00002364       0x38 c:/ac6/systemworkbench/plugins/fr.ac6.mcu.externaltools.arm-none.win32_1.17.0.201812190825/tools/compiler/bin/../lib/gcc/arm-none-eabi/7.3.1/../../../../arm-none-eabi/lib/thumb/v7e-m/fpv4-sp/hard\libc_nano.a(lib_a-setvbuf.o)
 .debug_frame   0x0000239c       0x68 c:/ac6/systemworkbench/plugins/fr.ac6.mcu.externaltools.arm-none.win32_1.17.0.201812190825/tools/compiler/bin/../lib/gcc/arm-none-eabi/7.3.1/../../../../arm-none-eabi/lib/thumb/v7e-m/fpv4-sp/hard\libc_nano.a(lib_a-fflush.o)
 .debug_frame   0x00002404      0x11c c:/ac6/systemworkbench/plugins/fr.ac6.mcu.externaltools.arm-none.win32_1.17.0.201812190825/tools/compiler/bin/../lib/gcc/arm-none-eabi/7.3.1/../../../../arm-none-eabi/lib/thumb/v7e-m/fpv4-sp/hard\libc_nano.a(lib_a-findfp.o)
 .debug_frame   0x00002520       0x54 c:/ac6/systemworkbench/plugins/fr.ac6.mcu.externaltools.arm-none.win32_1.17.0.201812190825/tools/compiler/bin/../lib/gcc/arm-none-eabi/7.3.1/../../../../arm-none-eabi/lib/thumb/v7e-m/fpv4-sp/hard\libc_nano.a(lib_a-fwalk.o)
 .debug_frame   0x00002574       0x58 c:/ac6/systemworkbench/plugins/fr.ac6.mcu.externaltools.arm-none.win32_1.17.0.201812190825/tools/compiler/bin/../lib/gcc/arm-none-eabi/7.3.1/../../../../arm-none-eabi/lib/thumb/v7e-m/fpv4-sp/hard\libc_nano.a(lib_a-makebuf.o)
 .debug_frame   0x000025cc       0x30 c:/ac6/systemworkbench/plugins/fr.ac6.mcu.externaltools.arm-none.win32_1.17.0.201812190825/tools/compiler/bin/../lib/gcc/arm-none-eabi/7.3.1/../../../../arm-none-eabi/lib/thumb/v7e-m/fpv4-sp/hard\libc_nano.a(lib_a-malloc.o)
 .debug_frame   0x000025fc       0x38 c:/ac6/systemworkbench/plugins/fr.ac6.mcu.externaltools.arm-none.win32_1.17.0.201812190825/tools/compiler/bin/../lib/gcc/arm-none-eabi/7.3.1/../../../../arm-none-eabi/lib/thumb/v7e-m/fpv4-sp/hard\libc_nano.a(lib_a-nano-freer.o)
 .debug_frame   0x00002634       0x2c c:/ac6/systemworkbench/plugins/fr.ac6.mcu.externaltools.arm-none.win32_1.17.0.201812190825/tools/compiler/bin/../lib/gcc/arm-none-eabi/7.3.1/../../../../arm-none-eabi/lib/thumb/v7e-m/fpv4-sp/hard\libc_nano.a(lib_a-nano-mallocr.o)
 .debug_frame   0x00002660       0x2c c:/ac6/systemworkbench/plugins/fr.ac6.mcu.externaltools.arm-none.win32_1.17.0.201812190825/tools/compiler/bin/../lib/gcc/arm-none-eabi/7.3.1/../../../../arm-none-eabi/lib/thumb/v7e-m/fpv4-sp/hard\libc_nano.a(lib_a-sbrkr.o)
 .debug_frame   0x0000268c       0x88 c:/ac6/systemworkbench/plugins/fr.ac6.mcu.externaltools.arm-none.win32_1.17.0.201812190825/tools/compiler/bin/../lib/gcc/arm-none-eabi/7.3.1/../../../../arm-none-eabi/lib/thumb/v7e-m/fpv4-sp/hard\libc_nano.a(lib_a-stdio.o)
 .debug_frame   0x00002714       0x2c c:/ac6/systemworkbench/plugins/fr.ac6.mcu.externaltools.arm-none.win32_1.17.0.201812190825/tools/compiler/bin/../lib/gcc/arm-none-eabi/7.3.1/../../../../arm-none-eabi/lib/thumb/v7e-m/fpv4-sp/hard\libc_nano.a(lib_a-writer.o)
 .debug_frame   0x00002740       0x2c c:/ac6/systemworkbench/plugins/fr.ac6.mcu.externaltools.arm-none.win32_1.17.0.201812190825/tools/compiler/bin/../lib/gcc/arm-none-eabi/7.3.1/../../../../arm-none-eabi/lib/thumb/v7e-m/fpv4-sp/hard\libc_nano.a(lib_a-closer.o)
 .debug_frame   0x0000276c       0x2c c:/ac6/systemworkbench/plugins/fr.ac6.mcu.externaltools.arm-none.win32_1.17.0.201812190825/tools/compiler/bin/../lib/gcc/arm-none-eabi/7.3.1/../../../../arm-none-eabi/lib/thumb/v7e-m/fpv4-sp/hard\libc_nano.a(lib_a-fstatr.o)
 .debug_frame   0x00002798       0x2c c:/ac6/systemworkbench/plugins/fr.ac6.mcu.externaltools.arm-none.win32_1.17.0.201812190825/tools/compiler/bin/../lib/gcc/arm-none-eabi/7.3.1/../../../../arm-none-eabi/lib/thumb/v7e-m/fpv4-sp/hard\libc_nano.a(lib_a-lseekr.o)
 .debug_frame   0x000027c4       0x30 c:/ac6/systemworkbench/plugins/fr.ac6.mcu.externaltools.arm-none.win32_1.17.0.201812190825/tools/compiler/bin/../lib/gcc/arm-none-eabi/7.3.1/../../../../arm-none-eabi/lib/thumb/v7e-m/fpv4-sp/hard\libc_nano.a(lib_a-mlock.o)
 .debug_frame   0x000027f4       0x2c c:/ac6/systemworkbench/plugins/fr.ac6.mcu.externaltools.arm-none.win32_1.17.0.201812190825/tools/compiler/bin/../lib/gcc/arm-none-eabi/7.3.1/../../../../arm-none-eabi/lib/thumb/v7e-m/fpv4-sp/hard\libc_nano.a(lib_a-readr.o)
 .debug_frame   0x00002820       0x5c c:/ac6/systemworkbench/plugins/fr.ac6.mcu.externaltools.arm-none.win32_1.17.0.201812190825/tools/compiler/bin/../lib/gcc/arm-none-eabi/7.3.1/../../../../arm-none-eabi/lib/thumb/v7e-m/fpv4-sp/hard\libc_nano.a(lib_a-reent.o)
