Archive member included to satisfy reference by file (symbol)

c:/ac6/systemworkbench/plugins/fr.ac6.mcu.externaltools.arm-none.win32_1.17.0.201812190825/tools/compiler/bin/../lib/gcc/arm-none-eabi/7.3.1/../../../../arm-none-eabi/lib/thumb/v7e-m/fpv4-sp/hard\libstdc++_nano.a(atexit_arm.o)
                              Core/Src/main.o (__aeabi_atexit)
c:/ac6/systemworkbench/plugins/fr.ac6.mcu.externaltools.arm-none.win32_1.17.0.201812190825/tools/compiler/bin/../lib/gcc/arm-none-eabi/7.3.1/thumb/v7e-m/fpv4-sp/hard\libgcc.a(_aeabi_uldivmod.o)
                              Drivers/STM32F4xx_HAL_Driver/Src/stm32f4xx_hal_rcc.o (__aeabi_uldivmod)
c:/ac6/systemworkbench/plugins/fr.ac6.mcu.externaltools.arm-none.win32_1.17.0.201812190825/tools/compiler/bin/../lib/gcc/arm-none-eabi/7.3.1/thumb/v7e-m/fpv4-sp/hard\libgcc.a(_udivmoddi4.o)
                              c:/ac6/systemworkbench/plugins/fr.ac6.mcu.externaltools.arm-none.win32_1.17.0.201812190825/tools/compiler/bin/../lib/gcc/arm-none-eabi/7.3.1/thumb/v7e-m/fpv4-sp/hard\libgcc.a(_aeabi_uldivmod.o) (__udivmoddi4)
c:/ac6/systemworkbench/plugins/fr.ac6.mcu.externaltools.arm-none.win32_1.17.0.201812190825/tools/compiler/bin/../lib/gcc/arm-none-eabi/7.3.1/thumb/v7e-m/fpv4-sp/hard\libgcc.a(_dvmd_tls.o)
                              c:/ac6/systemworkbench/plugins/fr.ac6.mcu.externaltools.arm-none.win32_1.17.0.201812190825/tools/compiler/bin/../lib/gcc/arm-none-eabi/7.3.1/thumb/v7e-m/fpv4-sp/hard\libgcc.a(_aeabi_uldivmod.o) (__aeabi_ldiv0)
c:/ac6/systemworkbench/plugins/fr.ac6.mcu.externaltools.arm-none.win32_1.17.0.201812190825/tools/compiler/bin/../lib/gcc/arm-none-eabi/7.3.1/../../../../arm-none-eabi/lib/thumb/v7e-m/fpv4-sp/hard\libc_nano.a(lib_a-cxa_atexit.o)
                              c:/ac6/systemworkbench/plugins/fr.ac6.mcu.externaltools.arm-none.win32_1.17.0.201812190825/tools/compiler/bin/../lib/gcc/arm-none-eabi/7.3.1/../../../../arm-none-eabi/lib/thumb/v7e-m/fpv4-sp/hard\libstdc++_nano.a(atexit_arm.o) (__cxa_atexit)
c:/ac6/systemworkbench/plugins/fr.ac6.mcu.externaltools.arm-none.win32_1.17.0.201812190825/tools/compiler/bin/../lib/gcc/arm-none-eabi/7.3.1/../../../../arm-none-eabi/lib/thumb/v7e-m/fpv4-sp/hard\libc_nano.a(lib_a-errno.o)
                              Core/Src/syscalls.o (__errno)
c:/ac6/systemworkbench/plugins/fr.ac6.mcu.externaltools.arm-none.win32_1.17.0.201812190825/tools/compiler/bin/../lib/gcc/arm-none-eabi/7.3.1/../../../../arm-none-eabi/lib/thumb/v7e-m/fpv4-sp/hard\libc_nano.a(lib_a-exit.o)
                              c:/ac6/systemworkbench/plugins/fr.ac6.mcu.externaltools.arm-none.win32_1.17.0.201812190825/tools/compiler/bin/../lib/gcc/arm-none-eabi/7.3.1/../../../../arm-none-eabi/lib/thumb/v7e-m/fpv4-sp/hard/crt0.o (exit)
c:/ac6/systemworkbench/plugins/fr.ac6.mcu.externaltools.arm-none.win32_1.17.0.201812190825/tools/compiler/bin/../lib/gcc/arm-none-eabi/7.3.1/../../../../arm-none-eabi/lib/thumb/v7e-m/fpv4-sp/hard\libc_nano.a(lib_a-impure.o)
                              c:/ac6/systemworkbench/plugins/fr.ac6.mcu.externaltools.arm-none.win32_1.17.0.201812190825/tools/compiler/bin/../lib/gcc/arm-none-eabi/7.3.1/../../../../arm-none-eabi/lib/thumb/v7e-m/fpv4-sp/hard\libc_nano.a(lib_a-exit.o) (_global_impure_ptr)
c:/ac6/systemworkbench/plugins/fr.ac6.mcu.externaltools.arm-none.win32_1.17.0.201812190825/tools/compiler/bin/../lib/gcc/arm-none-eabi/7.3.1/../../../../arm-none-eabi/lib/thumb/v7e-m/fpv4-sp/hard\libc_nano.a(lib_a-init.o)
                              c:/ac6/systemworkbench/plugins/fr.ac6.mcu.externaltools.arm-none.win32_1.17.0.201812190825/tools/compiler/bin/../lib/gcc/arm-none-eabi/7.3.1/../../../../arm-none-eabi/lib/thumb/v7e-m/fpv4-sp/hard/crt0.o (__libc_init_array)
c:/ac6/systemworkbench/plugins/fr.ac6.mcu.externaltools.arm-none.win32_1.17.0.201812190825/tools/compiler/bin/../lib/gcc/arm-none-eabi/7.3.1/../../../../arm-none-eabi/lib/thumb/v7e-m/fpv4-sp/hard\libc_nano.a(lib_a-memset.o)
                              c:/ac6/systemworkbench/plugins/fr.ac6.mcu.externaltools.arm-none.win32_1.17.0.201812190825/tools/compiler/bin/../lib/gcc/arm-none-eabi/7.3.1/../../../../arm-none-eabi/lib/thumb/v7e-m/fpv4-sp/hard/crt0.o (memset)
c:/ac6/systemworkbench/plugins/fr.ac6.mcu.externaltools.arm-none.win32_1.17.0.201812190825/tools/compiler/bin/../lib/gcc/arm-none-eabi/7.3.1/../../../../arm-none-eabi/lib/thumb/v7e-m/fpv4-sp/hard\libc_nano.a(lib_a-on_exit_args.o)
                              c:/ac6/systemworkbench/plugins/fr.ac6.mcu.externaltools.arm-none.win32_1.17.0.201812190825/tools/compiler/bin/../lib/gcc/arm-none-eabi/7.3.1/../../../../arm-none-eabi/lib/thumb/v7e-m/fpv4-sp/hard\libc_nano.a(lib_a-cxa_atexit.o) (__on_exit_args)
c:/ac6/systemworkbench/plugins/fr.ac6.mcu.externaltools.arm-none.win32_1.17.0.201812190825/tools/compiler/bin/../lib/gcc/arm-none-eabi/7.3.1/../../../../arm-none-eabi/lib/thumb/v7e-m/fpv4-sp/hard\libc_nano.a(lib_a-setbuf.o)
[...]
Memory Configuration

Name             Origin             Length             Attributes
RAM              0x20000000         0x00020000         xrw
FLASH            0x08000000         0x00080000         xr
*default*        0x00000000         0xffffffff

Linker script and memory map

LOAD c:/ac6/systemworkbench/plugins/fr.ac6.mcu.externaltools.arm-none.win32_1.17.0.201812190825/tools/compiler/bin/../lib/gcc/arm-none-eabi/7.3.1/thumb/v7e-m/fpv4-sp/hard/crti.o
LOAD c:/ac6/systemworkbench/plugins/fr.ac6.mcu.externaltools.arm-none.win32_1.17.0.201812190825/tools/compiler/bin/../lib/gcc/arm-none-eabi/7.3.1/thumb/v7e-m/fpv4-sp/hard/crtbegin.o
LOAD c:/ac6/systemworkbench/plugins/fr.ac6.mcu.externaltools.arm-none.win32_1.17.0.201812190825/tools/compiler/bin/../lib/gcc/arm-none-eabi/7.3.1/../../../../arm-none-eabi/lib/thumb/v7e-m/fpv4-sp/hard/crt0.o
LOAD Core/Src/main.o
LOAD Core/Src/stm32f4xx_it.o
LOAD Core/Src/syscalls.o
LOAD Core/Src/system_stm32f4xx.o
LOAD Drivers/MiYALAB_STM32F446RE/ADC/MiYALAB_STM32F446RE_ADC.o
LOAD Drivers/MiYALAB_STM32F446RE/MiYALAB_STM32F446RE.o
LOAD Drivers/MiYALAB_STM32F446RE/SPI/MiYALAB_STM32F446RE_SPI.o
LOAD Drivers/MiYALAB_STM32F446RE/TIM/MiYALAB_STM32F446RE_TIM.o
LOAD Drivers/MiYALAB_STM32F446RE/USART/MiYALAB_STM32F446RE_USART.o
LOAD Drivers/STM32F4xx_HAL_Driver/Src/stm32f4xx_hal.o
LOAD Drivers/STM32F4xx_HAL_Driver/Src/stm32f4xx_hal_adc.o
LOAD Drivers/STM32F4xx_HAL_Driver/Src/stm32f4xx_hal_adc_ex.o
LOAD Drivers/STM32F4xx_HAL_Driver/Src/stm32f4xx_hal_can.o
LOAD Drivers/STM32F4xx_HAL_Driver/Src/stm32f4xx_hal_cec.o
LOAD Drivers/STM32F4xx_HAL_Driver/Src/stm32f4xx_hal_cortex.o
LOAD Drivers/STM32F4xx_HAL_Driver/Src/stm32f4xx_hal_crc.o
LOAD Drivers/STM32F4xx_HAL_Driver/Src/stm32f4xx_hal_cryp.o
LOAD Drivers/STM32F4xx_HAL_Driver/Src/stm32f4xx_hal_cryp_ex.o
LOAD Drivers/STM32F4xx_HAL_Driver/Src/stm32f4xx_hal_dac.o
LOAD Drivers/STM32F4xx_HAL_Driver/Src/stm32f4xx_hal_dac_ex.o
LOAD Drivers/STM32F4xx_HAL_Driver/Src/stm32f4xx_hal_dcmi.o
LOAD Drivers/STM32F4xx_HAL_Driver/Src/stm32f4xx_hal_dcmi_ex.o
LOAD Drivers/STM32F4xx_HAL_Driver/Src/stm32f4xx_hal_dfsdm.o
LOAD Drivers/STM32F4xx_HAL_Driver/Src/stm32f4xx_hal_dma.o
LOAD Drivers/STM32F4xx_HAL_Driver/Src/stm32f4xx_hal_dma2d.o
LOAD Drivers/STM32F4xx_HAL_Driver/Src/stm32f4xx_hal_dma_ex.o
LOAD Drivers/STM32F4xx_HAL_Driver/Src/stm32f4xx_hal_dsi.o
LOAD Drivers/STM32F4xx_HAL_Driver/Src/stm32f4xx_hal_eth.o
LOAD Drivers/STM32F4xx_HAL_Driver/Src/stm32f4xx_hal_exti.o
LOAD Drivers/STM32F4xx_HAL_Driver/Src/stm32f4xx_hal_flash.o
LOAD Drivers/STM32F4xx_HAL_Driver/Src/stm32f4xx_hal_flash_ex.o
LOAD Drivers/STM32F4xx_HAL_Driver/Src/stm32f4xx_hal_flash_ramfunc.o
LOAD Drivers/STM32F4xx_HAL_Driver/Src/stm32f4xx_hal_fmpi2c.o
LOAD Drivers/STM32F4xx_HAL_Driver/Src/stm32f4xx_hal_fmpi2c_ex.o
LOAD Drivers/STM32F4xx_HAL_Driver/Src/stm32f4xx_hal_fmpsmbus.o
LOAD Drivers/STM32F4xx_HAL_Driver/Src/stm32f4xx_hal_gpio.o
LOAD Drivers/STM32F4xx_HAL_Driver/Src/stm32f4xx_hal_hash.o
LOAD Drivers/STM32F4xx_HAL_Driver/Src/stm32f4xx_hal_hash_ex.o
LOAD Drivers/STM32F4xx_HAL_Driver/Src/stm32f4xx_hal_hcd.o
LOAD Drivers/STM32F4xx_HAL_Driver/Src/stm32f4xx_hal_i2c.o
LOAD Drivers/STM32F4xx_HAL_Driver/Src/stm32f4xx_hal_i2c_ex.o
LOAD Drivers/STM32F4xx_HAL_Driver/Src/stm32f4xx_hal_i2s.o
LOAD Drivers/STM32F4xx_HAL_Driver/Src/stm32f4xx_hal_i2s_ex.o
LOAD Drivers/STM32F4xx_HAL_Driver/Src/stm32f4xx_hal_irda.o
LOAD Drivers/STM32F4xx_HAL_Driver/Src/stm32f4xx_hal_iwdg.o
LOAD Drivers/STM32F4xx_HAL_Driver/Src/stm32f4xx_hal_lptim.o
LOAD Drivers/STM32F4xx_HAL_Driver/Src/stm32f4xx_hal_ltdc.o
LOAD Drivers/STM32F4xx_HAL_Driver/Src/stm32f4xx_hal_ltdc_ex.o
LOAD Drivers/STM32F4xx_HAL_Driver/Src/stm32f4xx_hal_mmc.o
LOAD Drivers/STM32F4xx_HAL_Driver/Src/stm32f4xx_hal_nand.o
LOAD Drivers/STM32F4xx_HAL_Driver/Src/stm32f4xx_hal_nor.o
LOAD Drivers/STM32F4xx_HAL_Driver/Src/stm32f4xx_hal_pccard.o
LOAD Drivers/STM32F4xx_HAL_Driver/Src/stm32f4xx_hal_pcd.o
LOAD Drivers/STM32F4xx_HAL_Driver/Src/stm32f4xx_hal_pcd_ex.o
LOAD Drivers/STM32F4xx_HAL_Driver/Src/stm32f4xx_hal_pwr.o
LOAD Drivers/STM32F4xx_HAL_Driver/Src/stm32f4xx_hal_pwr_ex.o
LOAD Drivers/STM32F4xx_HAL_Driver/Src/stm32f4xx_hal_qspi.o
LOAD Drivers/STM32F4xx_HAL_Driver/Src/stm32f4xx_hal_rcc.o
LOAD Drivers/STM32F4xx_HAL_Driver/Src/stm32f4xx_hal_rcc_ex.o
LOAD Drivers/STM32F4xx_HAL_Driver/Src/stm32f4xx_hal_rng.o
LOAD Drivers/STM32F4xx_HAL_Driver/Src/stm32f4xx_hal_rtc.o
LOAD Drivers/STM32F4xx_HAL_Driver/Src/stm32f4xx_hal_rtc_ex.o
LOAD Drivers/STM32F4xx_HAL_Driver/Src/stm32f4xx_hal_sai.o
LOAD Drivers/STM32F4xx_HAL_Driver/Src/stm32f4xx_hal_sai_ex.o
LOAD Drivers/STM32F4xx_HAL_Driver/Src/stm32f4xx_hal_sd.o
LOAD Drivers/STM32F4xx_HAL_Driver/Src/stm32f4xx_hal_sdram.o
LOAD Drivers/STM32F4xx_HAL_Driver/Src/stm32f4xx_hal_smartcard.o
LOAD Drivers/STM32F4xx_HAL_Driver/Src/stm32f4xx_hal_smbus.o
LOAD Drivers/STM32F4xx_HAL_Driver/Src/stm32f4xx_hal_spdifrx.o
LOAD Drivers/STM32F4xx_HAL_Driver/Src/stm32f4xx_hal_spi.o
LOAD Drivers/STM32F4xx_HAL_Driver/Src/stm32f4xx_hal_sram.o
LOAD Drivers/STM32F4xx_HAL_Driver/Src/stm32f4xx_hal_tim.o
LOAD Drivers/STM32F4xx_HAL_Driver/Src/stm32f4xx_hal_tim_ex.o
LOAD Drivers/STM32F4xx_HAL_Driver/Src/stm32f4xx_hal_uart.o
LOAD Drivers/STM32F4xx_HAL_Driver/Src/stm32f4xx_hal_usart.o
LOAD Drivers/STM32F4xx_HAL_Driver/Src/stm32f4xx_hal_wwdg.o
LOAD startup/startup_stm32f446xx.o
LOAD c:/ac6/systemworkbench/plugins/fr.ac6.mcu.externaltools.arm-none.win32_1.17.0.201812190825/tools/compiler/bin/../lib/gcc/arm-none-eabi/7.3.1/../../../../arm-none-eabi/lib/thumb/v7e-m/fpv4-sp/hard\libstdc++_nano.a
LOAD c:/ac6/systemworkbench/plugins/fr.ac6.mcu.externaltools.arm-none.win32_1.17.0.201812190825/tools/compiler/bin/../lib/gcc/arm-none-eabi/7.3.1/../../../../arm-none-eabi/lib/thumb/v7e-m/fpv4-sp/hard\libm.a
START GROUP
LOAD c:/ac6/systemworkbench/plugins/fr.ac6.mcu.externaltools.arm-none.win32_1.17.0.201812190825/tools/compiler/bin/../lib/gcc/arm-none-eabi/7.3.1/thumb/v7e-m/fpv4-sp/hard\libgcc.a
LOAD c:/ac6/systemworkbench/plugins/fr.ac6.mcu.externaltools.arm-none.win32_1.17.0.201812190825/tools/compiler/bin/../lib/gcc/arm-none-eabi/7.3.1/../../../../arm-none-eabi/lib/thumb/v7e-m/fpv4-sp/hard\libc_nano.a
END GROUP
START GROUP
LOAD c:/ac6/systemworkbench/plugins/fr.ac6.mcu.externaltools.arm-none.win32_1.17.0.201812190825/tools/compiler/bin/../lib/gcc/arm-none-eabi/7.3.1/thumb/v7e-m/fpv4-sp/hard\libgcc.a
LOAD c:/ac6/systemworkbench/plugins/fr.ac6.mcu.externaltools.arm-none.win32_1.17.0.201812190825/tools/compiler/bin/../lib/gcc/arm-none-eabi/7.3.1/../../../../arm-none-eabi/lib/thumb/v7e-m/fpv4-sp/hard\libc_nano.a
LOAD c:/ac6/systemworkbench/plugins/fr.ac6.mcu.externaltools.arm-none.win32_1.17.0.201812190825/tools/compiler/bin/../lib/gcc/arm-none-eabi/7.3.1/../../../../arm-none-eabi/lib/thumb/v7e-m/fpv4-sp/hard\libnosys.a
END GROUP
START GROUP
LOAD c:/ac6/systemworkbench/plugins/fr.ac6.mcu.externaltools.arm-none.win32_1.17.0.201812190825/tools/compiler/bin/../lib/gcc/arm-none-eabi/7.3.1/thumb/v7e-m/fpv4-sp/hard\libgcc.a
LOAD c:/ac6/systemworkbench/plugins/fr.ac6.mcu.externaltools.arm-none.win32_1.17.0.201812190825/tools/compiler/bin/../lib/gcc/arm-none-eabi/7.3.1/../../../../arm-none-eabi/lib/thumb/v7e-m/fpv4-sp/hard\libc_nano.a
LOAD c:/ac6/systemworkbench/plugins/fr.ac6.mcu.externaltools.arm-none.win32_1.17.0.201812190825/tools/compiler/bin/../lib/gcc/arm-none-eabi/7.3.1/../../../../arm-none-eabi/lib/thumb/v7e-m/fpv4-sp/hard\libnosys.a
END GROUP
LOAD c:/ac6/systemworkbench/plugins/fr.ac6.mcu.externaltools.arm-none.win32_1.17.0.201812190825/tools/compiler/bin/../lib/gcc/arm-none-eabi/7.3.1/thumb/v7e-m/fpv4-sp/hard/crtend.o
LOAD c:/ac6/systemworkbench/plugins/fr.ac6.mcu.externaltools.arm-none.win32_1.17.0.201812190825/tools/compiler/bin/../lib/gcc/arm-none-eabi/7.3.1/thumb/v7e-m/fpv4-sp/hard/crtn.o
                0x20020000                _estack = 0x20020000
                0x00000200                _Min_Heap_Size = 0x200
                0x00000400                _Min_Stack_Size = 0x400

.isr_vector     0x08000000      0x1c4
                0x08000000                . = ALIGN (0x4)
 *(.isr_vector)
 .isr_vector    0x08000000      0x1c4 startup/startup_stm32f446xx.o
                0x08000000                g_pfnVectors
                0x080001c4                . = ALIGN (0x4)

.text           0x080001c4     0x2408
                0x080001c4                . = ALIGN (0x4)
 *(.text)
 .text          0x080001c4       0x40 c:/ac6/systemworkbench/plugins/fr.ac6.mcu.externaltools.arm-none.win32_1.17.0.201812190825/tools/compiler/bin/../lib/gcc/arm-none-eabi/7.3.1/thumb/v7e-m/fpv4-sp/hard/crtbegin.o
 .text          0x08000204       0x30 c:/ac6/systemworkbench/plugins/fr.ac6.mcu.externaltools.arm-none.win32_1.17.0.201812190825/tools/compiler/bin/../lib/gcc/arm-none-eabi/7.3.1/thumb/v7e-m/fpv4-sp/hard\libgcc.a(_aeabi_uldivmod.o)
                0x08000204                __aeabi_uldivmod
 .text          0x08000234      0x2cc c:/ac6/systemworkbench/plugins/fr.ac6.mcu.externaltools.arm-none.win32_1.17.0.201812190825/tools/compiler/bin/../lib/gcc/arm-none-eabi/7.3.1/thumb/v7e-m/fpv4-sp/hard\libgcc.a(_udivmoddi4.o)
                0x08000234                __udivmoddi4
 .text          0x08000500        0x4 c:/ac6/systemworkbench/plugins/fr.ac6.mcu.externaltools.arm-none.win32_1.17.0.201812190825/tools/compiler/bin/../lib/gcc/arm-none-eabi/7.3.1/thumb/v7e-m/fpv4-sp/hard\libgcc.a(_dvmd_tls.o)
                0x08000500                __aeabi_idiv0
                0x08000500                __aeabi_ldiv0
 *(.text*)
 .text._Z13HardwareSetupv
                0x08000504      0x184 Core/Src/main.o
                0x08000504                HardwareSetup()
 .text.main     0x08000688       0x38 Core/Src/main.o
                0x08000688                main
 .text._ZN7MiYALAB11STM32F446RE13USART_PutCharEh
                0x080006c0       0x20 Core/Src/main.o
                0x080006c0                MiYALAB::STM32F446RE::USART_PutChar(unsigned char)
 .text._ZN7MiYALAB11STM32F446RE14USART_EchoBackEh
                0x080006e0       0x20 Core/Src/main.o
                0x080006e0                MiYALAB::STM32F446RE::USART_EchoBack(unsigned char)
 .text._ZN7MiYALAB11STM32F446RE13USART_GetCharEPh
                0x08000700       0x14 Core/Src/main.o
                0x08000700                MiYALAB::STM32F446RE::USART_GetChar(unsigned char*)
 .text._ZN7MiYALAB11MultiAccessItEC2Ev
                0x08000714        0x6 Core/Src/main.o
                0x08000714                MiYALAB::MultiAccess<unsigned short>::MultiAccess()
                0x08000714                MiYALAB::MultiAccess<unsigned short>::MultiAccess()
 *fill*         0x0800071a        0x2 
 .text._Z41__static_initialization_and_destruction_0ii
                0x0800071c       0x4c Core/Src/main.o
 .text._ZN7MiYALAB11MultiAccessItE3AddEt
                0x08000768        0x8 Core/Src/main.o
                0x08000768                MiYALAB::MultiAccess<unsigned short>::Add(unsigned short)
 .text._ZN7MiYALAB11STM32F446RE22TIM7_InterruptFunctionEv
                0x08000770       0x10 Core/Src/main.o
                0x08000770                MiYALAB::STM32F446RE::TIM7_InterruptFunction()
 .text._GLOBAL__sub_I_delayCnt
                0x08000780        0xe Core/Src/main.o
 .text.NMI_Handler
                0x0800078e        0x2 Core/Src/stm32f4xx_it.o
                0x0800078e                NMI_Handler
 .text.HardFault_Handler
                0x08000790        0x2 Core/Src/stm32f4xx_it.o
                0x08000790                HardFault_Handler
 .text.MemManage_Handler
                0x08000792        0x2 Core/Src/stm32f4xx_it.o
                0x08000792                MemManage_Handler
 .text.BusFault_Handler
                0x08000794        0x2 Core/Src/stm32f4xx_it.o
                0x08000794                BusFault_Handler
 .text.UsageFault_Handler
                0x08000796        0x2 Core/Src/stm32f4xx_it.o
                0x08000796                UsageFault_Handler
 .text.SVC_Handler
                0x08000798        0x2 Core/Src/stm32f4xx_it.o
                0x08000798                SVC_Handler
 .text.DebugMon_Handler
                0x0800079a        0x2 Core/Src/stm32f4xx_it.o
                0x0800079a                DebugMon_Handler
 .text.PendSV_Handler
                0x0800079c        0x2 Core/Src/stm32f4xx_it.o
                0x0800079c                PendSV_Handler
 .text.SysTick_Handler
                0x0800079e        0x8 Core/Src/stm32f4xx_it.o
                0x0800079e                SysTick_Handler
 .text._read    0x080007a6       0x1c Core/Src/syscalls.o
                0x080007a6                _read
 .text._write   0x080007c2       0x1c Core/Src/syscalls.o
                0x080007c2                _write
 *fill*         0x080007de        0x2 
 .text._sbrk    0x080007e0       0x3c Core/Src/syscalls.o
                0x080007e0                _sbrk
 .text._close   0x0800081c        0x6 Core/Src/syscalls.o
                0x0800081c                _close
 .text._fstat   0x08000822        0xa Core/Src/syscalls.o
                0x08000822                _fstat
 .text._lseek   0x0800082c        0x4 Core/Src/syscalls.o
                0x0800082c                _lseek
 .text.SystemInit
                0x08000830       0x1c Core/Src/system_stm32f4xx.o
                0x08000830                SystemInit
 .text._ZN7MiYALAB11STM32F446RE22TIM6_InterruptFunctionEv
                0x0800084c        0x2 Drivers/MiYALAB_STM32F446RE/TIM/MiYALAB_STM32F446RE_TIM.o
                0x0800084c                MiYALAB::STM32F446RE::TIM6_InterruptFunction()
 *fill*         0x0800084e        0x2 
 .text.TIM6_DAC_IRQHandler
                0x08000850       0x14 Drivers/MiYALAB_STM32F446RE/TIM/MiYALAB_STM32F446RE_TIM.o
                0x08000850                TIM6_DAC_IRQHandler
 .text._ZN7MiYALAB11STM32F446RE14TIM7_TimerModeD2Ev
                0x08000864       0x30 Drivers/MiYALAB_STM32F446RE/TIM/MiYALAB_STM32F446RE_TIM.o
                0x08000864                MiYALAB::STM32F446RE::TIM7_TimerMode::~TIM7_TimerMode()
                0x08000864                MiYALAB::STM32F446RE::TIM7_TimerMode::~TIM7_TimerMode()
 .text._ZN7MiYALAB11STM32F446RE14TIM7_TimerMode4InitEtt
                0x08000894       0x84 Drivers/MiYALAB_STM32F446RE/TIM/MiYALAB_STM32F446RE_TIM.o
                0x08000894                MiYALAB::STM32F446RE::TIM7_TimerMode::Init(unsigned short, unsigned short)
 .text.TIM7_IRQHandler
                0x08000918       0x14 Drivers/MiYALAB_STM32F446RE/TIM/MiYALAB_STM32F446RE_TIM.o
                0x08000918                TIM7_IRQHandler
 .text._ZN7MiYALAB11STM32F446RE14USART_UartMode4InitEmmmm
                0x0800092c       0x24 Drivers/MiYALAB_STM32F446RE/USART/MiYALAB_STM32F446RE_USART.o
                0x0800092c                MiYALAB::STM32F446RE::USART_UartMode::Init(unsigned long, unsigned long, unsigned long, unsigned long)
 .text._ZN7MiYALAB11STM32F446RE15USART2_UartModeC2Ev
                0x08000950       0x2c Drivers/MiYALAB_STM32F446RE/USART/MiYALAB_STM32F446RE_USART.o
                0x08000950                MiYALAB::STM32F446RE::USART2_UartMode::USART2_UartMode()
                0x08000950                MiYALAB::STM32F446RE::USART2_UartMode::USART2_UartMode()
 .text._ZN7MiYALAB11STM32F446RE15USART2_UartModeD2Ev
                0x0800097c       0x1c Drivers/MiYALAB_STM32F446RE/USART/MiYALAB_STM32F446RE_USART.o
                0x0800097c                MiYALAB::STM32F446RE::USART2_UartMode::~USART2_UartMode()
                0x0800097c                MiYALAB::STM32F446RE::USART2_UartMode::~USART2_UartMode()
 .text._ZN7MiYALAB11STM32F446RE15USART2_UartMode6EnableEv
                0x08000998       0x48 Drivers/MiYALAB_STM32F446RE/USART/MiYALAB_STM32F446RE_USART.o
                0x08000998                MiYALAB::STM32F446RE::USART2_UartMode::Enable()
 .text._ZN7MiYALAB11STM32F446RE17USART_stdioEnableEv
                0x080009e0       0x20 Drivers/MiYALAB_STM32F446RE/USART/MiYALAB_STM32F446RE_USART.o
                0x080009e0                MiYALAB::STM32F446RE::USART_stdioEnable()
 .text.__io_putchar
                0x08000a00        0x8 Drivers/MiYALAB_STM32F446RE/USART/MiYALAB_STM32F446RE_USART.o
                0x08000a00                __io_putchar
 .text.__io_getchar
                0x08000a08       0x24 Drivers/MiYALAB_STM32F446RE/USART/MiYALAB_STM32F446RE_USART.o
                0x08000a08                __io_getchar
 .text.HAL_MspInit
                0x08000a2c        0x2 Drivers/STM32F4xx_HAL_Driver/Src/stm32f4xx_hal.o
                0x08000a2c                HAL_MspInit
 *fill*         0x08000a2e        0x2 
 .text.HAL_InitTick
                0x08000a30       0x48 Drivers/STM32F4xx_HAL_Driver/Src/stm32f4xx_hal.o
                0x08000a30                HAL_InitTick
 .text.HAL_Init
                0x08000a78       0x34 Drivers/STM32F4xx_HAL_Driver/Src/stm32f4xx_hal.o
                0x08000a78                HAL_Init
 .text.HAL_IncTick
                0x08000aac       0x18 Drivers/STM32F4xx_HAL_Driver/Src/stm32f4xx_hal.o
                0x08000aac                HAL_IncTick
 .text.HAL_GetTick
                0x08000ac4        0xc Drivers/STM32F4xx_HAL_Driver/Src/stm32f4xx_hal.o
                0x08000ac4                HAL_GetTick
 .text.HAL_NVIC_SetPriorityGrouping
                0x08000ad0       0x24 Drivers/STM32F4xx_HAL_Driver/Src/stm32f4xx_hal_cortex.o
                0x08000ad0                HAL_NVIC_SetPriorityGrouping
 .text.HAL_NVIC_SetPriority
                0x08000af4       0x68 Drivers/STM32F4xx_HAL_Driver/Src/stm32f4xx_hal_cortex.o
                0x08000af4                HAL_NVIC_SetPriority
 .text.HAL_NVIC_EnableIRQ
                0x08000b5c       0x1c Drivers/STM32F4xx_HAL_Driver/Src/stm32f4xx_hal_cortex.o
                0x08000b5c                HAL_NVIC_EnableIRQ
 .text.HAL_NVIC_DisableIRQ
                0x08000b78       0x24 Drivers/STM32F4xx_HAL_Driver/Src/stm32f4xx_hal_cortex.o
                0x08000b78                HAL_NVIC_DisableIRQ
 .text.HAL_SYSTICK_Config
                0x08000b9c       0x2c Drivers/STM32F4xx_HAL_Driver/Src/stm32f4xx_hal_cortex.o
                0x08000b9c                HAL_SYSTICK_Config
 .text.HAL_GPIO_Init
                0x08000bc8      0x1bc Drivers/STM32F4xx_HAL_Driver/Src/stm32f4xx_hal_gpio.o
                0x08000bc8                HAL_GPIO_Init
 .text.HAL_GPIO_WritePin
                0x08000d84        0xc Drivers/STM32F4xx_HAL_Driver/Src/stm32f4xx_hal_gpio.o
                0x08000d84                HAL_GPIO_WritePin
 .text.HAL_PWREx_EnableOverDrive
                0x08000d90       0x80 Drivers/STM32F4xx_HAL_Driver/Src/stm32f4xx_hal_pwr_ex.o
                0x08000d90                HAL_PWREx_EnableOverDrive
 .text.HAL_RCC_ClockConfig
                0x08000e10      0x160 Drivers/STM32F4xx_HAL_Driver/Src/stm32f4xx_hal_rcc.o
                0x08000e10                HAL_RCC_ClockConfig
 .text.HAL_RCC_GetHCLKFreq
                0x08000f70        0xc Drivers/STM32F4xx_HAL_Driver/Src/stm32f4xx_hal_rcc.o
                0x08000f70                HAL_RCC_GetHCLKFreq
 .text.HAL_RCC_GetPCLK1Freq
                0x08000f7c       0x20 Drivers/STM32F4xx_HAL_Driver/Src/stm32f4xx_hal_rcc.o
                0x08000f7c                HAL_RCC_GetPCLK1Freq
 .text.HAL_RCC_GetPCLK2Freq
                0x08000f9c       0x20 Drivers/STM32F4xx_HAL_Driver/Src/stm32f4xx_hal_rcc.o
                0x08000f9c                HAL_RCC_GetPCLK2Freq
 .text.HAL_RCC_GetSysClockFreq
                0x08000fbc      0x184 Drivers/STM32F4xx_HAL_Driver/Src/stm32f4xx_hal_rcc_ex.o
                0x08000fbc                HAL_RCC_GetSysClockFreq
 .text.HAL_RCC_OscConfig
                0x08001140      0x3c4 Drivers/STM32F4xx_HAL_Driver/Src/stm32f4xx_hal_rcc_ex.o
                0x08001140                HAL_RCC_OscConfig
 .text.HAL_TIM_Base_MspInit
                0x08001504        0x2 Drivers/STM32F4xx_HAL_Driver/Src/stm32f4xx_hal_tim.o
                0x08001504                HAL_TIM_Base_MspInit
 .text.HAL_TIM_Base_MspDeInit
                0x08001506        0x2 Drivers/STM32F4xx_HAL_Driver/Src/stm32f4xx_hal_tim.o
                0x08001506                HAL_TIM_Base_MspDeInit
 .text.HAL_TIM_Base_DeInit
                0x08001508       0x3a Drivers/STM32F4xx_HAL_Driver/Src/stm32f4xx_hal_tim.o
                0x08001508                HAL_TIM_Base_DeInit
 .text.HAL_TIM_Base_Start_IT
                0x08001542       0x22 Drivers/STM32F4xx_HAL_Driver/Src/stm32f4xx_hal_tim.o
                0x08001542                HAL_TIM_Base_Start_IT
 .text.HAL_TIM_Base_Stop_IT
                0x08001564       0x2c Drivers/STM32F4xx_HAL_Driver/Src/stm32f4xx_hal_tim.o
                0x08001564                HAL_TIM_Base_Stop_IT
 .text.HAL_TIM_PeriodElapsedCallback
                0x08001590        0x2 Drivers/STM32F4xx_HAL_Driver/Src/stm32f4xx_hal_tim.o
                0x08001590                HAL_TIM_PeriodElapsedCallback
 .text.HAL_TIM_OC_DelayElapsedCallback
                0x08001592        0x2 Drivers/STM32F4xx_HAL_Driver/Src/stm32f4xx_hal_tim.o
                0x08001592                HAL_TIM_OC_DelayElapsedCallback
 .text.HAL_TIM_IC_CaptureCallback
                0x08001594        0x2 Drivers/STM32F4xx_HAL_Driver/Src/stm32f4xx_hal_tim.o
                0x08001594                HAL_TIM_IC_CaptureCallback
 .text.HAL_TIM_PWM_PulseFinishedCallback
                0x08001596        0x2 Drivers/STM32F4xx_HAL_Driver/Src/stm32f4xx_hal_tim.o
                0x08001596                HAL_TIM_PWM_PulseFinishedCallback
 .text.HAL_TIM_TriggerCallback
                0x08001598        0x2 Drivers/STM32F4xx_HAL_Driver/Src/stm32f4xx_hal_tim.o
                0x08001598                HAL_TIM_TriggerCallback
 .text.HAL_TIM_IRQHandler
                0x0800159a      0x17a Drivers/STM32F4xx_HAL_Driver/Src/stm32f4xx_hal_tim.o
                0x0800159a                HAL_TIM_IRQHandler
 .text.TIM_Base_SetConfig
                0x08001714       0xc8 Drivers/STM32F4xx_HAL_Driver/Src/stm32f4xx_hal_tim.o
                0x08001714                TIM_Base_SetConfig
 .text.HAL_TIM_Base_Init
                0x080017dc       0x32 Drivers/STM32F4xx_HAL_Driver/Src/stm32f4xx_hal_tim.o
                0x080017dc                HAL_TIM_Base_Init
 *fill*         0x0800180e        0x2 
 .text.HAL_TIMEx_MasterConfigSynchronization
                0x08001810       0x88 Drivers/STM32F4xx_HAL_Driver/Src/stm32f4xx_hal_tim_ex.o
                0x08001810                HAL_TIMEx_MasterConfigSynchronization
 .text.HAL_TIMEx_CommutCallback
                0x08001898        0x2 Drivers/STM32F4xx_HAL_Driver/Src/stm32f4xx_hal_tim_ex.o
                0x08001898                HAL_TIMEx_CommutCallback
 .text.HAL_TIMEx_BreakCallback
                0x0800189a        0x2 Drivers/STM32F4xx_HAL_Driver/Src/stm32f4xx_hal_tim_ex.o
                0x0800189a                HAL_TIMEx_BreakCallback
 .text.UART_SetConfig
                0x0800189c      0x218 Drivers/STM32F4xx_HAL_Driver/Src/stm32f4xx_hal_uart.o
 .text.UART_WaitOnFlagUntilTimeout
                0x08001ab4       0x62 Drivers/STM32F4xx_HAL_Driver/Src/stm32f4xx_hal_uart.o
 .text.HAL_UART_MspInit
                0x08001b16        0x2 Drivers/STM32F4xx_HAL_Driver/Src/stm32f4xx_hal_uart.o
                0x08001b16                HAL_UART_MspInit
 .text.HAL_UART_Init
                0x08001b18       0x5e Drivers/STM32F4xx_HAL_Driver/Src/stm32f4xx_hal_uart.o
                0x08001b18                HAL_UART_Init
 .text.HAL_UART_MspDeInit
                0x08001b76        0x2 Drivers/STM32F4xx_HAL_Driver/Src/stm32f4xx_hal_uart.o
                0x08001b76                HAL_UART_MspDeInit
 .text.HAL_UART_DeInit
                0x08001b78       0x30 Drivers/STM32F4xx_HAL_Driver/Src/stm32f4xx_hal_uart.o
                0x08001b78                HAL_UART_DeInit
 .text.HAL_UART_Transmit
                0x08001ba8       0xe2 Drivers/STM32F4xx_HAL_Driver/Src/stm32f4xx_hal_uart.o
                0x08001ba8                HAL_UART_Transmit
 .text.HAL_UART_Receive
                0x08001c8a       0xe8 Drivers/STM32F4xx_HAL_Driver/Src/stm32f4xx_hal_uart.o
                0x08001c8a                HAL_UART_Receive
 *fill*         0x08001d72        0x2 
 .text.Reset_Handler
                0x08001d74       0x50 startup/startup_stm32f446xx.o
                0x08001d74                Reset_Handler
 .text.Default_Handler
                0x08001dc4        0x2 startup/startup_stm32f446xx.o
                0x08001dc4                RTC_Alarm_IRQHandler
                0x08001dc4                EXTI2_IRQHandler
                0x08001dc4                TIM8_CC_IRQHandler
                0x08001dc4                FMPI2C1_EV_IRQHandler
                0x08001dc4                SPI4_IRQHandler
                0x08001dc4                TIM1_CC_IRQHandler
                0x08001dc4                DMA2_Stream5_IRQHandler
                0x08001dc4                DMA1_Stream5_IRQHandler
                0x08001dc4                PVD_IRQHandler
                0x08001dc4                SDIO_IRQHandler
                0x08001dc4                TAMP_STAMP_IRQHandler
                0x08001dc4                CAN2_RX1_IRQHandler
                0x08001dc4                EXTI3_IRQHandler
                0x08001dc4                TIM8_TRG_COM_TIM14_IRQHandler
                0x08001dc4                TIM1_UP_TIM10_IRQHandler
                0x08001dc4                TIM8_UP_TIM13_IRQHandler
                0x08001dc4                I2C3_ER_IRQHandler
                0x08001dc4                EXTI0_IRQHandler
                0x08001dc4                I2C2_EV_IRQHandler
                0x08001dc4                DMA1_Stream2_IRQHandler
                0x08001dc4                CAN1_RX0_IRQHandler
                0x08001dc4                FPU_IRQHandler
                0x08001dc4                OTG_HS_WKUP_IRQHandler
                0x08001dc4                CAN2_SCE_IRQHandler
                0x08001dc4                DMA2_Stream2_IRQHandler
                0x08001dc4                SPI1_IRQHandler
                0x08001dc4                TIM1_BRK_TIM9_IRQHandler
                0x08001dc4                DCMI_IRQHandler
                0x08001dc4                CAN2_RX0_IRQHandler
                0x08001dc4                DMA2_Stream3_IRQHandler
                0x08001dc4                SAI2_IRQHandler
                0x08001dc4                USART6_IRQHandler
                0x08001dc4                USART3_IRQHandler
                0x08001dc4                CAN1_RX1_IRQHandler
                0x08001dc4                UART5_IRQHandler
                0x08001dc4                DMA2_Stream0_IRQHandler
                0x08001dc4                TIM4_IRQHandler
                0x08001dc4                QUADSPI_IRQHandler
                0x08001dc4                I2C1_EV_IRQHandler
                0x08001dc4                DMA1_Stream6_IRQHandler
                0x08001dc4                DMA1_Stream1_IRQHandler
                0x08001dc4                UART4_IRQHandler
                0x08001dc4                TIM3_IRQHandler
                0x08001dc4                RCC_IRQHandler
                0x08001dc4                TIM8_BRK_TIM12_IRQHandler
                0x08001dc4                Default_Handler
                0x08001dc4                CEC_IRQHandler
                0x08001dc4                EXTI15_10_IRQHandler
                0x08001dc4                ADC_IRQHandler
                0x08001dc4                DMA1_Stream7_IRQHandler
                0x08001dc4                CAN2_TX_IRQHandler
                0x08001dc4                TIM5_IRQHandler
                0x08001dc4                DMA2_Stream7_IRQHandler
                0x08001dc4                I2C3_EV_IRQHandler
                0x08001dc4                EXTI9_5_IRQHandler
                0x08001dc4                RTC_WKUP_IRQHandler
                0x08001dc4                SPDIF_RX_IRQHandler
                0x08001dc4                SPI2_IRQHandler
                0x08001dc4                OTG_HS_EP1_IN_IRQHandler
                0x08001dc4                DMA1_Stream0_IRQHandler
                0x08001dc4                CAN1_TX_IRQHandler
                0x08001dc4                FMPI2C1_ER_IRQHandler
                0x08001dc4                EXTI4_IRQHandler
                0x08001dc4                OTG_HS_EP1_OUT_IRQHandler
                0x08001dc4                WWDG_IRQHandler
                0x08001dc4                TIM2_IRQHandler
                0x08001dc4                OTG_FS_WKUP_IRQHandler
                0x08001dc4                TIM1_TRG_COM_TIM11_IRQHandler
                0x08001dc4                OTG_HS_IRQHandler
                0x08001dc4                EXTI1_IRQHandler
                0x08001dc4                USART2_IRQHandler
                0x08001dc4                I2C2_ER_IRQHandler
                0x08001dc4                DMA2_Stream1_IRQHandler
                0x08001dc4                CAN1_SCE_IRQHandler
                0x08001dc4                FLASH_IRQHandler
                0x08001dc4                DMA2_Stream4_IRQHandler
                0x08001dc4                USART1_IRQHandler
                0x08001dc4                OTG_FS_IRQHandler
                0x08001dc4                SPI3_IRQHandler
                0x08001dc4                DMA1_Stream4_IRQHandler
                0x08001dc4                I2C1_ER_IRQHandler
                0x08001dc4                FMC_IRQHandler
                0x08001dc4                DMA2_Stream6_IRQHandler
                0x08001dc4                SAI1_IRQHandler
                0x08001dc4                DMA1_Stream3_IRQHandler
 .text.__aeabi_atexit
                0x08001dc6        0xa c:/ac6/systemworkbench/plugins/fr.ac6.mcu.externaltools.arm-none.win32_1.17.0.201812190825/tools/compiler/bin/../lib/gcc/arm-none-eabi/7.3.1/../../../../arm-none-eabi/lib/thumb/v7e-m/fpv4-sp/hard\libstdc++_nano.a(atexit_arm.o)
                0x08001dc6                __aeabi_atexit
 .text.__cxa_atexit
                0x08001dd0       0x1c c:/ac6/systemworkbench/plugins/fr.ac6.mcu.externaltools.arm-none.win32_1.17.0.201812190825/tools/compiler/bin/../lib/gcc/arm-none-eabi/7.3.1/../../../../arm-none-eabi/lib/thumb/v7e-m/fpv4-sp/hard\libc_nano.a(lib_a-cxa_atexit.o)
                0x08001dd0                __cxa_atexit
 .text.__errno  0x08001dec        0xc c:/ac6/systemworkbench/plugins/fr.ac6.mcu.externaltools.arm-none.win32_1.17.0.201812190825/tools/compiler/bin/../lib/gcc/arm-none-eabi/7.3.1/../../../../arm-none-eabi/lib/thumb/v7e-m/fpv4-sp/hard\libc_nano.a(lib_a-errno.o)
                0x08001dec                __errno
 .text.__libc_init_array
                0x08001df8       0x48 c:/ac6/systemworkbench/plugins/fr.ac6.mcu.externaltools.arm-none.win32_1.17.0.201812190825/tools/compiler/bin/../lib/gcc/arm-none-eabi/7.3.1/../../../../arm-none-eabi/lib/thumb/v7e-m/fpv4-sp/hard\libc_nano.a(lib_a-init.o)
                0x08001df8                __libc_init_array
 .text.memset   0x08001e40       0x10 c:/ac6/systemworkbench/plugins/fr.ac6.mcu.externaltools.arm-none.win32_1.17.0.201812190825/tools/compiler/bin/../lib/gcc/arm-none-eabi/7.3.1/../../../../arm-none-eabi/lib/thumb/v7e-m/fpv4-sp/hard\libc_nano.a(lib_a-memset.o)
                0x08001e40                memset
 .text.setbuf   0x08001e50       0x10 c:/ac6/systemworkbench/plugins/fr.ac6.mcu.externaltools.arm-none.win32_1.17.0.201812190825/tools/compiler/bin/../lib/gcc/arm-none-eabi/7.3.1/../../../../arm-none-eabi/lib/thumb/v7e-m/fpv4-sp/hard\libc_nano.a(lib_a-setbuf.o)
                0x08001e50                setbuf
 .text.setvbuf  0x08001e60      0x15c c:/ac6/systemworkbench/plugins/fr.ac6.mcu.externaltools.arm-none.win32_1.17.0.201812190825/tools/compiler/bin/../lib/gcc/arm-none-eabi/7.3.1/../../../../arm-none-eabi/lib/thumb/v7e-m/fpv4-sp/hard\libc_nano.a(lib_a-setvbuf.o)
                0x08001e60                setvbuf
 .text.__sflush_r
                0x08001fbc      0x10c c:/ac6/systemworkbench/plugins/fr.ac6.mcu.externaltools.arm-none.win32_1.17.0.201812190825/tools/compiler/bin/../lib/gcc/arm-none-eabi/7.3.1/../../../../arm-none-eabi/lib/thumb/v7e-m/fpv4-sp/hard\libc_nano.a(lib_a-fflush.o)
                0x08001fbc                __sflush_r
 .text._fflush_r
                0x080020c8       0x54 c:/ac6/systemworkbench/plugins/fr.ac6.mcu.externaltools.arm-none.win32_1.17.0.201812190825/tools/compiler/bin/../lib/gcc/arm-none-eabi/7.3.1/../../../../arm-none-eabi/lib/thumb/v7e-m/fpv4-sp/hard\libc_nano.a(lib_a-fflush.o)
                0x080020c8                _fflush_r
 .text.std      0x0800211c       0x48 c:/ac6/systemworkbench/plugins/fr.ac6.mcu.externaltools.arm-none.win32_1.17.0.201812190825/tools/compiler/bin/../lib/gcc/arm-none-eabi/7.3.1/../../../../arm-none-eabi/lib/thumb/v7e-m/fpv4-sp/hard\libc_nano.a(lib_a-findfp.o)
 .text._cleanup_r
                0x08002164        0xc c:/ac6/systemworkbench/plugins/fr.ac6.mcu.externaltools.arm-none.win32_1.17.0.201812190825/tools/compiler/bin/../lib/gcc/arm-none-eabi/7.3.1/../../../../arm-none-eabi/lib/thumb/v7e-m/fpv4-sp/hard\libc_nano.a(lib_a-findfp.o)
                0x08002164                _cleanup_r
 .text.__sfmoreglue
                0x08002170       0x2c c:/ac6/systemworkbench/plugins/fr.ac6.mcu.externaltools.arm-none.win32_1.17.0.201812190825/tools/compiler/bin/../lib/gcc/arm-none-eabi/7.3.1/../../../../arm-none-eabi/lib/thumb/v7e-m/fpv4-sp/hard\libc_nano.a(lib_a-findfp.o)
                0x08002170                __sfmoreglue
 .text.__sinit  0x0800219c       0x60 c:/ac6/systemworkbench/plugins/fr.ac6.mcu.externaltools.arm-none.win32_1.17.0.201812190825/tools/compiler/bin/../lib/gcc/arm-none-eabi/7.3.1/../../../../arm-none-eabi/lib/thumb/v7e-m/fpv4-sp/hard\libc_nano.a(lib_a-findfp.o)
                0x0800219c                __sinit
 .text.__sfp    0x080021fc       0x78 c:/ac6/systemworkbench/plugins/fr.ac6.mcu.externaltools.arm-none.win32_1.17.0.201812190825/tools/compiler/bin/../lib/gcc/arm-none-eabi/7.3.1/../../../../arm-none-eabi/lib/thumb/v7e-m/fpv4-sp/hard\libc_nano.a(lib_a-findfp.o)
                0x080021fc                __sfp
 .text._fwalk_reent
                0x08002274       0x3c c:/ac6/systemworkbench/plugins/fr.ac6.mcu.externaltools.arm-none.win32_1.17.0.201812190825/tools/compiler/bin/../lib/gcc/arm-none-eabi/7.3.1/../../../../arm-none-eabi/lib/thumb/v7e-m/fpv4-sp/hard\libc_nano.a(lib_a-fwalk.o)
                0x08002274                _fwalk_reent
 .text.__swhatbuf_r
                0x080022b0       0x48 c:/ac6/systemworkbench/plugins/fr.ac6.mcu.externaltools.arm-none.win32_1.17.0.201812190825/tools/compiler/bin/../lib/gcc/arm-none-eabi/7.3.1/../../../../arm-none-eabi/lib/thumb/v7e-m/fpv4-sp/hard\libc_nano.a(lib_a-makebuf.o)
                0x080022b0                __swhatbuf_r
 .text.malloc   0x080022f8       0x10 c:/ac6/systemworkbench/plugins/fr.ac6.mcu.externaltools.arm-none.win32_1.17.0.201812190825/tools/compiler/bin/../lib/gcc/arm-none-eabi/7.3.1/../../../../arm-none-eabi/lib/thumb/v7e-m/fpv4-sp/hard\libc_nano.a(lib_a-malloc.o)
                0x080022f8                malloc
 .text._free_r  0x08002308       0x9c c:/ac6/systemworkbench/plugins/fr.ac6.mcu.externaltools.arm-none.win32_1.17.0.201812190825/tools/compiler/bin/../lib/gcc/arm-none-eabi/7.3.1/../../../../arm-none-eabi/lib/thumb/v7e-m/fpv4-sp/hard\libc_nano.a(lib_a-nano-freer.o)
                0x08002308                _free_r
 .text._malloc_r
                0x080023a4       0xb4 c:/ac6/systemworkbench/plugins/fr.ac6.mcu.externaltools.arm-none.win32_1.17.0.201812190825/tools/compiler/bin/../lib/gcc/arm-none-eabi/7.3.1/../../../../arm-none-eabi/lib/thumb/v7e-m/fpv4-sp/hard\libc_nano.a(lib_a-nano-mallocr.o)
                0x080023a4                _malloc_r
 .text._sbrk_r  0x08002458       0x20 c:/ac6/systemworkbench/plugins/fr.ac6.mcu.externaltools.arm-none.win32_1.17.0.201812190825/tools/compiler/bin/../lib/gcc/arm-none-eabi/7.3.1/../../../../arm-none-eabi/lib/thumb/v7e-m/fpv4-sp/hard\libc_nano.a(lib_a-sbrkr.o)
                0x08002458                _sbrk_r
 .text.__sread  0x08002478       0x22 c:/ac6/systemworkbench/plugins/fr.ac6.mcu.externaltools.arm-none.win32_1.17.0.201812190825/tools/compiler/bin/../lib/gcc/arm-none-eabi/7.3.1/../../../../arm-none-eabi/lib/thumb/v7e-m/fpv4-sp/hard\libc_nano.a(lib_a-stdio.o)
                0x08002478                __sread
 .text.__swrite
                0x0800249a       0x38 c:/ac6/systemworkbench/plugins/fr.ac6.mcu.externaltools.arm-none.win32_1.17.0.201812190825/tools/compiler/bin/../lib/gcc/arm-none-eabi/7.3.1/../../../../arm-none-eabi/lib/thumb/v7e-m/fpv4-sp/hard\libc_nano.a(lib_a-stdio.o)
                0x0800249a                __swrite
 .text.__sseek  0x080024d2       0x24 c:/ac6/systemworkbench/plugins/fr.ac6.mcu.externaltools.arm-none.win32_1.17.0.201812190825/tools/compiler/bin/../lib/gcc/arm-none-eabi/7.3.1/../../../../arm-none-eabi/lib/thumb/v7e-m/fpv4-sp/hard\libc_nano.a(lib_a-stdio.o)
                0x080024d2                __sseek
 .text.__sclose
                0x080024f6        0x8 c:/ac6/systemworkbench/plugins/fr.ac6.mcu.externaltools.arm-none.win32_1.17.0.201812190825/tools/compiler/bin/../lib/gcc/arm-none-eabi/7.3.1/../../../../arm-none-eabi/lib/thumb/v7e-m/fpv4-sp/hard\libc_nano.a(lib_a-stdio.o)
                0x080024f6                __sclose
 *fill*         0x080024fe        0x2 
 .text._write_r
                0x08002500       0x24 c:/ac6/systemworkbench/plugins/fr.ac6.mcu.externaltools.arm-none.win32_1.17.0.201812190825/tools/compiler/bin/../lib/gcc/arm-none-eabi/7.3.1/../../../../arm-none-eabi/lib/thumb/v7e-m/fpv4-sp/hard\libc_nano.a(lib_a-writer.o)
                0x08002500                _write_r
 .text._close_r
                0x08002524       0x20 c:/ac6/systemworkbench/plugins/fr.ac6.mcu.externaltools.arm-none.win32_1.17.0.201812190825/tools/compiler/bin/../lib/gcc/arm-none-eabi/7.3.1/../../../../arm-none-eabi/lib/thumb/v7e-m/fpv4-sp/hard\libc_nano.a(lib_a-closer.o)
                0x08002524                _close_r
 .text._fstat_r
                0x08002544       0x24 c:/ac6/systemworkbench/plugins/fr.ac6.mcu.externaltools.arm-none.win32_1.17.0.201812190825/tools/compiler/bin/../lib/gcc/arm-none-eabi/7.3.1/../../../../arm-none-eabi/lib/thumb/v7e-m/fpv4-sp/hard\libc_nano.a(lib_a-fstatr.o)
                0x08002544                _fstat_r
 .text._lseek_r
                0x08002568       0x24 c:/ac6/systemworkbench/plugins/fr.ac6.mcu.externaltools.arm-none.win32_1.17.0.201812190825/tools/compiler/bin/../lib/gcc/arm-none-eabi/7.3.1/../../../../arm-none-eabi/lib/thumb/v7e-m/fpv4-sp/hard\libc_nano.a(lib_a-lseekr.o)
                0x08002568                _lseek_r
 .text.__malloc_lock
                0x0800258c        0x2 c:/ac6/systemworkbench/plugins/fr.ac6.mcu.externaltools.arm-none.win32_1.17.0.201812190825/tools/compiler/bin/../lib/gcc/arm-none-eabi/7.3.1/../../../../arm-none-eabi/lib/thumb/v7e-m/fpv4-sp/hard\libc_nano.a(lib_a-mlock.o)
                0x0800258c                __malloc_lock
 .text.__malloc_unlock
                0x0800258e        0x2 c:/ac6/systemworkbench/plugins/fr.ac6.mcu.externaltools.arm-none.win32_1.17.0.201812190825/tools/compiler/bin/../lib/gcc/arm-none-eabi/7.3.1/../../../../arm-none-eabi/lib/thumb/v7e-m/fpv4-sp/hard\libc_nano.a(lib_a-mlock.o)
                0x0800258e                __malloc_unlock
 .text._read_r  0x08002590       0x24 c:/ac6/systemworkbench/plugins/fr.ac6.mcu.externaltools.arm-none.win32_1.17.0.201812190825/tools/compiler/bin/../lib/gcc/arm-none-eabi/7.3.1/../../../../arm-none-eabi/lib/thumb/v7e-m/fpv4-sp/hard\libc_nano.a(lib_a-readr.o)
                0x08002590                _read_r
 *(.glue_7)
 .glue_7        0x080025b4        0x0 linker stubs
 *(.glue_7t)
 .glue_7t       0x080025b4        0x0 linker stubs
 *(.eh_frame)
 .eh_frame      0x080025b4        0x0 c:/ac6/systemworkbench/plugins/fr.ac6.mcu.externaltools.arm-none.win32_1.17.0.201812190825/tools/compiler/bin/../lib/gcc/arm-none-eabi/7.3.1/thumb/v7e-m/fpv4-sp/hard/crtbegin.o
 *(.init)
 .init          0x080025b4        0x4 c:/ac6/systemworkbench/plugins/fr.ac6.mcu.externaltools.arm-none.win32_1.17.0.201812190825/tools/compiler/bin/../lib/gcc/arm-none-eabi/7.3.1/thumb/v7e-m/fpv4-sp/hard/crti.o
                0x080025b4                _init
 .init          0x080025b8        0x8 c:/ac6/systemworkbench/plugins/fr.ac6.mcu.externaltools.arm-none.win32_1.17.0.201812190825/tools/compiler/bin/../lib/gcc/arm-none-eabi/7.3.1/thumb/v7e-m/fpv4-sp/hard/crtn.o
 *(.fini)
 .fini          0x080025c0        0x4 c:/ac6/systemworkbench/plugins/fr.ac6.mcu.externaltools.arm-none.win32_1.17.0.201812190825/tools/compiler/bin/../lib/gcc/arm-none-eabi/7.3.1/thumb/v7e-m/fpv4-sp/hard/crti.o
                0x080025c0                _fini
 .fini          0x080025c4        0x8 c:/ac6/systemworkbench/plugins/fr.ac6.mcu.externaltools.arm-none.win32_1.17.0.201812190825/tools/compiler/bin/../lib/gcc/arm-none-eabi/7.3.1/thumb/v7e-m/fpv4-sp/hard/crtn.o
                0x080025cc                . = ALIGN (0x4)
                0x080025cc                _etext = .

.vfp11_veneer   0x080025cc        0x0
 .vfp11_veneer  0x080025cc        0x0 linker stubs

.v4_bx          0x080025cc        0x0
 .v4_bx         0x080025cc        0x0 linker stubs

.iplt           0x080025cc        0x0
 .iplt          0x080025cc        0x0 c:/ac6/systemworkbench/plugins/fr.ac6.mcu.externaltools.arm-none.win32_1.17.0.201812190825/tools/compiler/bin/../lib/gcc/arm-none-eabi/7.3.1/thumb/v7e-m/fpv4-sp/hard/crtbegin.o

.rodata         0x080025cc       0x7c
                0x080025cc                . = ALIGN (0x4)
 *(.rodata)
 .rodata        0x080025cc       0x18 Core/Src/system_stm32f4xx.o
                0x080025cc                AHBPrescTable
                0x080025dc                APBPrescTable
 *(.rodata*)
 .rodata._global_impure_ptr
                0x080025e4        0x4 c:/ac6/systemworkbench/plugins/fr.ac6.mcu.externaltools.arm-none.win32_1.17.0.201812190825/tools/compiler/bin/../lib/gcc/arm-none-eabi/7.3.1/../../../../arm-none-eabi/lib/thumb/v7e-m/fpv4-sp/hard\libc_nano.a(lib_a-impure.o)
                0x080025e4                _global_impure_ptr
 .rodata.__sf_fake_stderr
                0x080025e8       0x20 c:/ac6/systemworkbench/plugins/fr.ac6.mcu.externaltools.arm-none.win32_1.17.0.201812190825/tools/compiler/bin/../lib/gcc/arm-none-eabi/7.3.1/../../../../arm-none-eabi/lib/thumb/v7e-m/fpv4-sp/hard\libc_nano.a(lib_a-findfp.o)
                0x080025e8                __sf_fake_stderr
 .rodata.__sf_fake_stdin
                0x08002608       0x20 c:/ac6/systemworkbench/plugins/fr.ac6.mcu.externaltools.arm-none.win32_1.17.0.201812190825/tools/compiler/bin/../lib/gcc/arm-none-eabi/7.3.1/../../../../arm-none-eabi/lib/thumb/v7e-m/fpv4-sp/hard\libc_nano.a(lib_a-findfp.o)
                0x08002608                __sf_fake_stdin
 .rodata.__sf_fake_stdout
                0x08002628       0x20 c:/ac6/systemworkbench/plugins/fr.ac6.mcu.externaltools.arm-none.win32_1.17.0.201812190825/tools/compiler/bin/../lib/gcc/arm-none-eabi/7.3.1/../../../../arm-none-eabi/lib/thumb/v7e-m/fpv4-sp/hard\libc_nano.a(lib_a-findfp.o)
                0x08002628                __sf_fake_stdout
                0x08002648                . = ALIGN (0x4)

.ARM.extab
 *(.ARM.extab* .gnu.linkonce.armextab.*)

.ARM            0x08002648        0x8
                0x08002648                __exidx_start = .
 *(.ARM.exidx*)
 .ARM.exidx     0x08002648        0x8 c:/ac6/systemworkbench/plugins/fr.ac6.mcu.externaltools.arm-none.win32_1.17.0.201812190825/tools/compiler/bin/../lib/gcc/arm-none-eabi/7.3.1/thumb/v7e-m/fpv4-sp/hard\libgcc.a(_udivmoddi4.o)
                0x08002650                __exidx_end = .

.rel.dyn        0x08002650        0x0
 .rel.iplt      0x08002650        0x0 c:/ac6/systemworkbench/plugins/fr.ac6.mcu.externaltools.arm-none.win32_1.17.0.201812190825/tools/compiler/bin/../lib/gcc/arm-none-eabi/7.3.1/thumb/v7e-m/fpv4-sp/hard/crtbegin.o

.preinit_array  0x08002650        0x0
                0x08002650                PROVIDE (__preinit_array_start = .)
 *(.preinit_array*)
                0x08002650                PROVIDE (__preinit_array_end = .)

.init_array     0x08002650        0x8
                0x08002650                PROVIDE (__init_array_start = .)
 *(SORT_BY_NAME(.init_array.*))
 *(.init_array*)
 .init_array    0x08002650        0x4 c:/ac6/systemworkbench/plugins/fr.ac6.mcu.externaltools.arm-none.win32_1.17.0.201812190825/tools/compiler/bin/../lib/gcc/arm-none-eabi/7.3.1/thumb/v7e-m/fpv4-sp/hard/crtbegin.o
 .init_array    0x08002654        0x4 Core/Src/main.o
                0x08002658                PROVIDE (__init_array_end = .)

.fini_array     0x08002658        0x4
                [!provide]                PROVIDE (__fini_array_start = .)
 *(SORT_BY_NAME(.fini_array.*))
 *(.fini_array*)
 .fini_array    0x08002658        0x4 c:/ac6/systemworkbench/plugins/fr.ac6.mcu.externaltools.arm-none.win32_1.17.0.201812190825/tools/compiler/bin/../lib/gcc/arm-none-eabi/7.3.1/thumb/v7e-m/fpv4-sp/hard/crtbegin.o
                [!provide]                PROVIDE (__fini_array_end = .)
                0x0800265c                _sidata = LOADADDR (.data)

.data           0x20000000       0x74 load address 0x0800265c
                0x20000000                . = ALIGN (0x4)
                0x20000000                _sdata = .
 *(.data)
 .data          0x20000000        0x4 c:/ac6/systemworkbench/plugins/fr.ac6.mcu.externaltools.arm-none.win32_1.17.0.201812190825/tools/compiler/bin/../lib/gcc/arm-none-eabi/7.3.1/thumb/v7e-m/fpv4-sp/hard/crtbegin.o
                0x20000000                __dso_handle
 .data          0x20000004        0x4 Core/Src/system_stm32f4xx.o
                0x20000004                SystemCoreClock
 .data          0x20000008        0x8 Drivers/STM32F4xx_HAL_Driver/Src/stm32f4xx_hal.o
                0x20000008                uwTickFreq
                0x2000000c                uwTickPrio
 *(.data*)
 .data._impure_ptr
                0x20000010        0x4 c:/ac6/systemworkbench/plugins/fr.ac6.mcu.externaltools.arm-none.win32_1.17.0.201812190825/tools/compiler/bin/../lib/gcc/arm-none-eabi/7.3.1/../../../../arm-none-eabi/lib/thumb/v7e-m/fpv4-sp/hard\libc_nano.a(lib_a-impure.o)
                0x20000010                _impure_ptr
 .data.impure_data
                0x20000014       0x60 c:/ac6/systemworkbench/plugins/fr.ac6.mcu.externaltools.arm-none.win32_1.17.0.201812190825/tools/compiler/bin/../lib/gcc/arm-none-eabi/7.3.1/../../../../arm-none-eabi/lib/thumb/v7e-m/fpv4-sp/hard\libc_nano.a(lib_a-impure.o)
                0x20000074                . = ALIGN (0x4)
                0x20000074                _edata = .

.igot.plt       0x20000074        0x0 load address 0x080026d0
 .igot.plt      0x20000074        0x0 c:/ac6/systemworkbench/plugins/fr.ac6.mcu.externaltools.arm-none.win32_1.17.0.201812190825/tools/compiler/bin/../lib/gcc/arm-none-eabi/7.3.1/thumb/v7e-m/fpv4-sp/hard/crtbegin.o
                0x20000074                . = ALIGN (0x4)

.bss            0x20000074       0xfc load address 0x080026d0
                0x20000074                _sbss = .
                0x20000074                __bss_start__ = _sbss
 *(.bss)
 .bss           0x20000074       0x1c c:/ac6/systemworkbench/plugins/fr.ac6.mcu.externaltools.arm-none.win32_1.17.0.201812190825/tools/compiler/bin/../lib/gcc/arm-none-eabi/7.3.1/thumb/v7e-m/fpv4-sp/hard/crtbegin.o
 .bss           0x20000090       0x46 Core/Src/main.o
                0x20000090                Uart2
                0x200000d0                Tim7
                0x200000d4                delayCnt
 *fill*         0x200000d6        0x2 
 .bss           0x200000d8        0x8 Core/Src/syscalls.o
                0x200000dc                __env
 .bss           0x200000e0       0x80 Drivers/MiYALAB_STM32F446RE/TIM/MiYALAB_STM32F446RE_TIM.o
                0x200000e0                MiYALAB::STM32F446RE::hTim6
                0x20000120                MiYALAB::STM32F446RE::hTim7
 *(.bss*)
 .bss.__malloc_free_list
                0x20000160        0x4 c:/ac6/systemworkbench/plugins/fr.ac6.mcu.externaltools.arm-none.win32_1.17.0.201812190825/tools/compiler/bin/../lib/gcc/arm-none-eabi/7.3.1/../../../../arm-none-eabi/lib/thumb/v7e-m/fpv4-sp/hard\libc_nano.a(lib_a-nano-mallocr.o)
                0x20000160                __malloc_free_list
 .bss.__malloc_sbrk_start
                0x20000164        0x4 c:/ac6/systemworkbench/plugins/fr.ac6.mcu.externaltools.arm-none.win32_1.17.0.201812190825/tools/compiler/bin/../lib/gcc/arm-none-eabi/7.3.1/../../../../arm-none-eabi/lib/thumb/v7e-m/fpv4-sp/hard\libc_nano.a(lib_a-nano-mallocr.o)
                0x20000164                __malloc_sbrk_start
 *(COMMON)
 COMMON         0x20000168        0x4 Drivers/STM32F4xx_HAL_Driver/Src/stm32f4xx_hal.o
                0x20000168                uwTick
 COMMON         0x2000016c        0x4 c:/ac6/systemworkbench/plugins/fr.ac6.mcu.externaltools.arm-none.win32_1.17.0.201812190825/tools/compiler/bin/../lib/gcc/arm-none-eabi/7.3.1/../../../../arm-none-eabi/lib/thumb/v7e-m/fpv4-sp/hard\libc_nano.a(lib_a-reent.o)
                0x2000016c                errno
                0x20000170                . = ALIGN (0x4)
                0x20000170                _ebss = .
                0x20000170                __bss_end__ = _ebss

._user_heap_stack
                0x20000170      0x600 load address 0x080026d0
                0x20000170                . = ALIGN (0x8)
                0x20000170                PROVIDE (end = .)
                [!provide]                PROVIDE (_end = .)
                0x20000370                . = (. + _Min_Heap_Size)
 *fill*         0x20000170      0x200 
                0x20000770                . = (. + _Min_Stack_Size)
 *fill*         0x20000370      0x400 
                0x20000770                . = ALIGN (0x8)

/DISCARD/
 libc.a(*)
 libm.a(*)
 libgcc.a(*)

.ARM.attributes
                0x00000000       0x30
 *(.ARM.attributes)
 .ARM.attributes
                0x00000000       0x22 c:/ac6/systemworkbench/plugins/fr.ac6.mcu.externaltools.arm-none.win32_1.17.0.201812190825/tools/compiler/bin/../lib/gcc/arm-none-eabi/7.3.1/thumb/v7e-m/fpv4-sp/hard/crti.o
 .ARM.attributes
                0x00000022       0x34 c:/ac6/systemworkbench/plugins/fr.ac6.mcu.externaltools.arm-none.win32_1.17.0.201812190825/tools/compiler/bin/../lib/gcc/arm-none-eabi/7.3.1/thumb/v7e-m/fpv4-sp/hard/crtbegin.o
 .ARM.attributes
                0x00000056       0x39 Core/Src/main.o
 .ARM.attributes
                0x0000008f       0x39 Core/Src/stm32f4xx_it.o
 .ARM.attributes
                0x000000c8       0x39 Core/Src/syscalls.o
 .ARM.attributes
                0x00000101       0x39 Core/Src/system_stm32f4xx.o
 .ARM.attributes
                0x0000013a       0x39 Drivers/MiYALAB_STM32F446RE/TIM/MiYALAB_STM32F446RE_TIM.o
 .ARM.attributes
                0x00000173       0x39 Drivers/MiYALAB_STM32F446RE/USART/MiYALAB_STM32F446RE_USART.o
 .ARM.attributes
                0x000001ac       0x39 Drivers/STM32F4xx_HAL_Driver/Src/stm32f4xx_hal.o
 .ARM.attributes
                0x000001e5       0x39 Drivers/STM32F4xx_HAL_Driver/Src/stm32f4xx_hal_cortex.o
 .ARM.attributes
                0x0000021e       0x39 Drivers/STM32F4xx_HAL_Driver/Src/stm32f4xx_hal_gpio.o
 .ARM.attributes
                0x00000257       0x39 Drivers/STM32F4xx_HAL_Driver/Src/stm32f4xx_hal_pwr_ex.o
 .ARM.attributes
                0x00000290       0x39 Drivers/STM32F4xx_HAL_Driver/Src/stm32f4xx_hal_rcc.o
 .ARM.attributes
                0x000002c9       0x39 Drivers/STM32F4xx_HAL_Driver/Src/stm32f4xx_hal_rcc_ex.o
 .ARM.attributes
                0x00000302       0x39 Drivers/STM32F4xx_HAL_Driver/Src/stm32f4xx_hal_tim.o
 .ARM.attributes
                0x0000033b       0x39 Drivers/STM32F4xx_HAL_Driver/Src/stm32f4xx_hal_tim_ex.o
 .ARM.attributes
                0x00000374       0x39 Drivers/STM32F4xx_HAL_Driver/Src/stm32f4xx_hal_uart.o
 .ARM.attributes
                0x000003ad       0x21 startup/startup_stm32f446xx.o
 .ARM.attributes
                0x000003ce       0x34 c:/ac6/systemworkbench/plugins/fr.ac6.mcu.externaltools.arm-none.win32_1.17.0.201812190825/tools/compiler/bin/../lib/gcc/arm-none-eabi/7.3.1/../../../../arm-none-eabi/lib/thumb/v7e-m/fpv4-sp/hard\libstdc++_nano.a(atexit_arm.o)
 .ARM.attributes
                0x00000402       0x22 c:/ac6/systemworkbench/plugins/fr.ac6.mcu.externaltools.arm-none.win32_1.17.0.201812190825/tools/compiler/bin/../lib/gcc/arm-none-eabi/7.3.1/thumb/v7e-m/fpv4-sp/hard\libgcc.a(_aeabi_uldivmod.o)
 .ARM.attributes
                0x00000424       0x34 c:/ac6/systemworkbench/plugins/fr.ac6.mcu.externaltools.arm-none.win32_1.17.0.201812190825/tools/compiler/bin/../lib/gcc/arm-none-eabi/7.3.1/thumb/v7e-m/fpv4-sp/hard\libgcc.a(_udivmoddi4.o)
 .ARM.attributes
                0x00000458       0x22 c:/ac6/systemworkbench/plugins/fr.ac6.mcu.externaltools.arm-none.win32_1.17.0.201812190825/tools/compiler/bin/../lib/gcc/arm-none-eabi/7.3.1/thumb/v7e-m/fpv4-sp/hard\libgcc.a(_dvmd_tls.o)
 .ARM.attributes
                0x0000047a       0x34 c:/ac6/systemworkbench/plugins/fr.ac6.mcu.externaltools.arm-none.win32_1.17.0.201812190825/tools/compiler/bin/../lib/gcc/arm-none-eabi/7.3.1/../../../../arm-none-eabi/lib/thumb/v7e-m/fpv4-sp/hard\libc_nano.a(lib_a-cxa_atexit.o)
 .ARM.attributes
                0x000004ae       0x34 c:/ac6/systemworkbench/plugins/fr.ac6.mcu.externaltools.arm-none.win32_1.17.0.201812190825/tools/compiler/bin/../lib/gcc/arm-none-eabi/7.3.1/../../../../arm-none-eabi/lib/thumb/v7e-m/fpv4-sp/hard\libc_nano.a(lib_a-errno.o)
 .ARM.attributes
                0x000004e2       0x34 c:/ac6/systemworkbench/plugins/fr.ac6.mcu.externaltools.arm-none.win32_1.17.0.201812190825/tools/compiler/bin/../lib/gcc/arm-none-eabi/7.3.1/../../../../arm-none-eabi/lib/thumb/v7e-m/fpv4-sp/hard\libc_nano.a(lib_a-impure.o)
 .ARM.attributes
                0x00000516       0x34 c:/ac6/systemworkbench/plugins/fr.ac6.mcu.externaltools.arm-none.win32_1.17.0.201812190825/tools/compiler/bin/../lib/gcc/arm-none-eabi/7.3.1/../../../../arm-none-eabi/lib/thumb/v7e-m/fpv4-sp/hard\libc_nano.a(lib_a-init.o)
 .ARM.attributes
                0x0000054a       0x34 c:/ac6/systemworkbench/plugins/fr.ac6.mcu.externaltools.arm-none.win32_1.17.0.201812190825/tools/compiler/bin/../lib/gcc/arm-none-eabi/7.3.1/../../../../arm-none-eabi/lib/thumb/v7e-m/fpv4-sp/hard\libc_nano.a(lib_a-memset.o)
 .ARM.attributes
                0x0000057e       0x34 c:/ac6/systemworkbench/plugins/fr.ac6.mcu.externaltools.arm-none.win32_1.17.0.201812190825/tools/compiler/bin/../lib/gcc/arm-none-eabi/7.3.1/../../../../arm-none-eabi/lib/thumb/v7e-m/fpv4-sp/hard\libc_nano.a(lib_a-setbuf.o)
 .ARM.attributes
                0x000005b2       0x34 c:/ac6/systemworkbench/plugins/fr.ac6.mcu.externaltools.arm-none.win32_1.17.0.201812190825/tools/compiler/bin/../lib/gcc/arm-none-eabi/7.3.1/../../../../arm-none-eabi/lib/thumb/v7e-m/fpv4-sp/hard\libc_nano.a(lib_a-setvbuf.o)
 .ARM.attributes
                0x000005e6       0x34 c:/ac6/systemworkbench/plugins/fr.ac6.mcu.externaltools.arm-none.win32_1.17.0.201812190825/tools/compiler/bin/../lib/gcc/arm-none-eabi/7.3.1/../../../../arm-none-eabi/lib/thumb/v7e-m/fpv4-sp/hard\libc_nano.a(lib_a-fflush.o)
 .ARM.attributes
                0x0000061a       0x34 c:/ac6/systemworkbench/plugins/fr.ac6.mcu.externaltools.arm-none.win32_1.17.0.201812190825/tools/compiler/bin/../lib/gcc/arm-none-eabi/7.3.1/../../../../arm-none-eabi/lib/thumb/v7e-m/fpv4-sp/hard\libc_nano.a(lib_a-findfp.o)
 .ARM.attributes
                0x0000064e       0x34 c:/ac6/systemworkbench/plugins/fr.ac6.mcu.externaltools.arm-none.win32_1.17.0.201812190825/tools/compiler/bin/../lib/gcc/arm-none-eabi/7.3.1/../../../../arm-none-eabi/lib/thumb/v7e-m/fpv4-sp/hard\libc_nano.a(lib_a-fwalk.o)
 .ARM.attributes
                0x00000682       0x34 c:/ac6/systemworkbench/plugins/fr.ac6.mcu.externaltools.arm-none.win32_1.17.0.201812190825/tools/compiler/bin/../lib/gcc/arm-none-eabi/7.3.1/../../../../arm-none-eabi/lib/thumb/v7e-m/fpv4-sp/hard\libc_nano.a(lib_a-makebuf.o)
 .ARM.attributes
                0x000006b6       0x34 c:/ac6/systemworkbench/plugins/fr.ac6.mcu.externaltools.arm-none.win32_1.17.0.201812190825/tools/compiler/bin/../lib/gcc/arm-none-eabi/7.3.1/../../../../arm-none-eabi/lib/thumb/v7e-m/fpv4-sp/hard\libc_nano.a(lib_a-malloc.o)
 .ARM.attributes
                0x000006ea       0x34 c:/ac6/systemworkbench/plugins/fr.ac6.mcu.externaltools.arm-none.win32_1.17.0.201812190825/tools/compiler/bin/../lib/gcc/arm-none-eabi/7.3.1/../../../../arm-none-eabi/lib/thumb/v7e-m/fpv4-sp/hard\libc_nano.a(lib_a-nano-freer.o)
 .ARM.attributes
                0x0000071e       0x34 c:/ac6/systemworkbench/plugins/fr.ac6.mcu.externaltools.arm-none.win32_1.17.0.201812190825/tools/compiler/bin/../lib/gcc/arm-none-eabi/7.3.1/../../../../arm-none-eabi/lib/thumb/v7e-m/fpv4-sp/hard\libc_nano.a(lib_a-nano-mallocr.o)
 .ARM.attributes
                0x00000752       0x34 c:/ac6/systemworkbench/plugins/fr.ac6.mcu.externaltools.arm-none.win32_1.17.0.201812190825/tools/compiler/bin/../lib/gcc/arm-none-eabi/7.3.1/../../../../arm-none-eabi/lib/thumb/v7e-m/fpv4-sp/hard\libc_nano.a(lib_a-sbrkr.o)
 .ARM.attributes
                0x00000786       0x34 c:/ac6/systemworkbench/plugins/fr.ac6.mcu.externaltools.arm-none.win32_1.17.0.201812190825/tools/compiler/bin/../lib/gcc/arm-none-eabi/7.3.1/../../../../arm-none-eabi/lib/thumb/v7e-m/fpv4-sp/hard\libc_nano.a(lib_a-stdio.o)
 .ARM.attributes
                0x000007ba       0x34 c:/ac6/systemworkbench/plugins/fr.ac6.mcu.externaltools.arm-none.win32_1.17.0.201812190825/tools/compiler/bin/../lib/gcc/arm-none-eabi/7.3.1/../../../../arm-none-eabi/lib/thumb/v7e-m/fpv4-sp/hard\libc_nano.a(lib_a-writer.o)
 .ARM.attributes
                0x000007ee       0x34 c:/ac6/systemworkbench/plugins/fr.ac6.mcu.externaltools.arm-none.win32_1.17.0.201812190825/tools/compiler/bin/../lib/gcc/arm-none-eabi/7.3.1/../../../../arm-none-eabi/lib/thumb/v7e-m/fpv4-sp/hard\libc_nano.a(lib_a-closer.o)
 .ARM.attributes
                0x00000822       0x34 c:/ac6/systemworkbench/plugins/fr.ac6.mcu.externaltools.arm-none.win32_1.17.0.201812190825/tools/compiler/bin/../lib/gcc/arm-none-eabi/7.3.1/../../../../arm-none-eabi/lib/thumb/v7e-m/fpv4-sp/hard\libc_nano.a(lib_a-fstatr.o)
 .ARM.attributes
                0x00000856       0x34 c:/ac6/systemworkbench/plugins/fr.ac6.mcu.externaltools.arm-none.win32_1.17.0.201812190825/tools/compiler/bin/../lib/gcc/arm-none-eabi/7.3.1/../../../../arm-none-eabi/lib/thumb/v7e-m/fpv4-sp/hard\libc_nano.a(lib_a-lseekr.o)
 .ARM.attributes
                0x0000088a       0x34 c:/ac6/systemworkbench/plugins/fr.ac6.mcu.externaltools.arm-none.win32_1.17.0.201812190825/tools/compiler/bin/../lib/gcc/arm-none-eabi/7.3.1/../../../../arm-none-eabi/lib/thumb/v7e-m/fpv4-sp/hard\libc_nano.a(lib_a-mlock.o)
 .ARM.attributes
                0x000008be       0x34 c:/ac6/systemworkbench/plugins/fr.ac6.mcu.externaltools.arm-none.win32_1.17.0.201812190825/tools/compiler/bin/../lib/gcc/arm-none-eabi/7.3.1/../../../../arm-none-eabi/lib/thumb/v7e-m/fpv4-sp/hard\libc_nano.a(lib_a-readr.o)
 .ARM.attributes
                0x000008f2       0x34 c:/ac6/systemworkbench/plugins/fr.ac6.mcu.externaltools.arm-none.win32_1.17.0.201812190825/tools/compiler/bin/../lib/gcc/arm-none-eabi/7.3.1/../../../../arm-none-eabi/lib/thumb/v7e-m/fpv4-sp/hard\libc_nano.a(lib_a-reent.o)
 .ARM.attributes
                0x00000926       0x22 c:/ac6/systemworkbench/plugins/fr.ac6.mcu.externaltools.arm-none.win32_1.17.0.201812190825/tools/compiler/bin/../lib/gcc/arm-none-eabi/7.3.1/thumb/v7e-m/fpv4-sp/hard/crtn.o
OUTPUT(nucleo64_f446re.elf elf32-littlearm)

.debug_info     0x00000000    0x108a0
 .debug_info    0x00000000     0x1e90 Core/Src/main.o
 .debug_info    0x00001e90      0x223 Core/Src/stm32f4xx_it.o
 .debug_info    0x000020b3      0xfd3 Core/Src/syscalls.o
 .debug_info    0x00003086      0x58d Core/Src/system_stm32f4xx.o
 .debug_info    0x00003613     0x147e Drivers/MiYALAB_STM32F446RE/TIM/MiYALAB_STM32F446RE_TIM.o
 .debug_info    0x00004a91     0x1ee2 Drivers/MiYALAB_STM32F446RE/USART/MiYALAB_STM32F446RE_USART.o
 .debug_info    0x00006973      0xa43 Drivers/STM32F4xx_HAL_Driver/Src/stm32f4xx_hal.o
 .debug_info    0x000073b6      0xfaa Drivers/STM32F4xx_HAL_Driver/Src/stm32f4xx_hal_cortex.o
 .debug_info    0x00008360      0x810 Drivers/STM32F4xx_HAL_Driver/Src/stm32f4xx_hal_gpio.o
 .debug_info    0x00008b70      0x825 Drivers/STM32F4xx_HAL_Driver/Src/stm32f4xx_hal_pwr_ex.o
 .debug_info    0x00009395      0xad4 Drivers/STM32F4xx_HAL_Driver/Src/stm32f4xx_hal_rcc.o
 .debug_info    0x00009e69      0xc34 Drivers/STM32F4xx_HAL_Driver/Src/stm32f4xx_hal_rcc_ex.o
 .debug_info    0x0000aa9d     0x31db Drivers/STM32F4xx_HAL_Driver/Src/stm32f4xx_hal_tim.o
 .debug_info    0x0000dc78     0x14e9 Drivers/STM32F4xx_HAL_Driver/Src/stm32f4xx_hal_tim_ex.o
 .debug_info    0x0000f161     0x171d Drivers/STM32F4xx_HAL_Driver/Src/stm32f4xx_hal_uart.o
 .debug_info    0x0001087e       0x22 startup/startup_stm32f446xx.o

.debug_abbrev   0x00000000     0x25e3
 .debug_abbrev  0x00000000      0x4ff Core/Src/main.o
 .debug_abbrev  0x000004ff       0xe4 Core/Src/stm32f4xx_it.o
 .debug_abbrev  0x000005e3      0x2d4 Core/Src/syscalls.o
 .debug_abbrev  0x000008b7      0x12b Core/Src/system_stm32f4xx.o
 .debug_abbrev  0x000009e2      0x36d Drivers/MiYALAB_STM32F446RE/TIM/MiYALAB_STM32F446RE_TIM.o
 .debug_abbrev  0x00000d4f      0x460 Drivers/MiYALAB_STM32F446RE/USART/MiYALAB_STM32F446RE_USART.o
 .debug_abbrev  0x000011af      0x1ed Drivers/STM32F4xx_HAL_Driver/Src/stm32f4xx_hal.o
 .debug_abbrev  0x0000139c      0x328 Drivers/STM32F4xx_HAL_Driver/Src/stm32f4xx_hal_cortex.o
 .debug_abbrev  0x000016c4      0x1e7 Drivers/STM32F4xx_HAL_Driver/Src/stm32f4xx_hal_gpio.o
 .debug_abbrev  0x000018ab      0x1bc Drivers/STM32F4xx_HAL_Driver/Src/stm32f4xx_hal_pwr_ex.o
 .debug_abbrev  0x00001a67      0x273 Drivers/STM32F4xx_HAL_Driver/Src/stm32f4xx_hal_rcc.o
 .debug_abbrev  0x00001cda      0x212 Drivers/STM32F4xx_HAL_Driver/Src/stm32f4xx_hal_rcc_ex.o
 .debug_abbrev  0x00001eec      0x226 Drivers/STM32F4xx_HAL_Driver/Src/stm32f4xx_hal_tim.o
 .debug_abbrev  0x00002112      0x237 Drivers/STM32F4xx_HAL_Driver/Src/stm32f4xx_hal_tim_ex.o
 .debug_abbrev  0x00002349      0x288 Drivers/STM32F4xx_HAL_Driver/Src/stm32f4xx_hal_uart.o
 .debug_abbrev  0x000025d1       0x12 startup/startup_stm32f446xx.o

.debug_loc      0x00000000     0x87aa
 .debug_loc     0x00000000      0x262 Core/Src/main.o
 .debug_loc     0x00000262      0x3af Core/Src/syscalls.o
 .debug_loc     0x00000611      0x13e Core/Src/system_stm32f4xx.o
 .debug_loc     0x0000074f      0x1b7 Drivers/MiYALAB_STM32F446RE/TIM/MiYALAB_STM32F446RE_TIM.o
 .debug_loc     0x00000906      0x2d8 Drivers/MiYALAB_STM32F446RE/USART/MiYALAB_STM32F446RE_USART.o
 .debug_loc     0x00000bde      0x11b Drivers/STM32F4xx_HAL_Driver/Src/stm32f4xx_hal.o
 .debug_loc     0x00000cf9      0x5ce Drivers/STM32F4xx_HAL_Driver/Src/stm32f4xx_hal_cortex.o
 .debug_loc     0x000012c7      0x476 Drivers/STM32F4xx_HAL_Driver/Src/stm32f4xx_hal_gpio.o
 .debug_loc     0x0000173d      0x13f Drivers/STM32F4xx_HAL_Driver/Src/stm32f4xx_hal_pwr_ex.o
 .debug_loc     0x0000187c      0x40f Drivers/STM32F4xx_HAL_Driver/Src/stm32f4xx_hal_rcc.o
 .debug_loc     0x00001c8b      0xb5e Drivers/STM32F4xx_HAL_Driver/Src/stm32f4xx_hal_rcc_ex.o
 .debug_loc     0x000027e9     0x3888 Drivers/STM32F4xx_HAL_Driver/Src/stm32f4xx_hal_tim.o
 .debug_loc     0x00006071     0x11a0 Drivers/STM32F4xx_HAL_Driver/Src/stm32f4xx_hal_tim_ex.o
 .debug_loc     0x00007211     0x1599 Drivers/STM32F4xx_HAL_Driver/Src/stm32f4xx_hal_uart.o

.debug_aranges  0x00000000      0xd40
 .debug_aranges
                0x00000000       0x80 Core/Src/main.o
 .debug_aranges
                0x00000080       0x60 Core/Src/stm32f4xx_it.o
 .debug_aranges
                0x000000e0       0xb0 Core/Src/syscalls.o
 .debug_aranges
                0x00000190       0x28 Core/Src/system_stm32f4xx.o
 .debug_aranges
                0x000001b8       0x68 Drivers/MiYALAB_STM32F446RE/TIM/MiYALAB_STM32F446RE_TIM.o
 .debug_aranges
                0x00000220       0xe0 Drivers/MiYALAB_STM32F446RE/USART/MiYALAB_STM32F446RE_USART.o
 .debug_aranges
                0x00000300       0xf0 Drivers/STM32F4xx_HAL_Driver/Src/stm32f4xx_hal.o
 .debug_aranges
                0x000003f0       0xa8 Drivers/STM32F4xx_HAL_Driver/Src/stm32f4xx_hal_cortex.o
 .debug_aranges
                0x00000498       0x58 Drivers/STM32F4xx_HAL_Driver/Src/stm32f4xx_hal_gpio.o
 .debug_aranges
                0x000004f0       0x60 Drivers/STM32F4xx_HAL_Driver/Src/stm32f4xx_hal_pwr_ex.o
 .debug_aranges
                0x00000550       0x88 Drivers/STM32F4xx_HAL_Driver/Src/stm32f4xx_hal_rcc.o
 .debug_aranges
                0x000005d8       0x78 Drivers/STM32F4xx_HAL_Driver/Src/stm32f4xx_hal_rcc_ex.o
 .debug_aranges
                0x00000650      0x3a8 Drivers/STM32F4xx_HAL_Driver/Src/stm32f4xx_hal_tim.o
 .debug_aranges
                0x000009f8      0x150 Drivers/STM32F4xx_HAL_Driver/Src/stm32f4xx_hal_tim_ex.o
 .debug_aranges
                0x00000b48      0x1d0 Drivers/STM32F4xx_HAL_Driver/Src/stm32f4xx_hal_uart.o
 .debug_aranges
                0x00000d18       0x28 startup/startup_stm32f446xx.o

.debug_ranges   0x00000000      0xcd8
 .debug_ranges  0x00000000       0x70 Core/Src/main.o
 .debug_ranges  0x00000070       0x50 Core/Src/stm32f4xx_it.o
 .debug_ranges  0x000000c0       0xa0 Core/Src/syscalls.o
 .debug_ranges  0x00000160       0x18 Core/Src/system_stm32f4xx.o
 .debug_ranges  0x00000178       0x58 Drivers/MiYALAB_STM32F446RE/TIM/MiYALAB_STM32F446RE_TIM.o
 .debug_ranges  0x000001d0       0xd0 Drivers/MiYALAB_STM32F446RE/USART/MiYALAB_STM32F446RE_USART.o
 .debug_ranges  0x000002a0       0xe0 Drivers/STM32F4xx_HAL_Driver/Src/stm32f4xx_hal.o
 .debug_ranges  0x00000380       0xf8 Drivers/STM32F4xx_HAL_Driver/Src/stm32f4xx_hal_cortex.o
 .debug_ranges  0x00000478       0x48 Drivers/STM32F4xx_HAL_Driver/Src/stm32f4xx_hal_gpio.o
 .debug_ranges  0x000004c0       0x50 Drivers/STM32F4xx_HAL_Driver/Src/stm32f4xx_hal_pwr_ex.o
 .debug_ranges  0x00000510       0x90 Drivers/STM32F4xx_HAL_Driver/Src/stm32f4xx_hal_rcc.o
 .debug_ranges  0x000005a0       0x80 Drivers/STM32F4xx_HAL_Driver/Src/stm32f4xx_hal_rcc_ex.o
 .debug_ranges  0x00000620      0x398 Drivers/STM32F4xx_HAL_Driver/Src/stm32f4xx_hal_tim.o
 .debug_ranges  0x000009b8      0x140 Drivers/STM32F4xx_HAL_Driver/Src/stm32f4xx_hal_tim_ex.o
 .debug_ranges  0x00000af8      0x1c0 Drivers/STM32F4xx_HAL_Driver/Src/stm32f4xx_hal_uart.o
 .debug_ranges  0x00000cb8       0x20 startup/startup_stm32f446xx.o

.debug_macro    0x00000000    0x255b1
 .debug_macro   0x00000000      0x383 Core/Src/main.o
 .debug_macro   0x00000383      0xb2c Core/Src/main.o
 .debug_macro   0x00000eaf       0x22 Core/Src/main.o
 .debug_macro   0x00000ed1       0x58 Core/Src/main.o
 .debug_macro   0x00000f29       0x18 Core/Src/main.o
 .debug_macro   0x00000f41       0x94 Core/Src/main.o
 .debug_macro   0x00000fd5       0x35 Core/Src/main.o
 .debug_macro   0x0000100a       0x34 Core/Src/main.o
 .debug_macro   0x0000103e       0x16 Core/Src/main.o
 .debug_macro   0x00001054       0x57 Core/Src/main.o
 .debug_macro   0x000010ab       0x97 Core/Src/main.o
 .debug_macro   0x00001142      0x353 Core/Src/main.o
 .debug_macro   0x00001495      0x104 Core/Src/main.o
 .debug_macro   0x00001599       0x10 Core/Src/main.o
 .debug_macro   0x000015a9       0x58 Core/Src/main.o
 .debug_macro   0x00001601       0x1f Core/Src/main.o
 .debug_macro   0x00001620       0x43 Core/Src/main.o
 .debug_macro   0x00001663       0x20 Core/Src/main.o
 .debug_macro   0x00001683      0x18e Core/Src/main.o
 .debug_macro   0x00001811       0x10 Core/Src/main.o
 .debug_macro   0x00001821       0x6a Core/Src/main.o
 .debug_macro   0x0000188b       0x1c Core/Src/main.o
 .debug_macro   0x000018a7       0x52 Core/Src/main.o
 .debug_macro   0x000018f9       0x40 Core/Src/main.o
 .debug_macro   0x00001939       0x10 Core/Src/main.o
 .debug_macro   0x00001949       0x40 Core/Src/main.o
 .debug_macro   0x00001989       0xd7 Core/Src/main.o
 .debug_macro   0x00001a60       0x1c Core/Src/main.o
 .debug_macro   0x00001a7c       0x3d Core/Src/main.o
 .debug_macro   0x00001ab9       0x16 Core/Src/main.o
 .debug_macro   0x00001acf      0x137 Core/Src/main.o
 .debug_macro   0x00001c06       0x2e Core/Src/main.o
 .debug_macro   0x00001c34       0x28 Core/Src/main.o
 .debug_macro   0x00001c5c       0x1c Core/Src/main.o
 .debug_macro   0x00001c78       0xef Core/Src/main.o
 .debug_macro   0x00001d67      0x1df Core/Src/main.o
 .debug_macro   0x00001f46       0x1c Core/Src/main.o
 .debug_macro   0x00001f62       0x22 Core/Src/main.o
 .debug_macro   0x00001f84       0xd9 Core/Src/main.o
 .debug_macro   0x0000205d     0x102d Core/Src/main.o
 .debug_macro   0x0000308a      0x11f Core/Src/main.o
 .debug_macro   0x000031a9    0x1672d Core/Src/main.o
 .debug_macro   0x000198d6       0x43 Core/Src/main.o
 .debug_macro   0x00019919      0x2a0 Core/Src/main.o
 .debug_macro   0x00019bb9     0x3659 Core/Src/main.o
 .debug_macro   0x0001d212       0x54 Core/Src/main.o
 .debug_macro   0x0001d266      0xc90 Core/Src/main.o
 .debug_macro   0x0001def6      0x9fe Core/Src/main.o
 .debug_macro   0x0001e8f4      0x117 Core/Src/main.o
 .debug_macro   0x0001ea0b      0x1a0 Core/Src/main.o
 .debug_macro   0x0001ebab       0x27 Core/Src/main.o
 .debug_macro   0x0001ebd2      0x16d Core/Src/main.o
 .debug_macro   0x0001ed3f      0x287 Core/Src/main.o
 .debug_macro   0x0001efc6       0x5f Core/Src/main.o
 .debug_macro   0x0001f025      0x236 Core/Src/main.o
 .debug_macro   0x0001f25b      0x391 Core/Src/main.o
 .debug_macro   0x0001f5ec      0x17d Core/Src/main.o
 .debug_macro   0x0001f769       0xf9 Core/Src/main.o
 .debug_macro   0x0001f862      0x132 Core/Src/main.o
 .debug_macro   0x0001f994      0x29c Core/Src/main.o
 .debug_macro   0x0001fc30       0x2e Core/Src/main.o
 .debug_macro   0x0001fc5e      0x11a Core/Src/main.o
 .debug_macro   0x0001fd78       0xe8 Core/Src/main.o
 .debug_macro   0x0001fe60       0x89 Core/Src/main.o
 .debug_macro   0x0001fee9      0x225 Core/Src/main.o
 .debug_macro   0x0002010e      0x8a0 Core/Src/main.o
 .debug_macro   0x000209ae       0x4d Core/Src/main.o
 .debug_macro   0x000209fb      0x287 Core/Src/main.o
 .debug_macro   0x00020c82      0x126 Core/Src/main.o
 .debug_macro   0x00020da8       0x10 Core/Src/main.o
 .debug_macro   0x00020db8       0x10 Core/Src/main.o
 .debug_macro   0x00020dc8       0x1c Core/Src/main.o
 .debug_macro   0x00020de4      0x1fb Core/Src/stm32f4xx_it.o
 .debug_macro   0x00020fdf      0xa54 Core/Src/stm32f4xx_it.o
 .debug_macro   0x00021a33       0x8e Core/Src/stm32f4xx_it.o
 .debug_macro   0x00021ac1       0x51 Core/Src/stm32f4xx_it.o
 .debug_macro   0x00021b12       0xdf Core/Src/stm32f4xx_it.o
 .debug_macro   0x00021bf1     0x102d Core/Src/stm32f4xx_it.o
 .debug_macro   0x00022c1e      0x174 Core/Src/stm32f4xx_it.o
 .debug_macro   0x00022d92       0x5a Core/Src/stm32f4xx_it.o
 .debug_macro   0x00022dec      0x243 Core/Src/syscalls.o
 .debug_macro   0x0002302f       0x34 Core/Src/syscalls.o
 .debug_macro   0x00023063      0x330 Core/Src/syscalls.o
 .debug_macro   0x00023393       0x43 Core/Src/syscalls.o
 .debug_macro   0x000233d6       0x10 Core/Src/syscalls.o
 .debug_macro   0x000233e6       0x35 Core/Src/syscalls.o
 .debug_macro   0x0002341b       0x10 Core/Src/syscalls.o
 .debug_macro   0x0002342b       0x10 Core/Src/syscalls.o
 .debug_macro   0x0002343b       0x35 Core/Src/syscalls.o
 .debug_macro   0x00023470      0x122 Core/Src/syscalls.o
 .debug_macro   0x00023592       0x16 Core/Src/syscalls.o
 .debug_macro   0x000235a8       0x16 Core/Src/syscalls.o
 .debug_macro   0x000235be       0x29 Core/Src/syscalls.o
 .debug_macro   0x000235e7       0x10 Core/Src/syscalls.o
 .debug_macro   0x000235f7      0x241 Core/Src/syscalls.o
 .debug_macro   0x00023838       0x1c Core/Src/syscalls.o
 .debug_macro   0x00023854       0x10 Core/Src/syscalls.o
 .debug_macro   0x00023864      0x16f Core/Src/syscalls.o
 .debug_macro   0x000239d3      0x189 Core/Src/syscalls.o
 .debug_macro   0x00023b5c       0x16 Core/Src/syscalls.o
 .debug_macro   0x00023b72       0x88 Core/Src/syscalls.o
 .debug_macro   0x00023bfa      0x1f7 Core/Src/system_stm32f4xx.o
 .debug_macro   0x00023df1      0x1ff Drivers/MiYALAB_STM32F446RE/TIM/MiYALAB_STM32F446RE_TIM.o
 .debug_macro   0x00023ff0      0x354 Drivers/MiYALAB_STM32F446RE/USART/MiYALAB_STM32F446RE_USART.o
 .debug_macro   0x00024344       0x10 Drivers/MiYALAB_STM32F446RE/USART/MiYALAB_STM32F446RE_USART.o
 .debug_macro   0x00024354       0x10 Drivers/MiYALAB_STM32F446RE/USART/MiYALAB_STM32F446RE_USART.o
 .debug_macro   0x00024364      0x251 Drivers/STM32F4xx_HAL_Driver/Src/stm32f4xx_hal.o
 .debug_macro   0x000245b5      0x1f1 Drivers/STM32F4xx_HAL_Driver/Src/stm32f4xx_hal_cortex.o
 .debug_macro   0x000247a6      0x227 Drivers/STM32F4xx_HAL_Driver/Src/stm32f4xx_hal_gpio.o
 .debug_macro   0x000249cd      0x209 Drivers/STM32F4xx_HAL_Driver/Src/stm32f4xx_hal_pwr_ex.o
 .debug_macro   0x00024bd6      0x215 Drivers/STM32F4xx_HAL_Driver/Src/stm32f4xx_hal_rcc.o
 .debug_macro   0x00024deb      0x1f1 Drivers/STM32F4xx_HAL_Driver/Src/stm32f4xx_hal_rcc_ex.o
 .debug_macro   0x00024fdc      0x1f2 Drivers/STM32F4xx_HAL_Driver/Src/stm32f4xx_hal_tim.o
 .debug_macro   0x000251ce      0x1f1 Drivers/STM32F4xx_HAL_Driver/Src/stm32f4xx_hal_tim_ex.o
 .debug_macro   0x000253bf      0x1f2 Drivers/STM32F4xx_HAL_Driver/Src/stm32f4xx_hal_uart.o

.debug_line     0x00000000     0xa97b
 .debug_line    0x00000000      0xbef Core/Src/main.o
 .debug_line    0x00000bef      0x822 Core/Src/stm32f4xx_it.o
 .debug_line    0x00001411      0x5d6 Core/Src/syscalls.o
 .debug_line    0x000019e7      0x7c2 Core/Src/system_stm32f4xx.o
 .debug_line    0x000021a9      0x8e4 Drivers/MiYALAB_STM32F446RE/TIM/MiYALAB_STM32F446RE_TIM.o
 .debug_line    0x00002a8d      0xadf Drivers/MiYALAB_STM32F446RE/USART/MiYALAB_STM32F446RE_USART.o
 .debug_line    0x0000356c      0x99f Drivers/STM32F4xx_HAL_Driver/Src/stm32f4xx_hal.o
 .debug_line    0x00003f0b      0x9f1 Drivers/STM32F4xx_HAL_Driver/Src/stm32f4xx_hal_cortex.o
 .debug_line    0x000048fc      0x91d Drivers/STM32F4xx_HAL_Driver/Src/stm32f4xx_hal_gpio.o
 .debug_line    0x00005219      0x88a Drivers/STM32F4xx_HAL_Driver/Src/stm32f4xx_hal_pwr_ex.o
 .debug_line    0x00005aa3      0xa32 Drivers/STM32F4xx_HAL_Driver/Src/stm32f4xx_hal_rcc.o
 .debug_line    0x000064d5      0xbd6 Drivers/STM32F4xx_HAL_Driver/Src/stm32f4xx_hal_rcc_ex.o
 .debug_line    0x000070ab     0x198a Drivers/STM32F4xx_HAL_Driver/Src/stm32f4xx_hal_tim.o
 .debug_line    0x00008a35      0xdda Drivers/STM32F4xx_HAL_Driver/Src/stm32f4xx_hal_tim_ex.o
 .debug_line    0x0000980f     0x10ee Drivers/STM32F4xx_HAL_Driver/Src/stm32f4xx_hal_uart.o
 .debug_line    0x0000a8fd       0x7e startup/startup_stm32f446xx.o

.debug_str      0x00000000    0xd759b
 .debug_str     0x00000000    0xd2521 Core/Src/main.o
                              0xd2a7f (size before relaxing)
 .debug_str     0x000d2521      0x2a7 Core/Src/stm32f4xx_it.o
                              0xcd93d (size before relaxing)
 .debug_str     0x000d27c8     0x13c9 Core/Src/syscalls.o
                               0x85bc (size before relaxing)
 .debug_str     0x000d3b91       0xc4 Core/Src/system_stm32f4xx.o
                              0xcda59 (size before relaxing)
 .debug_str     0x000d3c55      0xc89 Drivers/MiYALAB_STM32F446RE/TIM/MiYALAB_STM32F446RE_TIM.o
                              0xcf077 (size before relaxing)
 .debug_str     0x000d48de      0x5ad Drivers/MiYALAB_STM32F446RE/USART/MiYALAB_STM32F446RE_USART.o
                              0xd2a47 (size before relaxing)
 .debug_str     0x000d4e8b      0x580 Drivers/STM32F4xx_HAL_Driver/Src/stm32f4xx_hal.o
                              0xce5ac (size before relaxing)
 .debug_str     0x000d540b      0x31a Drivers/STM32F4xx_HAL_Driver/Src/stm32f4xx_hal_cortex.o
                              0xce331 (size before relaxing)
 .debug_str     0x000d5725      0x1de Drivers/STM32F4xx_HAL_Driver/Src/stm32f4xx_hal_gpio.o
                              0xcdc98 (size before relaxing)
 .debug_str     0x000d5903      0x135 Drivers/STM32F4xx_HAL_Driver/Src/stm32f4xx_hal_pwr_ex.o
                              0xcdc48 (size before relaxing)
 .debug_str     0x000d5a38      0x267 Drivers/STM32F4xx_HAL_Driver/Src/stm32f4xx_hal_rcc.o
                              0xcde72 (size before relaxing)
 .debug_str     0x000d5c9f      0x31c Drivers/STM32F4xx_HAL_Driver/Src/stm32f4xx_hal_rcc_ex.o
                              0xcdeb6 (size before relaxing)
 .debug_str     0x000d5fbb      0xcbe Drivers/STM32F4xx_HAL_Driver/Src/stm32f4xx_hal_tim.o
                              0xceb93 (size before relaxing)
 .debug_str     0x000d6c79      0x3d5 Drivers/STM32F4xx_HAL_Driver/Src/stm32f4xx_hal_tim_ex.o
                              0xce3ab (size before relaxing)
 .debug_str     0x000d704e      0x51e Drivers/STM32F4xx_HAL_Driver/Src/stm32f4xx_hal_uart.o
                              0xce2f7 (size before relaxing)
 .debug_str     0x000d756c       0x2f startup/startup_stm32f446xx.o
                                 0x7c (size before relaxing)

.comment        0x00000000       0x7f
 .comment       0x00000000       0x7f Core/Src/main.o
                                 0x80 (size before relaxing)
 .comment       0x0000007f       0x80 Core/Src/stm32f4xx_it.o
 .comment       0x0000007f       0x80 Core/Src/syscalls.o
 .comment       0x0000007f       0x80 Core/Src/system_stm32f4xx.o
 .comment       0x0000007f       0x80 Drivers/MiYALAB_STM32F446RE/TIM/MiYALAB_STM32F446RE_TIM.o
 .comment       0x0000007f       0x80 Drivers/MiYALAB_STM32F446RE/USART/MiYALAB_STM32F446RE_USART.o
 .comment       0x0000007f       0x80 Drivers/STM32F4xx_HAL_Driver/Src/stm32f4xx_hal.o
 .comment       0x0000007f       0x80 Drivers/STM32F4xx_HAL_Driver/Src/stm32f4xx_hal_cortex.o
 .comment       0x0000007f       0x80 Drivers/STM32F4xx_HAL_Driver/Src/stm32f4xx_hal_gpio.o
 .comment       0x0000007f       0x80 Drivers/STM32F4xx_HAL_Driver/Src/stm32f4xx_hal_pwr_ex.o
 .comment       0x0000007f       0x80 Drivers/STM32F4xx_HAL_Driver/Src/stm32f4xx_hal_rcc.o
 .comment       0x0000007f       0x80 Drivers/STM32F4xx_HAL_Driver/Src/stm32f4xx_hal_rcc_ex.o
 .comment       0x0000007f       0x80 Drivers/STM32F4xx_HAL_Driver/Src/stm32f4xx_hal_tim.o
 .comment       0x0000007f       0x80 Drivers/STM32F4xx_HAL_Driver/Src/stm32f4xx_hal_tim_ex.o
 .comment       0x0000007f       0x80 Drivers/STM32F4xx_HAL_Driver/Src/stm32f4xx_hal_uart.o

.debug_frame    0x00000000     0x28b4
 .debug_frame   0x00000000      0x144 Core/Src/main.o
 .debug_frame   0x00000144       0xa8 Core/Src/stm32f4xx_it.o
 .debug_frame   0x000001ec      0x1a8 Core/Src/syscalls.o
 .debug_frame   0x00000394       0x30 Core/Src/system_stm32f4xx.o
 .debug_frame   0x000003c4      0x128 Drivers/MiYALAB_STM32F446RE/TIM/MiYALAB_STM32F446RE_TIM.o
 .debug_frame   0x000004ec      0x284 Drivers/MiYALAB_STM32F446RE/USART/MiYALAB_STM32F446RE_USART.o
 .debug_frame   0x00000770      0x1ec Drivers/STM32F4xx_HAL_Driver/Src/stm32f4xx_hal.o
 .debug_frame   0x0000095c      0x15c Drivers/STM32F4xx_HAL_Driver/Src/stm32f4xx_hal_cortex.o
 .debug_frame   0x00000ab8       0xd8 Drivers/STM32F4xx_HAL_Driver/Src/stm32f4xx_hal_gpio.o
 .debug_frame   0x00000b90       0xec Drivers/STM32F4xx_HAL_Driver/Src/stm32f4xx_hal_pwr_ex.o
 .debug_frame   0x00000c7c      0x184 Drivers/STM32F4xx_HAL_Driver/Src/stm32f4xx_hal_rcc.o
 .debug_frame   0x00000e00      0x148 Drivers/STM32F4xx_HAL_Driver/Src/stm32f4xx_hal_rcc_ex.o
 .debug_frame   0x00000f48      0xa7c Drivers/STM32F4xx_HAL_Driver/Src/stm32f4xx_hal_tim.o
 .debug_frame   0x000019c4      0x3b4 Drivers/STM32F4xx_HAL_Driver/Src/stm32f4xx_hal_tim_ex.o
 .debug_frame   0x00001d78      0x4f0 Drivers/STM32F4xx_HAL_Driver/Src/stm32f4xx_hal_uart.o
 .debug_frame   0x00002268       0x20 c:/ac6/systemworkbench/plugins/fr.ac6.mcu.externaltools.arm-none.win32_1.17.0.201812190825/tools/compiler/bin/../lib/gcc/arm-none-eabi/7.3.1/../../../../arm-none-eabi/lib/thumb/v7e-m/fpv4-sp/hard\libstdc++_nano.a(atexit_arm.o)
 .debug_frame   0x00002288       0x2c c:/ac6/systemworkbench/plugins/fr.ac6.mcu.externaltools.arm-none.win32_1.17.0.201812190825/tools/compiler/bin/../lib/gcc/arm-none-eabi/7.3.1/thumb/v7e-m/fpv4-sp/hard\libgcc.a(_aeabi_uldivmod.o)
 .debug_frame   0x000022b4       0x34 c:/ac6/systemworkbench/plugins/fr.ac6.mcu.externaltools.arm-none.win32_1.17.0.201812190825/tools/compiler/bin/../lib/gcc/arm-none-eabi/7.3.1/thumb/v7e-m/fpv4-sp/hard\libgcc.a(_udivmoddi4.o)
 .debug_frame   0x000022e8       0x28 c:/ac6/systemworkbench/plugins/fr.ac6.mcu.externaltools.arm-none.win32_1.17.0.201812190825/tools/compiler/bin/../lib/gcc/arm-none-eabi/7.3.1/../../../../arm-none-eabi/lib/thumb/v7e-m/fpv4-sp/hard\libc_nano.a(lib_a-cxa_atexit.o)
 .debug_frame   0x00002310       0x20 c:/ac6/systemworkbench/plugins/fr.ac6.mcu.externaltools.arm-none.win32_1.17.0.201812190825/tools/compiler/bin/../lib/gcc/arm-none-eabi/7.3.1/../../../../arm-none-eabi/lib/thumb/v7e-m/fpv4-sp/hard\libc_nano.a(lib_a-errno.o)
 .debug_frame   0x00002330       0x2c c:/ac6/systemworkbench/plugins/fr.ac6.mcu.externaltools.arm-none.win32_1.17.0.201812190825/tools/compiler/bin/../lib/gcc/arm-none-eabi/7.3.1/../../../../arm-none-eabi/lib/thumb/v7e-m/fpv4-sp/hard\libc_nano.a(lib_a-init.o)
 .debug_frame   0x0000235c       0x20 c:/ac6/systemworkbench/plugins/fr.ac6.mcu.externaltools.arm-none.win32_1.17.0.201812190825/tools/compiler/bin/../lib/gcc/arm-none-eabi/7.3.1/../../../../arm-none-eabi/lib/thumb/v7e-m/fpv4-sp/hard\libc_nano.a(lib_a-memset.o)
 .debug_frame   0x0000237c       0x20 c:/ac6/systemworkbench/plugins/fr.ac6.mcu.externaltools.arm-none.win32_1.17.0.201812190825/tools/compiler/bin/../lib/gcc/arm-none-eabi/7.3.1/../../../../arm-none-eabi/lib/thumb/v7e-m/fpv4-sp/hard\libc_nano.a(lib_a-setbuf.o)
 .debug_frame   0x0000239c       0x38 c:/ac6/systemworkbench/plugins/fr.ac6.mcu.externaltools.arm-none.win32_1.17.0.201812190825/tools/compiler/bin/../lib/gcc/arm-none-eabi/7.3.1/../../../../arm-none-eabi/lib/thumb/v7e-m/fpv4-sp/hard\libc_nano.a(lib_a-setvbuf.o)
 .debug_frame   0x000023d4       0x68 c:/ac6/systemworkbench/plugins/fr.ac6.mcu.externaltools.arm-none.win32_1.17.0.201812190825/tools/compiler/bin/../lib/gcc/arm-none-eabi/7.3.1/../../../../arm-none-eabi/lib/thumb/v7e-m/fpv4-sp/hard\libc_nano.a(lib_a-fflush.o)
 .debug_frame   0x0000243c      0x11c c:/ac6/systemworkbench/plugins/fr.ac6.mcu.externaltools.arm-none.win32_1.17.0.201812190825/tools/compiler/bin/../lib/gcc/arm-none-eabi/7.3.1/../../../../arm-none-eabi/lib/thumb/v7e-m/fpv4-sp/hard\libc_nano.a(lib_a-findfp.o)
 .debug_frame   0x00002558       0x54 c:/ac6/systemworkbench/plugins/fr.ac6.mcu.externaltools.arm-none.win32_1.17.0.201812190825/tools/compiler/bin/../lib/gcc/arm-none-eabi/7.3.1/../../../../arm-none-eabi/lib/thumb/v7e-m/fpv4-sp/hard\libc_nano.a(lib_a-fwalk.o)
 .debug_frame   0x000025ac       0x58 c:/ac6/systemworkbench/plugins/fr.ac6.mcu.externaltools.arm-none.win32_1.17.0.201812190825/tools/compiler/bin/../lib/gcc/arm-none-eabi/7.3.1/../../../../arm-none-eabi/lib/thumb/v7e-m/fpv4-sp/hard\libc_nano.a(lib_a-makebuf.o)
 .debug_frame   0x00002604       0x30 c:/ac6/systemworkbench/plugins/fr.ac6.mcu.externaltools.arm-none.win32_1.17.0.201812190825/tools/compiler/bin/../lib/gcc/arm-none-eabi/7.3.1/../../../../arm-none-eabi/lib/thumb/v7e-m/fpv4-sp/hard\libc_nano.a(lib_a-malloc.o)
 .debug_frame   0x00002634       0x38 c:/ac6/systemworkbench/plugins/fr.ac6.mcu.externaltools.arm-none.win32_1.17.0.201812190825/tools/compiler/bin/../lib/gcc/arm-none-eabi/7.3.1/../../../../arm-none-eabi/lib/thumb/v7e-m/fpv4-sp/hard\libc_nano.a(lib_a-nano-freer.o)
 .debug_frame   0x0000266c       0x2c c:/ac6/systemworkbench/plugins/fr.ac6.mcu.externaltools.arm-none.win32_1.17.0.201812190825/tools/compiler/bin/../lib/gcc/arm-none-eabi/7.3.1/../../../../arm-none-eabi/lib/thumb/v7e-m/fpv4-sp/hard\libc_nano.a(lib_a-nano-mallocr.o)
 .debug_frame   0x00002698       0x2c c:/ac6/systemworkbench/plugins/fr.ac6.mcu.externaltools.arm-none.win32_1.17.0.201812190825/tools/compiler/bin/../lib/gcc/arm-none-eabi/7.3.1/../../../../arm-none-eabi/lib/thumb/v7e-m/fpv4-sp/hard\libc_nano.a(lib_a-sbrkr.o)
 .debug_frame   0x000026c4       0x88 c:/ac6/systemworkbench/plugins/fr.ac6.mcu.externaltools.arm-none.win32_1.17.0.201812190825/tools/compiler/bin/../lib/gcc/arm-none-eabi/7.3.1/../../../../arm-none-eabi/lib/thumb/v7e-m/fpv4-sp/hard\libc_nano.a(lib_a-stdio.o)
 .debug_frame   0x0000274c       0x2c c:/ac6/systemworkbench/plugins/fr.ac6.mcu.externaltools.arm-none.win32_1.17.0.201812190825/tools/compiler/bin/../lib/gcc/arm-none-eabi/7.3.1/../../../../arm-none-eabi/lib/thumb/v7e-m/fpv4-sp/hard\libc_nano.a(lib_a-writer.o)
 .debug_frame   0x00002778       0x2c c:/ac6/systemworkbench/plugins/fr.ac6.mcu.externaltools.arm-none.win32_1.17.0.201812190825/tools/compiler/bin/../lib/gcc/arm-none-eabi/7.3.1/../../../../arm-none-eabi/lib/thumb/v7e-m/fpv4-sp/hard\libc_nano.a(lib_a-closer.o)
 .debug_frame   0x000027a4       0x2c c:/ac6/systemworkbench/plugins/fr.ac6.mcu.externaltools.arm-none.win32_1.17.0.201812190825/tools/compiler/bin/../lib/gcc/arm-none-eabi/7.3.1/../../../../arm-none-eabi/lib/thumb/v7e-m/fpv4-sp/hard\libc_nano.a(lib_a-fstatr.o)
 .debug_frame   0x000027d0       0x2c c:/ac6/systemworkbench/plugins/fr.ac6.mcu.externaltools.arm-none.win32_1.17.0.201812190825/tools/compiler/bin/../lib/gcc/arm-none-eabi/7.3.1/../../../../arm-none-eabi/lib/thumb/v7e-m/fpv4-sp/hard\libc_nano.a(lib_a-lseekr.o)
 .debug_frame   0x000027fc       0x30 c:/ac6/systemworkbench/plugins/fr.ac6.mcu.externaltools.arm-none.win32_1.17.0.201812190825/tools/compiler/bin/../lib/gcc/arm-none-eabi/7.3.1/../../../../arm-none-eabi/lib/thumb/v7e-m/fpv4-sp/hard\libc_nano.a(lib_a-mlock.o)
 .debug_frame   0x0000282c       0x2c c:/ac6/systemworkbench/plugins/fr.ac6.mcu.externaltools.arm-none.win32_1.17.0.201812190825/tools/compiler/bin/../lib/gcc/arm-none-eabi/7.3.1/../../../../arm-none-eabi/lib/thumb/v7e-m/fpv4-sp/hard\libc_nano.a(lib_a-readr.o)
 .debug_frame   0x00002858       0x5c c:/ac6/systemworkbench/plugins/fr.ac6.mcu.externaltools.arm-none.win32_1.17.0.201812190825/tools/compiler/bin/../lib/gcc/arm-none-eabi/7.3.1/../../../../arm-none-eabi/lib/thumb/v7e-m/fpv4-sp/hard\libc_nano.a(lib_a-reent.o)
