09:13:27 **** インクリメンタル・ビルド of configuration Debug for project nucleo32_f303k8 ****
make -j4 all 
Building file: ../Drivers/MiYALAB_STM32F303K8/TIM/Encoder.cpp
Building file: ../Drivers/MiYALAB_STM32F303K8/TIM/Pwm.cpp
Invoking: MCU G++ Compiler
Invoking: MCU G++ Compiler
C:\Users\miyak\Documents\GitHub\DefaultProjectForSTM32\nucleo32_f303k8\Debug
arm-none-eabi-g++ -mcpu=cortex-m4 -mthumb -mfloat-abi=hard -mfpu=fpv4-sp-d16 -DUSE_HAL_DRIVER -DSTM32F303x8 -I"C:/Users/miyak/Documents/GitHub/DefaultProjectForSTM32/nucleo32_f303k8/Core/Inc" -I"C:/Users/miyak/Documents/GitHub/DefaultProjectForSTM32/nucleo32_f303k8/Drivers/MiYALAB_STM32F303K8" -I"C:/Users/miyak/Documents/GitHub/DefaultProjectForSTM32/nucleo32_f303k8/Drivers/STM32F3xx_HAL_Driver/Inc" -I"C:/Users/miyak/Documents/GitHub/DefaultProjectForSTM32/nucleo32_f303k8/Drivers/STM32F3xx_HAL_Driver/Inc/Legacy" -I"C:/Users/miyak/Documents/GitHub/DefaultProjectForSTM32/nucleo32_f303k8/Drivers/CMSIS/Device/ST/STM32F3xx/Include" -I"C:/Users/miyak/Documents/GitHub/DefaultProjectForSTM32/nucleo32_f303k8/Drivers/CMSIS/Include"  -Og -g3 -Wall -fmessage-length=0 -ffunction-sections -c -fno-exceptions -fno-rtti -MMD -MP -MF"Drivers/MiYALAB_STM32F303K8/TIM/Encoder.d" -MT"Drivers/MiYALAB_STM32F303K8/TIM/Encoder.o" -o "Drivers/MiYALAB_STM32F303K8/TIM/Encoder.o" "../Drivers/MiYALAB_STM32F303K8/TIM/Encoder.cpp"
C:\Users\miyak\Documents\GitHub\DefaultProjectForSTM32\nucleo32_f303k8\Debug
arm-none-eabi-g++ -mcpu=cortex-m4 -mthumb -mfloat-abi=hard -mfpu=fpv4-sp-d16 -DUSE_HAL_DRIVER -DSTM32F303x8 -I"C:/Users/miyak/Documents/GitHub/DefaultProjectForSTM32/nucleo32_f303k8/Core/Inc" -I"C:/Users/miyak/Documents/GitHub/DefaultProjectForSTM32/nucleo32_f303k8/Drivers/MiYALAB_STM32F303K8" -I"C:/Users/miyak/Documents/GitHub/DefaultProjectForSTM32/nucleo32_f303k8/Drivers/STM32F3xx_HAL_Driver/Inc" -I"C:/Users/miyak/Documents/GitHub/DefaultProjectForSTM32/nucleo32_f303k8/Drivers/STM32F3xx_HAL_Driver/Inc/Legacy" -I"C:/Users/miyak/Documents/GitHub/DefaultProjectForSTM32/nucleo32_f303k8/Drivers/CMSIS/Device/ST/STM32F3xx/Include" -I"C:/Users/miyak/Documents/GitHub/DefaultProjectForSTM32/nucleo32_f303k8/Drivers/CMSIS/Include"  -Og -g3 -Wall -fmessage-length=0 -ffunction-sections -c -fno-exceptions -fno-rtti -MMD -MP -MF"Drivers/MiYALAB_STM32F303K8/TIM/Pwm.d" -MT"Drivers/MiYALAB_STM32F303K8/TIM/Pwm.o" -o "Drivers/MiYALAB_STM32F303K8/TIM/Pwm.o" "../Drivers/MiYALAB_STM32F303K8/TIM/Pwm.cpp"
Finished building: ../Drivers/MiYALAB_STM32F303K8/TIM/Encoder.cpp
 
Finished building: ../Drivers/MiYALAB_STM32F303K8/TIM/Pwm.cpp
 
Building target: nucleo32_f303k8.elf
Invoking: MCU G++ Linker
arm-none-eabi-g++ -mcpu=cortex-m4 -mthumb -mfloat-abi=hard -mfpu=fpv4-sp-d16 -specs=nosys.specs -specs=nano.specs -T"../STM32F303K8Tx_FLASH.ld" -Wl,-Map=output.map -Wl,--gc-sections -fno-exceptions -fno-rtti -o "nucleo32_f303k8.elf" @"objects.list"   -lm
Finished building target: nucleo32_f303k8.elf
 
make --no-print-directory post-build
Generating hex and Printing size information:
arm-none-eabi-objcopy -O ihex "nucleo32_f303k8.elf" "nucleo32_f303k8.hex"
arm-none-eabi-size "nucleo32_f303k8.elf"
   text	   data	    bss	    dec	    hex	filename
  10316	    128	   1852	  12296	   3008	nucleo32_f303k8.elf
 

09:13:30 Build Finished (took 3s.78ms)

